Component: ARM Compiler 5.06 update 6 (build 750) Tool: armlink [4d35ed]

==============================================================================

Section Cross References

    flash.o(i.STMFLASH_EraseSector) refers to flash.o(i.STMFLASH_WaitDone) for STMFLASH_WaitDone
    flash.o(i.STMFLASH_WaitDone) refers to flash.o(i.STMFLASH_GetStatus) for STMFLASH_GetStatus
    flash.o(i.STMFLASH_WaitDone) refers to stm32f4xx_hal.o(i.HAL_Delay) for HAL_Delay
    flash.o(i.STMFLASH_Write) refers to flash.o(i.STMFLASH_Unlock) for STMFLASH_Unlock
    flash.o(i.STMFLASH_Write) refers to flash.o(i.STMFLASH_GetFlashSector) for STMFLASH_GetFlashSector
    flash.o(i.STMFLASH_Write) refers to flash.o(i.STMFLASH_EraseSector) for STMFLASH_EraseSector
    flash.o(i.STMFLASH_Write) refers to flash.o(i.STMFLASH_WriteWord) for STMFLASH_WriteWord
    flash.o(i.STMFLASH_Write) refers to flash.o(i.STMFLASH_Lock) for STMFLASH_Lock
    flash.o(i.STMFLASH_WriteWord) refers to flash.o(i.STMFLASH_WaitDone) for STMFLASH_WaitDone
    flash.o(i.read_data_from_flash) refers to stm32f4xx_hal.o(i.HAL_Delay) for HAL_Delay
    flash.o(i.read_data_from_flash) refers to flash.o(i.STMFLASH_Write) for STMFLASH_Write
    flash.o(i.read_data_from_flash) refers to flash.o(i.STMFLASH_Read) for STMFLASH_Read
    flash.o(i.read_data_from_flash) refers to master_manage.o(.data) for zone_struct
    flash.o(i.read_data_from_flash) refers to alarm.o(.data) for zone1_trigger_delay_time
    flash.o(i.read_data_from_flash) refers to alarm.o(.data) for zone2_trigger_delay_time
    flash.o(i.read_data_from_flash) refers to alarm.o(.data) for zone2_alarm_reset_time
    flash.o(i.read_data_from_flash) refers to alarm.o(.data) for demolition_alarm_reset_time
    flash.o(i.read_data_from_flash) refers to lwip.o(.data) for IP_ADDRESS
    flash.o(i.read_data_from_flash) refers to flash.o(.bss) for .bss
    flash.o(i.read_data_from_flash) refers to alarm.o(.data) for zone1_alarm_reset_time
    flash.o(i.read_data_from_flash) refers to udp_client.o(.data) for udp_port_num
    flash.o(i.read_data_from_flash) refers to tcp_client.o(.data) for tcp_port_num
    flash.o(i.read_data_from_flash) refers to master_manage.o(.data) for local_address_set_buff
    flash.o(i.read_data_from_flash) refers to master_manage.o(.data) for subnet_mask_set_buff
    flash.o(i.read_data_from_flash) refers to master_manage.o(.data) for gateway_address_set_buff
    flash.o(i.read_data_from_flash) refers to master_manage.o(.data) for remote_address_set_buff
    flash.o(i.read_data_from_flash) refers to master_manage.o(.data) for remote_port_set_buff
    flash.o(i.write_flash_process) refers to flash.o(i.STMFLASH_Write) for STMFLASH_Write
    flash.o(i.write_flash_process) refers to flash.o(.data) for .data
    flash.o(i.write_flash_process) refers to flash.o(.bss) for .bss
    tcp_client.o(i.tcp_client_connect) refers to tcp.o(i.tcp_new) for tcp_new
    tcp_client.o(i.tcp_client_connect) refers to tcp.o(i.tcp_connect) for tcp_connect
    tcp_client.o(i.tcp_client_connect) refers to tcp_client.o(.data) for .data
    tcp_client.o(i.tcp_client_connect) refers to tcp_client.o(i.tcp_client_connected) for tcp_client_connected
    tcp_client.o(i.tcp_client_connected) refers to tcp_client.o(i.tcp_client_connection_close) for tcp_client_connection_close
    tcp_client.o(i.tcp_client_connected) refers to mem.o(i.mem_malloc) for mem_malloc
    tcp_client.o(i.tcp_client_connected) refers to tcp.o(i.tcp_arg) for tcp_arg
    tcp_client.o(i.tcp_client_connected) refers to tcp.o(i.tcp_recv) for tcp_recv
    tcp_client.o(i.tcp_client_connected) refers to tcp.o(i.tcp_err) for tcp_err
    tcp_client.o(i.tcp_client_connected) refers to tcp.o(i.tcp_sent) for tcp_sent
    tcp_client.o(i.tcp_client_connected) refers to tcp.o(i.tcp_poll) for tcp_poll
    tcp_client.o(i.tcp_client_connected) refers to tcp_out.o(i.tcp_write) for tcp_write
    tcp_client.o(i.tcp_client_connected) refers to tcp_client.o(i.tcp_client_recv) for tcp_client_recv
    tcp_client.o(i.tcp_client_connected) refers to tcp_client.o(i.tcp_client_error) for tcp_client_error
    tcp_client.o(i.tcp_client_connected) refers to tcp_client.o(i.tcp_client_sent) for tcp_client_sent
    tcp_client.o(i.tcp_client_connected) refers to tcp_client.o(i.tcp_client_poll) for tcp_client_poll
    tcp_client.o(i.tcp_client_connected) refers to tcp_client.o(.data) for .data
    tcp_client.o(i.tcp_client_connection_close) refers to tcp.o(i.tcp_abort) for tcp_abort
    tcp_client.o(i.tcp_client_connection_close) refers to tcp.o(i.tcp_arg) for tcp_arg
    tcp_client.o(i.tcp_client_connection_close) refers to tcp.o(i.tcp_recv) for tcp_recv
    tcp_client.o(i.tcp_client_connection_close) refers to tcp.o(i.tcp_sent) for tcp_sent
    tcp_client.o(i.tcp_client_connection_close) refers to tcp.o(i.tcp_err) for tcp_err
    tcp_client.o(i.tcp_client_connection_close) refers to tcp.o(i.tcp_poll) for tcp_poll
[...]
    lcd_show_master_type_set_page            0x080072e1   Thumb Code   206  display.o(i.lcd_show_master_type_set_page)
    lcd_show_menu_page                       0x080073cd   Thumb Code   130  display.o(i.lcd_show_menu_page)
    lcd_show_remote_ip_set_page              0x0800745d   Thumb Code   258  display.o(i.lcd_show_remote_ip_set_page)
    lcd_show_sensitivity_icon                0x08007575   Thumb Code    54  display.o(i.lcd_show_sensitivity_icon)
    lcd_show_solid_circle                    0x080075b1   Thumb Code     6  display.o(i.lcd_show_solid_circle)
    lcd_show_str_8x16                        0x080075bd   Thumb Code    50  display.o(i.lcd_show_str_8x16)
    lcd_show_zone1_mode                      0x080075f5   Thumb Code    32  display.o(i.lcd_show_zone1_mode)
    lcd_show_zone1_sensitivity               0x0800761d   Thumb Code    12  display.o(i.lcd_show_zone1_sensitivity)
    lcd_show_zone1_sta                       0x0800762d   Thumb Code    68  display.o(i.lcd_show_zone1_sta)
    lcd_show_zone1_voltage                   0x08007679   Thumb Code   106  display.o(i.lcd_show_zone1_voltage)
    lcd_show_zone2_mode                      0x08007701   Thumb Code    32  display.o(i.lcd_show_zone2_mode)
    lcd_show_zone2_sensitivity               0x08007729   Thumb Code    12  display.o(i.lcd_show_zone2_sensitivity)
    lcd_show_zone2_sta                       0x08007739   Thumb Code    68  display.o(i.lcd_show_zone2_sta)
    lcd_show_zone2_voltage                   0x08007785   Thumb Code   106  display.o(i.lcd_show_zone2_voltage)
    lcd_transfer_command                     0x0800780d   Thumb Code   114  display.o(i.lcd_transfer_command)
    lcd_transfer_data                        0x08007891   Thumb Code   114  display.o(i.lcd_transfer_data)
    led_alarm                                0x08007915   Thumb Code    22  display.o(i.led_alarm)
    led_arming                               0x0800792d   Thumb Code    26  display.o(i.led_arming)
    led_dismantle                            0x0800794d   Thumb Code    26  display.o(i.led_dismantle)
    led_zone1_alarm                          0x0800796d   Thumb Code    26  display.o(i.led_zone1_alarm)
    led_zone2_alarm                          0x0800798d   Thumb Code    26  display.o(i.led_zone2_alarm)
    local_network_set                        0x080079ad   Thumb Code   180  lwip.o(i.local_network_set)
    lwip_htonl                               0x08007d11   Thumb Code     4  def.o(i.lwip_htonl)
    lwip_htons                               0x08007d15   Thumb Code     4  def.o(i.lwip_htons)
    lwip_init                                0x08007d19   Thumb Code    30  init.o(i.lwip_init)
    main                                     0x08007d39   Thumb Code   440  main.o(i.main)
    max485_send_str                          0x08007f1d   Thumb Code    52  max485.o(i.max485_send_str)
    max_485_1_deal                           0x08007f59   Thumb Code   582  max485.o(i.max_485_1_deal)
    mem_free                                 0x080082c9   Thumb Code   110  mem.o(i.mem_free)
    mem_init                                 0x080083e5   Thumb Code    42  mem.o(i.mem_init)
    mem_malloc                               0x08008419   Thumb Code   256  mem.o(i.mem_malloc)
    mem_trim                                 0x08008615   Thumb Code   240  mem.o(i.mem_trim)
    memp_free                                0x08008799   Thumb Code    34  memp.o(i.memp_free)
    memp_init                                0x08008835   Thumb Code    26  memp.o(i.memp_init)
    memp_init_pool                           0x08008855   Thumb Code    42  memp.o(i.memp_init_pool)
    memp_malloc                              0x08008881   Thumb Code    38  memp.o(i.memp_malloc)
    netif_add                                0x08008925   Thumb Code   102  netif.o(i.netif_add)
    netif_init                               0x08008a05   Thumb Code     2  netif.o(i.netif_init)
    netif_remove                             0x08008a21   Thumb Code    84  netif.o(i.netif_remove)
    netif_set_addr                           0x08008a79   Thumb Code    72  netif.o(i.netif_set_addr)
    netif_set_default                        0x08008ac1   Thumb Code     6  netif.o(i.netif_set_default)
    netif_set_down                           0x08008acd   Thumb Code    26  netif.o(i.netif_set_down)
    netif_set_gw                             0x08008ae7   Thumb Code     8  netif.o(i.netif_set_gw)
    netif_set_ipaddr                         0x08008af1   Thumb Code    60  netif.o(i.netif_set_ipaddr)
    netif_set_netmask                        0x08008b31   Thumb Code     8  netif.o(i.netif_set_netmask)
    netif_set_up                             0x08008b39   Thumb Code    28  netif.o(i.netif_set_up)
    network_cable_disconnect_handle          0x08008b55   Thumb Code    24  lwip.o(i.network_cable_disconnect_handle)
    network_cable_reconnect_handle           0x08008b75   Thumb Code   174  lwip.o(i.network_cable_reconnect_handle)
    num_to_string                            0x08008c39   Thumb Code    48  display.o(i.num_to_string)
    pbuf_alloc                               0x08008c69   Thumb Code   480  pbuf.o(i.pbuf_alloc)
    pbuf_alloced_custom                      0x08008fe5   Thumb Code    98  pbuf.o(i.pbuf_alloced_custom)
    pbuf_cat                                 0x080090c5   Thumb Code    96  pbuf.o(i.pbuf_cat)
    pbuf_chain                               0x080091f5   Thumb Code    18  pbuf.o(i.pbuf_chain)
    pbuf_clen                                0x08009207   Thumb Code    18  pbuf.o(i.pbuf_clen)
    pbuf_copy                                0x08009219   Thumb Code   242  pbuf.o(i.pbuf_copy)
    pbuf_copy_partial                        0x08009405   Thumb Code   126  pbuf.o(i.pbuf_copy_partial)
    pbuf_free                                0x08009521   Thumb Code   172  pbuf.o(i.pbuf_free)
    pbuf_free_ooseq                          0x08009685   Thumb Code    34  pbuf.o(i.pbuf_free_ooseq)
    pbuf_header                              0x080096b1   Thumb Code     6  pbuf.o(i.pbuf_header)
    pbuf_header_force                        0x080096b7   Thumb Code     6  pbuf.o(i.pbuf_header_force)
    pbuf_realloc                             0x080097e1   Thumb Code   196  pbuf.o(i.pbuf_realloc)
    pbuf_ref                                 0x08009979   Thumb Code    32  pbuf.o(i.pbuf_ref)
    pbuf_take                                0x08009a05   Thumb Code   160  pbuf.o(i.pbuf_take)
    port_to_string                           0x08009cfd   Thumb Code   110  display.o(i.port_to_string)
    read_data_from_flash                     0x08009d6d   Thumb Code   328  flash.o(i.read_data_from_flash)
    relay_alarm                              0x08009f01   Thumb Code    64  alarm.o(i.relay_alarm)
    relay_siren                              0x08009f45   Thumb Code    64  alarm.o(i.relay_siren)
    set_ctrl_unit                            0x08009f89   Thumb Code    44  master_manage.o(i.set_ctrl_unit)
    sim800c_init                             0x0800afa1   Thumb Code   104  sim800c.o(i.sim800c_init)
    sim800c_process                          0x0800b00d   Thumb Code   162  sim800c.o(i.sim800c_process)
    sys_check_timeouts                       0x0800b131   Thumb Code    80  timeouts.o(i.sys_check_timeouts)
    sys_now                                  0x0800b189   Thumb Code     4  ethernetif.o(i.sys_now)
    sys_timeout                              0x0800b18d   Thumb Code   158  timeouts.o(i.sys_timeout)
    sys_timeouts_init                        0x0800b2cd   Thumb Code    38  timeouts.o(i.sys_timeouts_init)
    tcp_abandon                              0x0800b301   Thumb Code   226  tcp.o(i.tcp_abandon)
    tcp_abort                                0x0800b475   Thumb Code     6  tcp.o(i.tcp_abort)
    tcp_alloc                                0x0800b47d   Thumb Code   240  tcp.o(i.tcp_alloc)
    tcp_close                                0x0800b579   Thumb Code    20  tcp.o(i.tcp_close)
    tcp_eff_send_mss_impl                    0x0800b8f9   Thumb Code    34  tcp.o(i.tcp_eff_send_mss_impl)
    tcp_enqueue_flags                        0x0800b91d   Thumb Code   260  tcp_out.o(i.tcp_enqueue_flags)
    tcp_fasttmr                              0x0800bb29   Thumb Code   102  tcp.o(i.tcp_fasttmr)
    tcp_init                                 0x0800bbc5   Thumb Code     2  tcp.o(i.tcp_init)
    tcp_input                                0x0800bbc9   Thumb Code  1488  tcp_in.o(i.tcp_input)
    tcp_keepalive                            0x0800c1d9   Thumb Code    82  tcp_out.o(i.tcp_keepalive)
    tcp_netif_ip_addr_changed                0x0800c4a9   Thumb Code    72  tcp.o(i.tcp_netif_ip_addr_changed)
    tcp_next_iss                             0x0800c519   Thumb Code    12  tcp.o(i.tcp_next_iss)
    tcp_output                               0x0800c5a1   Thumb Code   554  tcp_out.o(i.tcp_output)
    tcp_pcb_purge                            0x0800ca95   Thumb Code    66  tcp.o(i.tcp_pcb_purge)
    tcp_pcb_remove                           0x0800cad9   Thumb Code   140  tcp.o(i.tcp_pcb_remove)
    tcp_process_refused_data                 0x0800d08d   Thumb Code   108  tcp.o(i.tcp_process_refused_data)
    tcp_recv_null                            0x0800db17   Thumb Code    36  tcp.o(i.tcp_recv_null)
    tcp_recved                               0x0800db3d   Thumb Code   106  tcp.o(i.tcp_recved)
    tcp_rexmit                               0x0800dc4d   Thumb Code    86  tcp_out.o(i.tcp_rexmit)
    tcp_rexmit_fast                          0x0800dca3   Thumb Code    88  tcp_out.o(i.tcp_rexmit_fast)
    tcp_rexmit_rto                           0x0800dcfb   Thumb Code    50  tcp_out.o(i.tcp_rexmit_rto)
    tcp_rst                                  0x0800dd2d   Thumb Code   148  tcp_out.o(i.tcp_rst)
    tcp_seg_copy                             0x0800de4d   Thumb Code    40  tcp.o(i.tcp_seg_copy)
    tcp_seg_free                             0x0800de75   Thumb Code    28  tcp.o(i.tcp_seg_free)
    tcp_segs_free                            0x0800de91   Thumb Code    18  tcp.o(i.tcp_segs_free)
    tcp_send_empty_ack                       0x0800dea3   Thumb Code   114  tcp_out.o(i.tcp_send_empty_ack)
    tcp_send_fin                             0x0800df15   Thumb Code    68  tcp_out.o(i.tcp_send_fin)
    tcp_slowtmr                              0x0800df59   Thumb Code   784  tcp.o(i.tcp_slowtmr)
    tcp_timer_needed                         0x0800e431   Thumb Code    36  timeouts.o(i.tcp_timer_needed)
    tcp_tmr                                  0x0800e4cd   Thumb Code    28  tcp.o(i.tcp_tmr)
    tcp_trigger_input_pcb_close              0x0800e4ed   Thumb Code    12  tcp_in.o(i.tcp_trigger_input_pcb_close)
    tcp_update_rcv_ann_wnd                   0x0800e4fd   Thumb Code    76  tcp.o(i.tcp_update_rcv_ann_wnd)
    tcp_zero_window_probe                    0x0800e5bd   Thumb Code   180  tcp_out.o(i.tcp_zero_window_probe)
    transparent_data_processing              0x0800e6a9   Thumb Code   132  sim800c.o(i.transparent_data_processing)
    uart1_deal                               0x0800e785   Thumb Code   614  master_manage.o(i.uart1_deal)
    udp_bind                                 0x0800ea41   Thumb Code   164  udp.o(i.udp_bind)
    udp_connect                              0x0800eaed   Thumb Code    76  udp.o(i.udp_connect)
    udp_connection_close                     0x0800eb3d   Thumb Code    18  udp_client.o(i.udp_connection_close)
    udp_disconnect                           0x0800eb4f   Thumb Code    16  udp.o(i.udp_disconnect)
    udp_init                                 0x0800eb5f   Thumb Code     2  udp.o(i.udp_init)
    udp_input                                0x0800eb61   Thumb Code   294  udp.o(i.udp_input)
    udp_monitor_conf                         0x0800ecfd   Thumb Code    96  udp_client.o(i.udp_monitor_conf)
    udp_monitor_reconf                       0x0800ed69   Thumb Code   100  udp_client.o(i.udp_monitor_reconf)
    udp_netif_ip_addr_changed                0x0800edd9   Thumb Code    48  udp.o(i.udp_netif_ip_addr_changed)
    udp_new                                  0x0800ee0d   Thumb Code    26  udp.o(i.udp_new)
    udp_recevice_callback                    0x0800ee29   Thumb Code    92  udp_client.o(i.udp_recevice_callback)
    udp_recv                                 0x0800ee8d   Thumb Code     6  udp.o(i.udp_recv)
    udp_remove                               0x0800ee95   Thumb Code    42  udp.o(i.udp_remove)
    udp_rx_processing                        0x0800efb1   Thumb Code   644  udp_client.o(i.udp_rx_processing)
    udp_send_data                            0x0800f281   Thumb Code    62  udp_client.o(i.udp_send_data)
    udp_sendto                               0x0800f2c5   Thumb Code    50  udp.o(i.udp_sendto)
    udp_sendto_if                            0x0800f2f7   Thumb Code    54  udp.o(i.udp_sendto_if)
    udp_sendto_if_src                        0x0800f32d   Thumb Code   186  udp.o(i.udp_sendto_if_src)
    write_flash_process                      0x0800f471   Thumb Code    32  flash.o(i.write_flash_process)
    zone1_alarm_sta_detect                   0x0800f49d   Thumb Code   112  alarm.o(i.zone1_alarm_sta_detect)
    zone2_alarm_sta_detect                   0x0800f519   Thumb Code   112  alarm.o(i.zone2_alarm_sta_detect)
    AHBPrescTable                            0x0800f594   Data          16  system_stm32f4xx.o(.constdata)
    APBPrescTable                            0x0800f5a4   Data           8  system_stm32f4xx.o(.constdata)
    ethbroadcast                             0x0800f5ac   Data           6  ethernet.o(.constdata)
    ethzero                                  0x0800f5b2   Data           6  ethernet.o(.constdata)
    memp_UDP_PCB                             0x0800f5b8   Data          12  memp.o(.constdata)
    memp_TCP_PCB                             0x0800f5c4   Data          12  memp.o(.constdata)
    memp_TCP_PCB_LISTEN                      0x0800f5d0   Data          12  memp.o(.constdata)
    memp_TCP_SEG                             0x0800f5dc   Data          12  memp.o(.constdata)
    memp_REASSDATA                           0x0800f5e8   Data          12  memp.o(.constdata)
    memp_FRAG_PBUF                           0x0800f5f4   Data          12  memp.o(.constdata)
    memp_SYS_TIMEOUT                         0x0800f600   Data          12  memp.o(.constdata)
    memp_PBUF                                0x0800f60c   Data          12  memp.o(.constdata)
    memp_PBUF_POOL                           0x0800f618   Data          12  memp.o(.constdata)
    memp_pools                               0x0800f624   Data          36  memp.o(.constdata)
    tcp_pcb_lists                            0x0800f68c   Data          16  tcp.o(.constdata)
    lwip_cyclic_timers                       0x0800f69c   Data          24  timeouts.o(.constdata)
    ip_addr_any                              0x0800f6b4   Data           4  ip4_addr.o(.constdata)
    Region$$Table$$Base                      0x0800f7cc   Number         0  anon$$obj.o(Region$$Table)
    Region$$Table$$Limit                     0x0800f7ec   Number         0  anon$$obj.o(Region$$Table)
    write_flash_flag                         0x20000000   Data           1  flash.o(.data)
    write_flash_time_mask                    0x20000001   Data           1  flash.o(.data)
    write_flash_time_cnt                     0x20000002   Data           2  flash.o(.data)
    tcp_client_flag                          0x20000004   Data           1  tcp_client.o(.data)
    tcp_port_num                             0x20000006   Data           2  tcp_client.o(.data)
    TcpTX_Len                                0x20000008   Data           2  tcp_client.o(.data)
    tcp_remoteip                             0x2000000a   Data           4  tcp_client.o(.data)
    TcpRX_Len                                0x20000010   Data           4  tcp_client.o(.data)
    tcp_client_sendbuf                       0x20000014   Data           4  tcp_client.o(.data)
    tcppcb_temp                              0x20000018   Data           4  tcp_client.o(.data)
    udp_demo_flag                            0x2000001c   Data           1  udp_client.o(.data)
    udp_port_num                             0x2000001e   Data           2  udp_client.o(.data)
    udp_rx_lenth                             0x20000020   Data           2  udp_client.o(.data)
    udp_remote_ip                            0x20000022   Data           4  udp_client.o(.data)
    udp_remote_addr                          0x20000028   Data           4  udp_client.o(.data)
    udppcb                                   0x2000002c   Data           4  udp_client.o(.data)
    detect_net_sta_mask                      0x20000050   Data           1  lwip.o(.data)
    IP_ADDRESS                               0x20000052   Data           4  lwip.o(.data)
    NETMASK_ADDRESS                          0x20000056   Data           4  lwip.o(.data)
    GATEWAY_ADDRESS                          0x2000005a   Data           4  lwip.o(.data)
    ipaddr                                   0x20000060   Data           4  lwip.o(.data)
    netmask                                  0x20000064   Data           4  lwip.o(.data)
    gw                                       0x20000068   Data           4  lwip.o(.data)
    dynamic_lcd_mask                         0x2000006c   Data           1  display.o(.data)
    page_sta                                 0x2000006d   Data           1  display.o(.data)
    master_type_set_page_cursor_sta          0x2000006e   Data           1  display.o(.data)
    local_ip_set_page_cursor_sta             0x2000006f   Data           1  display.o(.data)
    remote_ip_set_page_cursor_sta            0x20000070   Data           1  display.o(.data)
    value_continuous_add_flag                0x20000071   Data           1  display.o(.data)
    value_continuous_sub_flag                0x20000072   Data           1  display.o(.data)
    update_communication_icon_flag           0x20000073   Data           1  display.o(.data)
    zone_gbk_code                            0x20000075   Data           2  display.o(.data)
    status_gbk_code                          0x20000077   Data           2  display.o(.data)
    mode_gbk_code                            0x20000079   Data           2  display.o(.data)
    broken_line_gbk_code                     0x2000007b   Data           2  display.o(.data)
    pulse_gbk_code                           0x2000007d   Data           2  display.o(.data)
    touch_net_gbk_code                       0x2000007f   Data           2  display.o(.data)
    set_gbk_code                             0x20000081   Data           2  display.o(.data)
    back_gbk_code                            0x20000083   Data           2  display.o(.data)
    determine_gbk_code                       0x20000085   Data           2  display.o(.data)
    double_single_gbk_code                   0x20000087   Data           2  display.o(.data)
    local_gbk_code                           0x20000089   Data           2  display.o(.data)
    address_gbk_code                         0x2000008b   Data           2  display.o(.data)
    gateway_gbk_code                         0x2000008d   Data           2  display.o(.data)
    remote_gbk_code                          0x2000008f   Data           2  display.o(.data)
    port_gbk_code                            0x20000091   Data           2  display.o(.data)
    short_circuit                            0x20000093   Data           2  display.o(.data)
    disarm_gbk_code                          0x20000095   Data           2  display.o(.data)
    arming_gbk_code                          0x20000097   Data           2  display.o(.data)
    make_sure_gbk_code                       0x20000099   Data           2  display.o(.data)
    fence_gbk_code                           0x2000009b   Data           2  display.o(.data)
    continue_gbk_code                        0x2000009d   Data           2  display.o(.data)
    sensitivity_gbk_code                     0x2000009f   Data           3  display.o(.data)
    positive_line_voltage_gbk_code           0x200000a2   Data           4  display.o(.data)
    negative_line_voltage_gbk_code           0x200000a6   Data           4  display.o(.data)
    master_type_gbk_code                     0x200000aa   Data           4  display.o(.data)
    subnet_mask_gbk_code                     0x200000ae   Data           4  display.o(.data)
    self_test_calibration_gbk_code           0x200000b2   Data           4  display.o(.data)
    chs_font_lib_16x16                       0x200000b6   Data        3200  display.o(.data)
    ascii_font_lib_8x16                      0x20000d36   Data        2048  display.o(.data)
    communication_icon_16x16                 0x20001536   Data          32  display.o(.data)
    sensitivity_icon_16x16                   0x20001556   Data          32  display.o(.data)
    hollow_circle_16x16                      0x20001576   Data          32  display.o(.data)
    solid_circle_16x16                       0x20001596   Data          32  display.o(.data)
    menu_page_coursor_sta                    0x200015b6   Data           1  display.o(.data)
    auto_detect_page_cursor_sta              0x200015b7   Data           1  display.o(.data)
    update_communication_icon_cnt            0x200015b8   Data           2  display.o(.data)
    logo_256x160                             0x200015ba   Data        5120  display.o(.data)
    battery_icon_32x16                       0x200029ba   Data         384  display.o(.data)
    in_progress_gnk_code                     0x20002b3a   Data           4  display.o(.data)
    please_wait_gbk_code                     0x20002b3e   Data           3  display.o(.data)
    completed_gbk_code                       0x20002b41   Data           3  display.o(.data)
    key_sta                                  0x20002b44   Data           5  keyboard.o(.data)
    long_press_sta                           0x20002b49   Data           5  keyboard.o(.data)
    pre_long_press_sta                       0x20002b4e   Data           5  keyboard.o(.data)
    demolition_detect_mask                   0x20002b64   Data           1  alarm.o(.data)
    demolition_sta                           0x20002b65   Data           1  alarm.o(.data)
    zone1_alarm_reset_flag                   0x20002b66   Data           1  alarm.o(.data)
    zone2_alarm_reset_flag                   0x20002b67   Data           1  alarm.o(.data)
    demolition_alarm_reset_flag              0x20002b68   Data           1  alarm.o(.data)
    zone1_trigger_flag                       0x20002b69   Data           1  alarm.o(.data)
    zone2_trigger_flag                       0x20002b6a   Data           1  alarm.o(.data)
    zone1_sta_detect_flag                    0x20002b6b   Data           1  alarm.o(.data)
    zone2_sta_detect_flag                    0x20002b6c   Data           1  alarm.o(.data)
    zone1_alarm_delay_cnt                    0x20002b70   Data           4  alarm.o(.data)
    zone2_alarm_delay_cnt                    0x20002b74   Data           4  alarm.o(.data)
    zone1_alarm_reset_time                   0x20002b78   Data           4  alarm.o(.data)
    zone2_alarm_reset_time                   0x20002b7c   Data           4  alarm.o(.data)
    demolition_alarm_reset_time              0x20002b80   Data           4  alarm.o(.data)
    zone1_trigger_delay_cnt                  0x20002b84   Data           4  alarm.o(.data)
    zone2_trigger_delay_cnt                  0x20002b88   Data           4  alarm.o(.data)
    zone1_trigger_delay_time                 0x20002b8c   Data           4  alarm.o(.data)
    zone2_trigger_delay_time                 0x20002b90   Data           4  alarm.o(.data)
    bettery_manage_mask                      0x20002b94   Data           1  battery.o(.data)
    charged_flag                             0x20002b95   Data           1  battery.o(.data)
    battery_sta_send                         0x20002b96   Data           1  battery.o(.data)
    max485_wait_usart1_flag                  0x20002ba0   Data           1  max485.o(.data)
    max485_wait_usart1_finish                0x20002ba1   Data           1  max485.o(.data)
    max485_1_receivebuf                      0x20002ba2   Data           1  max485.o(.data)
    sim800c_init_flag                        0x20002ba3   Data           1  sim800c.o(.data)
    sim800c_link_flag                        0x20002ba4   Data           1  sim800c.o(.data)
    process_step                             0x20002ba5   Data           1  sim800c.o(.data)
    sim800c_try_connect_mask                 0x20002ba6   Data           1  sim800c.o(.data)
    wait_tcp_contect_flag                    0x20002ba7   Data           1  sim800c.o(.data)
    sim800c_heart_mask                       0x20002ba8   Data           1  sim800c.o(.data)
    uart6_rx_start                           0x20002ba9   Data           1  sim800c.o(.data)
    uart6_rx_time_cnt                        0x20002baa   Data           1  sim800c.o(.data)
    wait_tcp_contect_cnt                     0x20002bac   Data           2  sim800c.o(.data)
    uart6_rx_buff                            0x20002bae   Data           1  sim800c.o(.data)
    pre_zone1_sta                            0x20002baf   Data           1  master_manage.o(.data)
    pre_zone2_sta                            0x20002bb0   Data           1  master_manage.o(.data)
    inquire_ctrl_sta_flag                    0x20002bb1   Data           1  master_manage.o(.data)
    temp_zone1_id                            0x20002bb2   Data           1  master_manage.o(.data)
    temp_zone2_id                            0x20002bb3   Data           1  master_manage.o(.data)
    zone_struct                              0x20002bb4   Data          13  master_manage.o(.data)
    local_address_set_buff                   0x20002bc1   Data           4  master_manage.o(.data)
    subnet_mask_set_buff                     0x20002bc5   Data           4  master_manage.o(.data)
    gateway_address_set_buff                 0x20002bc9   Data           4  master_manage.o(.data)
    remote_address_set_buff                  0x20002bcd   Data           4  master_manage.o(.data)
    remote_port_set_buff                     0x20002bd2   Data           2  master_manage.o(.data)
    communication_sta                        0x20002bd4   Data           1  master_manage.o(.data)
    uart1_rx_buff                            0x20002bd5   Data           1  master_manage.o(.data)
    temp_zone_type                           0x20002bd6   Data           1  master_manage.o(.data)
    SystemCoreClock                          0x20002bd8   Data           4  system_stm32f4xx.o(.data)
    uwTickFreq                               0x20002bdc   Data           1  stm32f4xx_hal.o(.data)
    uwTickPrio                               0x20002be0   Data           4  stm32f4xx_hal.o(.data)
    uwTick                                   0x20002be4   Data           4  stm32f4xx_hal.o(.data)
    netif_list                               0x20002c1c   Data           4  netif.o(.data)
    netif_default                            0x20002c20   Data           4  netif.o(.data)
    pbuf_free_ooseq_pending                  0x20002c24   Data           1  pbuf.o(.data)
    tcp_active_pcbs_changed                  0x20002c28   Data           1  tcp.o(.data)
    tcp_ticks                                0x20002c34   Data           4  tcp.o(.data)
    tcp_bound_pcbs                           0x20002c38   Data           4  tcp.o(.data)
    tcp_listen_pcbs                          0x20002c3c   Data           4  tcp.o(.data)
    tcp_active_pcbs                          0x20002c40   Data           4  tcp.o(.data)
    tcp_tw_pcbs                              0x20002c44   Data           4  tcp.o(.data)
    tcp_input_pcb                            0x20002c68   Data           4  tcp_in.o(.data)
    udp_pcbs                                 0x20002c7c   Data           4  udp.o(.data)
    __stdout                                 0x20002c8c   Data           4  stdout.o(.data)
    flash_data_struct                        0x20002c90   Data          52  flash.o(.bss)
    tcp_txd_buff                             0x20002cc4   Data         200  tcp_client.o(.bss)
    udp_recvbuf                              0x20002d8c   Data         100  udp_client.o(.bss)
    udp_sendbuf                              0x20002df0   Data         100  udp_client.o(.bss)
    hadc1                                    0x20002e54   Data          72  main.o(.bss)
    hrtc                                     0x20002e9c   Data          32  main.o(.bss)
    htim1                                    0x20002ebc   Data          60  main.o(.bss)
    htim3                                    0x20002ef8   Data          60  main.o(.bss)
    huart4                                   0x20002f34   Data          64  main.o(.bss)
    huart1                                   0x20002f74   Data          64  main.o(.bss)
    huart2                                   0x20002fb4   Data          64  main.o(.bss)
    huart6                                   0x20002ff4   Data          64  main.o(.bss)
    gnetif                                   0x20003034   Data          48  lwip.o(.bss)
    DMARxDscrTab                             0x20003064   Data         128  ethernetif.o(.bss)
    DMATxDscrTab                             0x200030e4   Data         128  ethernetif.o(.bss)
    Rx_Buff                                  0x20003164   Data        6096  ethernetif.o(.bss)
    Tx_Buff                                  0x20004934   Data        6096  ethernetif.o(.bss)
    heth                                     0x20006104   Data          72  ethernetif.o(.bss)
    max485_1_sendbuf                         0x20006156   Data          50  max485.o(.bss)
    max485_1_receive_data                    0x20006188   Data          50  max485.o(.bss)
    uart6_rx_struct                          0x200061ba   Data         164  sim800c.o(.bss)
    uart1_tx_data                            0x2000625e   Data          50  master_manage.o(.bss)
    uart1_rx_data                            0x20006290   Data          50  master_manage.o(.bss)
    ip_data                                  0x200062c4   Data          24  ip.o(.bss)
    ram_heap                                 0x200062dc   Data        1619  mem.o(.bss)
    memp_memory_UDP_PCB_base                 0x2000692f   Data         131  memp.o(.bss)
    memp_memory_TCP_PCB_base                 0x200069b2   Data         763  memp.o(.bss)
    memp_memory_TCP_PCB_LISTEN_base          0x20006cad   Data         227  memp.o(.bss)
    memp_memory_TCP_SEG_base                 0x20006d90   Data         259  memp.o(.bss)
    memp_memory_REASSDATA_base               0x20006e93   Data         163  memp.o(.bss)
    memp_memory_FRAG_PBUF_base               0x20006f36   Data         363  memp.o(.bss)
    memp_memory_SYS_TIMEOUT_base             0x200070a1   Data          51  memp.o(.bss)
    memp_memory_PBUF_base                    0x200070d4   Data         259  memp.o(.bss)
    memp_memory_PBUF_POOL_base               0x200071d7   Data        9731  memp.o(.bss)
    __initial_sp                             0x20009ce0   Data           0  startup_stm32f407xx.o(STACK)



==============================================================================

Memory Map of the image

  Image Entry point : 0x08000189

  Load Region LR_IROM1 (Base: 0x08000000, Size: 0x0001247c, Max: 0x00080000, ABSOLUTE, COMPRESSED[0x000105c0])

    Execution Region ER_IROM1 (Exec base: 0x08000000, Load base: 0x08000000, Size: 0x0000f7ec, Max: 0x00080000, ABSOLUTE)

    Exec Addr    Load Addr    Size         Type   Attr      Idx    E Section Name        Object

    0x08000000   0x08000000   0x00000188   Data   RO         1682    RESET               startup_stm32f407xx.o
    0x08000188   0x08000188   0x00000000   Code   RO         7774  * .ARM.Collect$$$$00000000  mc_w.l(entry.o)
    0x08000188   0x08000188   0x00000004   Code   RO         8054    .ARM.Collect$$$$00000001  mc_w.l(entry2.o)
    0x0800018c   0x0800018c   0x00000004   Code   RO         8057    .ARM.Collect$$$$00000004  mc_w.l(entry5.o)
    0x08000190   0x08000190   0x00000000   Code   RO         8059    .ARM.Collect$$$$00000008  mc_w.l(entry7b.o)
    0x08000190   0x08000190   0x00000000   Code   RO         8061    .ARM.Collect$$$$0000000A  mc_w.l(entry8b.o)
    0x08000190   0x08000190   0x00000008   Code   RO         8062    .ARM.Collect$$$$0000000B  mc_w.l(entry9a.o)
    0x08000198   0x08000198   0x00000000   Code   RO         8064    .ARM.Collect$$$$0000000D  mc_w.l(entry10a.o)
    0x08000198   0x08000198   0x00000000   Code   RO         8066    .ARM.Collect$$$$0000000F  mc_w.l(entry11a.o)
    0x08000198   0x08000198   0x00000004   Code   RO         8055    .ARM.Collect$$$$00002712  mc_w.l(entry2.o)
    0x0800019c   0x0800019c   0x00000024   Code   RO         1683    .text               startup_stm32f407xx.o
    0x080001c0   0x080001c0   0x00000062   Code   RO         7777    .text               mc_w.l(uldiv.o)
    0x08000222   0x08000222   0x00000024   Code   RO         7779    .text               mc_w.l(memcpya.o)
    0x08000246   0x08000246   0x00000024   Code   RO         7781    .text               mc_w.l(memseta.o)
    0x0800026a   0x0800026a   0x0000000e   Code   RO         7783    .text               mc_w.l(strlen.o)
    0x08000278   0x08000278   0x0000001c   Code   RO         7785    .text               mc_w.l(strcmp.o)
    0x08000294   0x08000294   0x0000001a   Code   RO         7787    .text               mc_w.l(memcmp.o)
    0x080002ae   0x080002ae   0x0000002c   Code   RO         8071    .text               mc_w.l(uidiv.o)
    0x080002da   0x080002da   0x0000001e   Code   RO         8073    .text               mc_w.l(llshl.o)
    0x080002f8   0x080002f8   0x00000020   Code   RO         8075    .text               mc_w.l(llushr.o)
    0x08000318   0x08000318   0x00000024   Code   RO         8088    .text               mc_w.l(init.o)
    0x0800033c   0x0800033c   0x00000000   Code   RO         8090    .text               mc_w.l(semi.o)
    0x0800033c   0x0800033c   0x00000000   Code   RO         8093    .text               mc_w.l(iusesemip.o)
    0x0800033c   0x0800033c   0x00000056   Code   RO         8104    .text               mc_w.l(__dczerorl2.o)
    0x08000392   0x08000392   0x00000002   PAD
    0x08000394   0x08000394   0x00000124   Code   RO         1884    i.ADC_Init          stm32f4xx_hal_adc.o
    0x080004b8   0x080004b8   0x00000002   Code   RO          801    i.BusFault_Handler  stm32f4xx_it.o
    0x080004ba   0x080004ba   0x00000032   Code   RO         1477    i.CRC16             max485.o
    0x080004ec   0x080004ec   0x00000002   Code   RO          802    i.DebugMon_Handler  stm32f4xx_it.o
    0x080004ee   0x080004ee   0x00000002   PAD
    0x080004f0   0x080004f0   0x00000020   Code   RO         1728    i.ETH_Delay         stm32f4xx_hal_eth.o
    0x08000510   0x08000510   0x0000002e   Code   RO         1729    i.ETH_FlushTransmitFIFO  stm32f4xx_hal_eth.o
    0x0800053e   0x0800053e   0x00000002   PAD
    0x08000540   0x08000540   0x0000000c   Code   RO          803    i.ETH_IRQHandler    stm32f4xx_it.o
    0x0800054c   0x0800054c   0x00000124   Code   RO         1730    i.ETH_MACDMAConfig  stm32f4xx_hal_eth.o
    0x08000670   0x08000670   0x0000014c   Code   RO         1886    i.HAL_ADC_ConfigChannel  stm32f4xx_hal_adc.o
    0x080007bc   0x080007bc   0x00000006   Code   RO         1893    i.HAL_ADC_GetValue  stm32f4xx_hal_adc.o
    0x080007c2   0x080007c2   0x00000054   Code   RO         1895    i.HAL_ADC_Init      stm32f4xx_hal_adc.o
    0x08000816   0x08000816   0x00000002   PAD
    0x08000818   0x08000818   0x00000058   Code   RO          914    i.HAL_ADC_MspInit   stm32f4xx_hal_msp.o
    0x08000870   0x08000870   0x000000a2   Code   RO         1899    i.HAL_ADC_PollForConversion  stm32f4xx_hal_adc.o
    0x08000912   0x08000912   0x00000002   PAD
    0x08000914   0x08000914   0x000000bc   Code   RO         1901    i.HAL_ADC_Start     stm32f4xx_hal_adc.o
    0x080009d0   0x080009d0   0x00000024   Code   RO         4180    i.HAL_DMA_Abort_IT  stm32f4xx_hal_dma.o
    0x080009f4   0x080009f4   0x00000024   Code   RO         4598    i.HAL_Delay         stm32f4xx_hal.o
    0x08000a18   0x08000a18   0x00000074   Code   RO         1733    i.HAL_ETH_DMARxDescListInit  stm32f4xx_hal_eth.o
    0x08000a8c   0x08000a8c   0x00000078   Code   RO         1734    i.HAL_ETH_DMATxDescListInit  stm32f4xx_hal_eth.o
    0x08000b04   0x08000b04   0x0000001a   Code   RO         1735    i.HAL_ETH_DeInit    stm32f4xx_hal_eth.o
    0x08000b1e   0x08000b1e   0x00000002   Code   RO         1736    i.HAL_ETH_ErrorCallback  stm32f4xx_hal_eth.o
    0x08000b20   0x08000b20   0x0000007a   Code   RO         1737    i.HAL_ETH_GetReceivedFrame  stm32f4xx_hal_eth.o
    0x08000b9a   0x08000b9a   0x0000007a   Code   RO         1740    i.HAL_ETH_IRQHandler  stm32f4xx_hal_eth.o
    0x08000c14   0x08000c14   0x000001ec   Code   RO         1741    i.HAL_ETH_Init      stm32f4xx_hal_eth.o
    0x08000e00   0x08000e00   0x00000060   Code   RO          719    i.HAL_ETH_MspDeInit  ethernetif.o
    0x08000e60   0x08000e60   0x000000d4   Code   RO          720    i.HAL_ETH_MspInit   ethernetif.o
    0x08000f34   0x08000f34   0x00000084   Code   RO         1744    i.HAL_ETH_ReadPHYRegister  stm32f4xx_hal_eth.o
    0x08000fb8   0x08000fb8   0x00000002   Code   RO         1745    i.HAL_ETH_RxCpltCallback  stm32f4xx_hal_eth.o
    0x08000fba   0x08000fba   0x00000084   Code   RO         1746    i.HAL_ETH_Start     stm32f4xx_hal_eth.o
    0x0800103e   0x0800103e   0x00000084   Code   RO         1747    i.HAL_ETH_Stop      stm32f4xx_hal_eth.o
    0x080010c2   0x080010c2   0x00000108   Code   RO         1748    i.HAL_ETH_TransmitFrame  stm32f4xx_hal_eth.o
    0x080011ca   0x080011ca   0x00000002   Code   RO         1749    i.HAL_ETH_TxCpltCallback  stm32f4xx_hal_eth.o
    0x080011cc   0x080011cc   0x00000078   Code   RO         1750    i.HAL_ETH_WritePHYRegister  stm32f4xx_hal_eth.o
    0x08001244   0x08001244   0x00000148   Code   RO         4069    i.HAL_GPIO_DeInit   stm32f4xx_hal_gpio.o
    0x0800138c   0x0800138c   0x000001b0   Code   RO         4072    i.HAL_GPIO_Init     stm32f4xx_hal_gpio.o
    0x0800153c   0x0800153c   0x0000000a   Code   RO         4074    i.HAL_GPIO_ReadPin  stm32f4xx_hal_gpio.o
    0x08001546   0x08001546   0x0000000a   Code   RO         4076    i.HAL_GPIO_WritePin  stm32f4xx_hal_gpio.o
    0x08001550   0x08001550   0x0000000c   Code   RO         4604    i.HAL_GetTick       stm32f4xx_hal.o
    0x0800155c   0x0800155c   0x00000010   Code   RO         4608    i.HAL_IncTick       stm32f4xx_hal.o
    0x0800156c   0x0800156c   0x00000034   Code   RO         4609    i.HAL_Init          stm32f4xx_hal.o
    0x080015a0   0x080015a0   0x00000040   Code   RO         4610    i.HAL_InitTick      stm32f4xx_hal.o
    0x080015e0   0x080015e0   0x00000084   Code   RO          915    i.HAL_MspInit       stm32f4xx_hal_msp.o
    0x08001664   0x08001664   0x00000016   Code   RO         4460    i.HAL_NVIC_DisableIRQ  stm32f4xx_hal_cortex.o
    0x0800167a   0x0800167a   0x00000016   Code   RO         4461    i.HAL_NVIC_EnableIRQ  stm32f4xx_hal_cortex.o
    0x08001690   0x08001690   0x00000040   Code   RO         4467    i.HAL_NVIC_SetPriority  stm32f4xx_hal_cortex.o
    0x080016d0   0x080016d0   0x00000024   Code   RO         4468    i.HAL_NVIC_SetPriorityGrouping  stm32f4xx_hal_cortex.o
    0x080016f4   0x080016f4   0x0000013c   Code   RO         3823    i.HAL_RCCEx_PeriphCLKConfig  stm32f4xx_hal_rcc_ex.o
    0x08001830   0x08001830   0x00000130   Code   RO         3718    i.HAL_RCC_ClockConfig  stm32f4xx_hal_rcc.o
    0x08001960   0x08001960   0x0000000c   Code   RO         3723    i.HAL_RCC_GetHCLKFreq  stm32f4xx_hal_rcc.o
    0x0800196c   0x0800196c   0x00000020   Code   RO         3725    i.HAL_RCC_GetPCLK1Freq  stm32f4xx_hal_rcc.o
    0x0800198c   0x0800198c   0x00000020   Code   RO         3726    i.HAL_RCC_GetPCLK2Freq  stm32f4xx_hal_rcc.o
    0x080019ac   0x080019ac   0x00000060   Code   RO         3727    i.HAL_RCC_GetSysClockFreq  stm32f4xx_hal_rcc.o
    0x08001a0c   0x08001a0c   0x0000031c   Code   RO         3730    i.HAL_RCC_OscConfig  stm32f4xx_hal_rcc.o
    0x08001d28   0x08001d28   0x000000ac   Code   RO         2164    i.HAL_RTC_Init      stm32f4xx_hal_rtc.o
    0x08001dd4   0x08001dd4   0x00000018   Code   RO          917    i.HAL_RTC_MspInit   stm32f4xx_hal_msp.o
    0x08001dec   0x08001dec   0x00000036   Code   RO         2172    i.HAL_RTC_WaitForSynchro  stm32f4xx_hal_rtc.o
    0x08001e22   0x08001e22   0x00000018   Code   RO         4470    i.HAL_SYSTICK_CLKSourceConfig  stm32f4xx_hal_cortex.o
    0x08001e3a   0x08001e3a   0x00000002   Code   RO         4471    i.HAL_SYSTICK_Callback  stm32f4xx_hal_cortex.o
    0x08001e3c   0x08001e3c   0x00000028   Code   RO         4472    i.HAL_SYSTICK_Config  stm32f4xx_hal_cortex.o
    0x08001e64   0x08001e64   0x00000008   Code   RO         4473    i.HAL_SYSTICK_IRQHandler  stm32f4xx_hal_cortex.o
    0x08001e6c   0x08001e6c   0x00000002   Code   RO         3152    i.HAL_TIMEx_BreakCallback  stm32f4xx_hal_tim_ex.o
    0x08001e6e   0x08001e6e   0x00000002   Code   RO         3153    i.HAL_TIMEx_CommutationCallback  stm32f4xx_hal_tim_ex.o
    0x08001e70   0x08001e70   0x00000050   Code   RO         3169    i.HAL_TIMEx_MasterConfigSynchronization  stm32f4xx_hal_tim_ex.o
    0x08001ec0   0x08001ec0   0x00000036   Code   RO         2523    i.HAL_TIM_Base_Init  stm32f4xx_hal_tim.o
    0x08001ef6   0x08001ef6   0x00000002   PAD
    0x08001ef8   0x08001ef8   0x00000028   Code   RO          919    i.HAL_TIM_Base_MspInit  stm32f4xx_hal_msp.o
    0x08001f20   0x08001f20   0x00000018   Code   RO         2528    i.HAL_TIM_Base_Start_IT  stm32f4xx_hal_tim.o
    0x08001f38   0x08001f38   0x000000f2   Code   RO         2532    i.HAL_TIM_ConfigClockSource  stm32f4xx_hal_tim.o
    0x0800202a   0x0800202a   0x00000002   Code   RO         2552    i.HAL_TIM_IC_CaptureCallback  stm32f4xx_hal_tim.o
    0x0800202c   0x0800202c   0x00000166   Code   RO         2565    i.HAL_TIM_IRQHandler  stm32f4xx_hal_tim.o
    0x08002192   0x08002192   0x00000002   PAD
    0x08002194   0x08002194   0x00000030   Code   RO          920    i.HAL_TIM_MspPostInit  stm32f4xx_hal_msp.o
    0x080021c4   0x080021c4   0x00000002   Code   RO         2568    i.HAL_TIM_OC_DelayElapsedCallback  stm32f4xx_hal_tim.o
    0x080021c6   0x080021c6   0x000000d0   Code   RO         2589    i.HAL_TIM_PWM_ConfigChannel  stm32f4xx_hal_tim.o
    0x08002296   0x08002296   0x00000036   Code   RO         2592    i.HAL_TIM_PWM_Init  stm32f4xx_hal_tim.o
    0x080022cc   0x080022cc   0x00000028   Code   RO          922    i.HAL_TIM_PWM_MspInit  stm32f4xx_hal_msp.o
    0x080022f4   0x080022f4   0x00000002   Code   RO         2595    i.HAL_TIM_PWM_PulseFinishedCallback  stm32f4xx_hal_tim.o
    0x080022f6   0x080022f6   0x00000002   PAD
    0x080022f8   0x080022f8   0x0000030c   Code   RO          556    i.HAL_TIM_PeriodElapsedCallback  main.o
    0x08002604   0x08002604   0x00000002   Code   RO         2606    i.HAL_TIM_TriggerCallback  stm32f4xx_hal_tim.o
    0x08002606   0x08002606   0x00000002   Code   RO         3412    i.HAL_UART_ErrorCallback  stm32f4xx_hal_uart.o
    0x08002608   0x08002608   0x00000110   Code   RO         3415    i.HAL_UART_IRQHandler  stm32f4xx_hal_uart.o
    0x08002718   0x08002718   0x00000062   Code   RO         3416    i.HAL_UART_Init     stm32f4xx_hal_uart.o
    0x0800277a   0x0800277a   0x00000002   PAD
    0x0800277c   0x0800277c   0x000000e0   Code   RO          924    i.HAL_UART_MspInit  stm32f4xx_hal_msp.o
    0x0800285c   0x0800285c   0x00000048   Code   RO         3421    i.HAL_UART_Receive_IT  stm32f4xx_hal_uart.o
    0x080028a4   0x080028a4   0x00000228   Code   RO          557    i.HAL_UART_RxCpltCallback  main.o
    0x08002acc   0x08002acc   0x000000ba   Code   RO         3424    i.HAL_UART_Transmit  stm32f4xx_hal_uart.o
    0x08002b86   0x08002b86   0x00000002   Code   RO         3427    i.HAL_UART_TxCpltCallback  stm32f4xx_hal_uart.o
    0x08002b88   0x08002b88   0x00000002   Code   RO          804    i.HardFault_Handler  stm32f4xx_it.o
    0x08002b8a   0x08002b8a   0x00000002   PAD
    0x08002b8c   0x08002b8c   0x00000058   Code   RO          558    i.MX_ADC1_Init      main.o
    0x08002be4   0x08002be4   0x000001c8   Code   RO          559    i.MX_GPIO_Init      main.o
    0x08002dac   0x08002dac   0x000000d0   Code   RO          631    i.MX_LWIP_Init      lwip.o
    0x08002e7c   0x08002e7c   0x00000060   Code   RO          632    i.MX_LWIP_Process   lwip.o
    0x08002edc   0x08002edc   0x00000054   Code   RO          560    i.MX_TIM1_Init      main.o
    0x08002f30   0x08002f30   0x0000005c   Code   RO          561    i.MX_TIM3_Init      main.o
    0x08002f8c   0x08002f8c   0x00000002   Code   RO          805    i.MemManage_Handler  stm32f4xx_it.o
    0x08002f8e   0x08002f8e   0x00000002   Code   RO          806    i.NMI_Handler       stm32f4xx_it.o
    0x08002f90   0x08002f90   0x00000020   Code   RO         4474    i.NVIC_SetPriority  stm32f4xx_hal_cortex.o
    0x08002fb0   0x08002fb0   0x00000002   Code   RO          807    i.PendSV_Handler    stm32f4xx_it.o
    0x08002fb2   0x08002fb2   0x00000002   PAD
    0x08002fb4   0x08002fb4   0x0000003a   Code   RO         2175    i.RTC_EnterInitMode  stm32f4xx_hal_rtc.o
    0x08002fee   0x08002fee   0x00000002   PAD
    0x08002ff0   0x08002ff0   0x0000005c   Code   RO            4    i.STMFLASH_EraseSector  flash.o
    0x0800304c   0x0800304c   0x000000a0   Code   RO            5    i.STMFLASH_GetFlashSector  flash.o
    0x080030ec   0x080030ec   0x00000028   Code   RO            6    i.STMFLASH_GetStatus  flash.o
    0x08003114   0x08003114   0x00000010   Code   RO            7    i.STMFLASH_Lock     flash.o
    0x08003124   0x08003124   0x00000014   Code   RO            8    i.STMFLASH_Read     flash.o
    0x08003138   0x08003138   0x00000018   Code   RO           10    i.STMFLASH_Unlock   flash.o
    0x08003150   0x08003150   0x00000020   Code   RO           11    i.STMFLASH_WaitDone  flash.o
    0x08003170   0x08003170   0x00000084   Code   RO           12    i.STMFLASH_Write    flash.o
    0x080031f4   0x080031f4   0x00000044   Code   RO           13    i.STMFLASH_WriteWord  flash.o
    0x08003238   0x08003238   0x00000002   Code   RO          808    i.SVC_Handler       stm32f4xx_it.o
    0x0800323a   0x0800323a   0x0000000e   Code   RO          809    i.SysTick_Handler   stm32f4xx_it.o
    0x08003248   0x08003248   0x000000b0   Code   RO          562    i.SystemClock_Config  main.o
    0x080032f8   0x080032f8   0x00000054   Code   RO         1691    i.SystemInit        system_stm32f4xx.o
    0x0800334c   0x0800334c   0x0000000c   Code   RO          810    i.TIM1_UP_TIM10_IRQHandler  stm32f4xx_it.o
    0x08003358   0x08003358   0x000000c0   Code   RO         2607    i.TIM_Base_SetConfig  stm32f4xx_hal_tim.o
    0x08003418   0x08003418   0x00000014   Code   RO         2614    i.TIM_ETR_SetConfig  stm32f4xx_hal_tim.o
    0x0800342c   0x0800342c   0x00000010   Code   RO         2615    i.TIM_ITRx_SetConfig  stm32f4xx_hal_tim.o
    0x0800343c   0x0800343c   0x00000058   Code   RO         2616    i.TIM_OC1_SetConfig  stm32f4xx_hal_tim.o
    0x08003494   0x08003494   0x00000064   Code   RO         2617    i.TIM_OC2_SetConfig  stm32f4xx_hal_tim.o
    0x080034f8   0x080034f8   0x00000060   Code   RO         2618    i.TIM_OC3_SetConfig  stm32f4xx_hal_tim.o
    0x08003558   0x08003558   0x00000050   Code   RO         2619    i.TIM_OC4_SetConfig  stm32f4xx_hal_tim.o
    0x080035a8   0x080035a8   0x00000022   Code   RO         2621    i.TIM_TI1_ConfigInputStage  stm32f4xx_hal_tim.o
    0x080035ca   0x080035ca   0x00000024   Code   RO         2623    i.TIM_TI2_ConfigInputStage  stm32f4xx_hal_tim.o
    0x080035ee   0x080035ee   0x00000002   PAD
    0x080035f0   0x080035f0   0x0000000c   Code   RO          811    i.UART4_IRQHandler  stm32f4xx_it.o
    0x080035fc   0x080035fc   0x00000010   Code   RO         3429    i.UART_DMAAbortOnError  stm32f4xx_hal_uart.o
    0x0800360c   0x0800360c   0x0000001c   Code   RO         3439    i.UART_EndRxTransfer  stm32f4xx_hal_uart.o
    0x08003628   0x08003628   0x0000008c   Code   RO         3441    i.UART_Receive_IT   stm32f4xx_hal_uart.o
    0x080036b4   0x080036b4   0x000002ac   Code   RO         3442    i.UART_SetConfig    stm32f4xx_hal_uart.o
    0x08003960   0x08003960   0x00000062   Code   RO         3443    i.UART_Transmit_IT  stm32f4xx_hal_uart.o
    0x080039c2   0x080039c2   0x00000064   Code   RO         3444    i.UART_WaitOnFlagUntilTimeout  stm32f4xx_hal_uart.o
    0x08003a26   0x08003a26   0x00000002   PAD
    0x08003a28   0x08003a28   0x00000020   Code   RO          812    i.USART1_IRQHandler  stm32f4xx_it.o
    0x08003a48   0x08003a48   0x00000020   Code   RO          813    i.USART2_IRQHandler  stm32f4xx_it.o
    0x08003a68   0x08003a68   0x00000020   Code   RO          814    i.USART6_IRQHandler  stm32f4xx_it.o
    0x08003a88   0x08003a88   0x00000002   Code   RO          815    i.UsageFault_Handler  stm32f4xx_it.o
    0x08003a8a   0x08003a8a   0x00000002   PAD
    0x08003a8c   0x08003a8c   0x00000020   Code   RO         7882    i.__0printf$3       mc_w.l(printf3.o)
    0x08003aac   0x08003aac   0x0000000e   Code   RO         8098    i.__scatterload_copy  mc_w.l(handlers.o)
    0x08003aba   0x08003aba   0x00000002   Code   RO         8099    i.__scatterload_null  mc_w.l(handlers.o)
    0x08003abc   0x08003abc   0x0000000e   Code   RO         8100    i.__scatterload_zeroinit  mc_w.l(handlers.o)
    0x08003aca   0x08003aca   0x00000002   PAD
    0x08003acc   0x08003acc   0x000001b8   Code   RO         7889    i._printf_core      mc_w.l(printf3.o)
    0x08003c84   0x08003c84   0x00000098   Code   RO         1423    i.ac_detect         battery.o
    0x08003d1c   0x08003d1c   0x00000038   Code   RO         1344    i.alarm_output      alarm.o
    0x08003d54   0x08003d54   0x0000000e   Code   RO         1345    i.alarm_sta_detect_process  alarm.o
    0x08003d62   0x08003d62   0x00000002   PAD
    0x08003d64   0x08003d64   0x000000b0   Code   RO         1424    i.bettery_manage_process  battery.o
    0x08003e14   0x08003e14   0x00000090   Code   RO         1528    i.built_tcp_link    sim800c.o
    0x08003ea4   0x08003ea4   0x00000010   Code   RO         1346    i.buzz              alarm.o
    0x08003eb4   0x08003eb4   0x00000032   Code   RO         1529    i.check_sim800c_cmd  sim800c.o
    0x08003ee6   0x08003ee6   0x00000002   PAD
    0x08003ee8   0x08003ee8   0x00000088   Code   RO         1530    i.check_sim_attach_gprs  sim800c.o
    0x08003f70   0x08003f70   0x0000007c   Code   RO         1531    i.check_sim_exist   sim800c.o
    0x08003fec   0x08003fec   0x00000090   Code   RO         1532    i.check_sim_network_registration  sim800c.o
    0x0800407c   0x0800407c   0x0000008c   Code   RO         1533    i.check_sim_signal_level  sim800c.o
    0x08004108   0x08004108   0x00000012   Code   RO         1003    i.clear_digit       display.o
    0x0800411a   0x0800411a   0x00000012   Code   RO         1004    i.clear_digit_word  display.o
    0x0800412c   0x0800412c   0x0000002e   Code   RO         1005    i.clear_screen      display.o
    0x0800415a   0x0800415a   0x00000002   PAD
    0x0800415c   0x0800415c   0x00000044   Code   RO         1006    i.communication_icon_update_process  display.o
    0x080041a0   0x080041a0   0x0000001c   Code   RO         6817    i.cyclic_timer      timeouts.o
    0x080041bc   0x080041bc   0x0000000c   Code   RO         1007    i.delay_display     display.o
    0x080041c8   0x080041c8   0x0000005c   Code   RO         1347    i.demolition_detect_process  alarm.o
    0x08004224   0x08004224   0x0000009c   Code   RO         5829    i.do_memp_free_pool  memp.o
    0x080042c0   0x080042c0   0x000000a4   Code   RO         5830    i.do_memp_malloc_pool  memp.o
    0x08004364   0x08004364   0x0000063c   Code   RO         1008    i.dynamic_lcd_process  display.o
    0x080049a0   0x080049a0   0x00000030   Code   RO         7046    i.etharp_cleanup_netif  etharp.o
    0x080049d0   0x080049d0   0x00000258   Code   RO         7048    i.etharp_find_entry  etharp.o
    0x08004c28   0x08004c28   0x00000024   Code   RO         7049    i.etharp_free_entry  etharp.o
    0x08004c4c   0x08004c4c   0x00000104   Code   RO         7051    i.etharp_input      etharp.o
    0x08004d50   0x08004d50   0x000001ac   Code   RO         7052    i.etharp_output     etharp.o
    0x08004efc   0x08004efc   0x00000110   Code   RO         7053    i.etharp_output_to_arp_index  etharp.o
    0x0800500c   0x0800500c   0x000001d8   Code   RO         7054    i.etharp_query      etharp.o
    0x080051e4   0x080051e4   0x00000170   Code   RO         7055    i.etharp_raw        etharp.o
    0x08005354   0x08005354   0x0000000c   Code   RO         7056    i.etharp_request    etharp.o
    0x08005360   0x08005360   0x00000020   Code   RO         7057    i.etharp_request_dst  etharp.o
    0x08005380   0x08005380   0x00000060   Code   RO         7058    i.etharp_tmr        etharp.o
    0x080053e0   0x080053e0   0x0000011c   Code   RO         7059    i.etharp_update_arp_entry  etharp.o
    0x080054fc   0x080054fc   0x000000a0   Code   RO         5200    i.ethernet_input    ethernet.o
    0x0800559c   0x0800559c   0x000000f8   Code   RO         5201    i.ethernet_output   ethernet.o
    0x08005694   0x08005694   0x00000088   Code   RO          721    i.ethernetif_init   ethernetif.o
    0x0800571c   0x0800571c   0x00000022   Code   RO          722    i.ethernetif_input  ethernetif.o
    0x0800573e   0x0800573e   0x00000012   Code   RO         8068    i.fputc             mc_w.l(fputc.o)
    0x08005750   0x08005750   0x00000100   Code   RO         1425    i.get_battery_capacity  battery.o
    0x08005850   0x08005850   0x00000090   Code   RO         1426    i.get_battery_voltage  battery.o
    0x080058e0   0x080058e0   0x00000018   Code   RO         1427    i.get_charge_sta    battery.o
    0x080058f8   0x080058f8   0x00000008   Code   RO         7146    i.icmp_dest_unreach  icmp.o
    0x08005900   0x08005900   0x000001e4   Code   RO         7147    i.icmp_input        icmp.o
    0x08005ae4   0x08005ae4   0x0000010c   Code   RO         7148    i.icmp_send_response  icmp.o
    0x08005bf0   0x08005bf0   0x00000008   Code   RO         7149    i.icmp_time_exceeded  icmp.o
    0x08005bf8   0x08005bf8   0x00000064   Code   RO         1617    i.init_control_uint  master_manage.o
    0x08005c5c   0x08005c5c   0x00000038   Code   RO         1618    i.inquire_ctrl_sta  master_manage.o
    0x08005c94   0x08005c94   0x00000024   Code   RO         1619    i.inquire_ctrl_sta_process  master_manage.o
    0x08005cb8   0x08005cb8   0x0000002e   Code   RO         7265    i.ip4_addr_isbroadcast_u32  ip4_addr.o
    0x08005ce6   0x08005ce6   0x00000002   PAD
    0x08005ce8   0x08005ce8   0x00000254   Code   RO         7331    i.ip4_frag          ip4_frag.o
    0x08005f3c   0x08005f3c   0x000001a4   Code   RO         7212    i.ip4_input         ip4.o
    0x080060e0   0x080060e0   0x0000001e   Code   RO         7214    i.ip4_output_if     ip4.o
    0x080060fe   0x080060fe   0x00000002   PAD
    0x08006100   0x08006100   0x0000016c   Code   RO         7215    i.ip4_output_if_src  ip4.o
    0x0800626c   0x0800626c   0x000001b4   Code   RO         7332    i.ip4_reass         ip4_frag.o
    0x08006420   0x08006420   0x0000005c   Code   RO         7216    i.ip4_route         ip4.o
    0x0800647c   0x0800647c   0x00000090   Code   RO         7333    i.ip_frag_free_pbuf_custom_ref  ip4_frag.o
    0x0800650c   0x0800650c   0x00000260   Code   RO         7334    i.ip_reass_chain_frag_into_datagram_and_validate  ip4_frag.o
    0x0800676c   0x0800676c   0x000000bc   Code   RO         7335    i.ip_reass_dequeue_datagram  ip4_frag.o
    0x08006828   0x08006828   0x00000190   Code   RO         7336    i.ip_reass_free_complete_datagram  ip4_frag.o
    0x080069b8   0x080069b8   0x00000080   Code   RO         7337    i.ip_reass_remove_oldest_datagram  ip4_frag.o
    0x08006a38   0x08006a38   0x0000002c   Code   RO         7338    i.ip_reass_tmr      ip4_frag.o
    0x08006a64   0x08006a64   0x00000098   Code   RO         7339    i.ipfrag_free_pbuf_custom  ip4_frag.o
    0x08006afc   0x08006afc   0x00000050   Code   RO         1280    i.key_action        keyboard.o
    0x08006b4c   0x08006b4c   0x00000068   Code   RO         1281    i.key_drive         keyboard.o
    0x08006bb4   0x08006bb4   0x000000a8   Code   RO         1282    i.key_scan          keyboard.o
    0x08006c5c   0x08006c5c   0x0000004c   Code   RO         1009    i.lcd_address       display.o
    0x08006ca8   0x08006ca8   0x00000194   Code   RO         1010    i.lcd_init          display.o
    0x08006e3c   0x08006e3c   0x00000022   Code   RO         1012    i.lcd_show_16x16    display.o
    0x08006e5e   0x08006e5e   0x00000002   PAD
    0x08006e60   0x08006e60   0x00000034   Code   RO         1013    i.lcd_show_256x160  display.o
    0x08006e94   0x08006e94   0x00000022   Code   RO         1014    i.lcd_show_32x16    display.o
    0x08006eb6   0x08006eb6   0x00000002   PAD
    0x08006eb8   0x08006eb8   0x00000022   Code   RO         1016    i.lcd_show_8x16     display.o
    0x08006eda   0x08006eda   0x00000002   PAD
    0x08006edc   0x08006edc   0x000000a8   Code   RO         1017    i.lcd_show_auto_detect_comfirm_page  display.o
    0x08006f84   0x08006f84   0x00000034   Code   RO         1018    i.lcd_show_chs_16x16  display.o
    0x08006fb8   0x08006fb8   0x0000000c   Code   RO         1019    i.lcd_show_hollow_circle  display.o
    0x08006fc4   0x08006fc4   0x000001f0   Code   RO         1020    i.lcd_show_local_ip_set_page  display.o
    0x080071b4   0x080071b4   0x0000012c   Code   RO         1021    i.lcd_show_main_page  display.o
    0x080072e0   0x080072e0   0x000000ec   Code   RO         1022    i.lcd_show_master_type_set_page  display.o
    0x080073cc   0x080073cc   0x00000090   Code   RO         1023    i.lcd_show_menu_page  display.o
    0x0800745c   0x0800745c   0x00000118   Code   RO         1024    i.lcd_show_remote_ip_set_page  display.o
    0x08007574   0x08007574   0x0000003c   Code   RO         1025    i.lcd_show_sensitivity_icon  display.o
    0x080075b0   0x080075b0   0x0000000c   Code   RO         1026    i.lcd_show_solid_circle  display.o
    0x080075bc   0x080075bc   0x00000038   Code   RO         1027    i.lcd_show_str_8x16  display.o
    0x080075f4   0x080075f4   0x00000028   Code   RO         1028    i.lcd_show_zone1_mode  display.o
    0x0800761c   0x0800761c   0x00000010   Code   RO         1029    i.lcd_show_zone1_sensitivity  display.o
    0x0800762c   0x0800762c   0x0000004c   Code   RO         1030    i.lcd_show_zone1_sta  display.o
    0x08007678   0x08007678   0x00000088   Code   RO         1031    i.lcd_show_zone1_voltage  display.o
    0x08007700   0x08007700   0x00000028   Code   RO         1032    i.lcd_show_zone2_mode  display.o
    0x08007728   0x08007728   0x00000010   Code   RO         1033    i.lcd_show_zone2_sensitivity  display.o
    0x08007738   0x08007738   0x0000004c   Code   RO         1034    i.lcd_show_zone2_sta  display.o
    0x08007784   0x08007784   0x00000088   Code   RO         1035    i.lcd_show_zone2_voltage  display.o
    0x0800780c   0x0800780c   0x00000084   Code   RO         1036    i.lcd_transfer_command  display.o
    0x08007890   0x08007890   0x00000084   Code   RO         1037    i.lcd_transfer_data  display.o
    0x08007914   0x08007914   0x00000016   Code   RO         1038    i.led_alarm         display.o
    0x0800792a   0x0800792a   0x00000002   PAD
    0x0800792c   0x0800792c   0x00000020   Code   RO         1039    i.led_arming        display.o
    0x0800794c   0x0800794c   0x00000020   Code   RO         1040    i.led_dismantle     display.o
    0x0800796c   0x0800796c   0x00000020   Code   RO         1041    i.led_zone1_alarm   display.o
    0x0800798c   0x0800798c   0x00000020   Code   RO         1042    i.led_zone2_alarm   display.o
    0x080079ac   0x080079ac   0x000000bc   Code   RO          633    i.local_network_set  lwip.o
    0x08007a68   0x08007a68   0x00000058   Code   RO         1283    i.long_press_action  keyboard.o
    0x08007ac0   0x08007ac0   0x000000ec   Code   RO          723    i.low_level_init    ethernetif.o
    0x08007bac   0x08007bac   0x000000bc   Code   RO          724    i.low_level_input   ethernetif.o
    0x08007c68   0x08007c68   0x000000a8   Code   RO          725    i.low_level_output  ethernetif.o
    0x08007d10   0x08007d10   0x00000004   Code   RO         5514    i.lwip_htonl        def.o
    0x08007d14   0x08007d14   0x00000004   Code   RO         5515    i.lwip_htons        def.o
    0x08007d18   0x08007d18   0x0000001e   Code   RO         5667    i.lwip_init         init.o
    0x08007d36   0x08007d36   0x00000002   PAD
    0x08007d38   0x08007d38   0x000001e4   Code   RO          564    i.main              main.o
    0x08007f1c   0x08007f1c   0x0000003c   Code   RO         1478    i.max485_send_str   max485.o
    0x08007f58   0x08007f58   0x0000028c   Code   RO         1479    i.max_485_1_deal    max485.o
    0x080081e4   0x080081e4   0x000000e4   Code   RO         1480    i.max_485_1_return_master_msg  max485.o
    0x080082c8   0x080082c8   0x0000011c   Code   RO         5763    i.mem_free          mem.o
    0x080083e4   0x080083e4   0x00000034   Code   RO         5764    i.mem_init          mem.o
    0x08008418   0x08008418   0x000001fc   Code   RO         5765    i.mem_malloc        mem.o
    0x08008614   0x08008614   0x00000184   Code   RO         5766    i.mem_trim          mem.o
    0x08008798   0x08008798   0x0000009c   Code   RO         5831    i.memp_free         memp.o
    0x08008834   0x08008834   0x00000020   Code   RO         5833    i.memp_init         memp.o
    0x08008854   0x08008854   0x0000002a   Code   RO         5834    i.memp_init_pool    memp.o
    0x0800887e   0x0800887e   0x00000002   PAD
    0x08008880   0x08008880   0x000000a4   Code   RO         5835    i.memp_malloc       memp.o
    0x08008924   0x08008924   0x000000e0   Code   RO         5960    i.netif_add         netif.o
    0x08008a04   0x08008a04   0x00000002   Code   RO         5962    i.netif_init        netif.o
    0x08008a06   0x08008a06   0x0000001a   Code   RO         5964    i.netif_issue_reports  netif.o
    0x08008a20   0x08008a20   0x00000058   Code   RO         5965    i.netif_remove      netif.o
    0x08008a78   0x08008a78   0x00000048   Code   RO         5966    i.netif_set_addr    netif.o
    0x08008ac0   0x08008ac0   0x0000000c   Code   RO         5967    i.netif_set_default  netif.o
    0x08008acc   0x08008acc   0x0000001a   Code   RO         5968    i.netif_set_down    netif.o
    0x08008ae6   0x08008ae6   0x00000008   Code   RO         5969    i.netif_set_gw      netif.o
    0x08008aee   0x08008aee   0x00000002   PAD
    0x08008af0   0x08008af0   0x00000040   Code   RO         5970    i.netif_set_ipaddr  netif.o
    0x08008b30   0x08008b30   0x00000008   Code   RO         5973    i.netif_set_netmask  netif.o
    0x08008b38   0x08008b38   0x0000001c   Code   RO         5974    i.netif_set_up      netif.o
    0x08008b54   0x08008b54   0x00000020   Code   RO          634    i.network_cable_disconnect_handle  lwip.o
    0x08008b74   0x08008b74   0x000000c4   Code   RO          635    i.network_cable_reconnect_handle  lwip.o
    0x08008c38   0x08008c38   0x00000030   Code   RO         1043    i.num_to_string     display.o
    0x08008c68   0x08008c68   0x0000037c   Code   RO         6088    i.pbuf_alloc        pbuf.o
    0x08008fe4   0x08008fe4   0x000000e0   Code   RO         6089    i.pbuf_alloced_custom  pbuf.o
    0x080090c4   0x080090c4   0x00000130   Code   RO         6090    i.pbuf_cat          pbuf.o
    0x080091f4   0x080091f4   0x00000012   Code   RO         6091    i.pbuf_chain        pbuf.o
    0x08009206   0x08009206   0x00000012   Code   RO         6092    i.pbuf_clen         pbuf.o
    0x08009218   0x08009218   0x000001ec   Code   RO         6094    i.pbuf_copy         pbuf.o
    0x08009404   0x08009404   0x0000011c   Code   RO         6095    i.pbuf_copy_partial  pbuf.o
    0x08009520   0x08009520   0x00000164   Code   RO         6097    i.pbuf_free         pbuf.o
    0x08009684   0x08009684   0x0000002c   Code   RO         6098    i.pbuf_free_ooseq   pbuf.o
    0x080096b0   0x080096b0   0x00000006   Code   RO         6100    i.pbuf_header       pbuf.o
    0x080096b6   0x080096b6   0x00000006   Code   RO         6101    i.pbuf_header_force  pbuf.o
    0x080096bc   0x080096bc   0x00000124   Code   RO         6102    i.pbuf_header_impl  pbuf.o
    0x080097e0   0x080097e0   0x00000198   Code   RO         6106    i.pbuf_realloc      pbuf.o
    0x08009978   0x08009978   0x0000008c   Code   RO         6107    i.pbuf_ref          pbuf.o
    0x08009a04   0x08009a04   0x0000017c   Code   RO         6111    i.pbuf_take         pbuf.o
    0x08009b80   0x08009b80   0x0000017c   Code   RO         5767    i.plug_holes        mem.o
    0x08009cfc   0x08009cfc   0x0000006e   Code   RO         1044    i.port_to_string    display.o
    0x08009d6a   0x08009d6a   0x00000002   PAD
    0x08009d6c   0x08009d6c   0x00000194   Code   RO           15    i.read_data_from_flash  flash.o
    0x08009f00   0x08009f00   0x00000044   Code   RO         1348    i.relay_alarm       alarm.o
    0x08009f44   0x08009f44   0x00000044   Code   RO         1349    i.relay_siren       alarm.o
    0x08009f88   0x08009f88   0x00000034   Code   RO         1620    i.set_ctrl_unit     master_manage.o
    0x08009fbc   0x08009fbc   0x00000078   Code   RO         1534    i.set_transparent_mode  sim800c.o
    0x0800a034   0x0800a034   0x0000007c   Code   RO         1284    i.short_press_key1_action  keyboard.o
    0x0800a0b0   0x0800a0b0   0x000004e6   Code   RO         1285    i.short_press_key2_action  keyboard.o
    0x0800a596   0x0800a596   0x00000002   PAD
    0x0800a598   0x0800a598   0x000004e4   Code   RO         1286    i.short_press_key4_action  keyboard.o
    0x0800aa7c   0x0800aa7c   0x00000524   Code   RO         1287    i.short_press_key5_action  keyboard.o
    0x0800afa0   0x0800afa0   0x0000006c   Code   RO         1535    i.sim800c_init      sim800c.o
    0x0800b00c   0x0800b00c   0x000000ac   Code   RO         1536    i.sim800c_process   sim800c.o
    0x0800b0b8   0x0800b0b8   0x00000078   Code   RO         1537    i.sim800c_sync_uart_baud  sim800c.o
    0x0800b130   0x0800b130   0x00000058   Code   RO         6818    i.sys_check_timeouts  timeouts.o
    0x0800b188   0x0800b188   0x00000004   Code   RO          727    i.sys_now           ethernetif.o
    0x0800b18c   0x0800b18c   0x00000140   Code   RO         6820    i.sys_timeout       timeouts.o
    0x0800b2cc   0x0800b2cc   0x00000034   Code   RO         6821    i.sys_timeouts_init  timeouts.o
    0x0800b300   0x0800b300   0x00000174   Code   RO         6333    i.tcp_abandon       tcp.o
    0x0800b474   0x0800b474   0x00000006   Code   RO         6334    i.tcp_abort         tcp.o
    0x0800b47a   0x0800b47a   0x00000002   PAD
    0x0800b47c   0x0800b47c   0x000000fc   Code   RO         6337    i.tcp_alloc         tcp.o
    0x0800b578   0x0800b578   0x00000014   Code   RO         6340    i.tcp_close         tcp.o
    0x0800b58c   0x0800b58c   0x00000188   Code   RO         6341    i.tcp_close_shutdown  tcp.o
    0x0800b714   0x0800b714   0x000000c4   Code   RO         6342    i.tcp_close_shutdown_fin  tcp.o
    0x0800b7d8   0x0800b7d8   0x00000120   Code   RO         6700    i.tcp_create_segment  tcp_out.o
    0x0800b8f8   0x0800b8f8   0x00000022   Code   RO         6345    i.tcp_eff_send_mss_impl  tcp.o
    0x0800b91a   0x0800b91a   0x00000002   PAD
    0x0800b91c   0x0800b91c   0x0000020c   Code   RO         6701    i.tcp_enqueue_flags  tcp_out.o
    0x0800bb28   0x0800bb28   0x0000006c   Code   RO         6347    i.tcp_fasttmr       tcp.o
    0x0800bb94   0x0800bb94   0x00000030   Code   RO         6616    i.tcp_getoptbyte    tcp_in.o
    0x0800bbc4   0x0800bbc4   0x00000002   Code   RO         6348    i.tcp_init          tcp.o
    0x0800bbc6   0x0800bbc6   0x00000002   PAD
    0x0800bbc8   0x0800bbc8   0x000005d0   Code   RO         6617    i.tcp_input         tcp_in.o
    0x0800c198   0x0800c198   0x00000040   Code   RO         6618    i.tcp_input_delayed_close  tcp_in.o
    0x0800c1d8   0x0800c1d8   0x00000052   Code   RO         6702    i.tcp_keepalive     tcp_out.o
    0x0800c22a   0x0800c22a   0x00000002   PAD
    0x0800c22c   0x0800c22c   0x000000bc   Code   RO         6349    i.tcp_kill_state    tcp.o
    0x0800c2e8   0x0800c2e8   0x000000cc   Code   RO         6350    i.tcp_listen_closed  tcp.o
    0x0800c3b4   0x0800c3b4   0x000000f4   Code   RO         6619    i.tcp_listen_input  tcp_in.o
    0x0800c4a8   0x0800c4a8   0x0000004c   Code   RO         6353    i.tcp_netif_ip_addr_changed  tcp.o
    0x0800c4f4   0x0800c4f4   0x00000022   Code   RO         6354    i.tcp_netif_ip_addr_changed_pcblist  tcp.o
    0x0800c516   0x0800c516   0x00000002   PAD
    0x0800c518   0x0800c518   0x00000010   Code   RO         6358    i.tcp_next_iss      tcp.o
    0x0800c528   0x0800c528   0x00000078   Code   RO         6620    i.tcp_oos_insert_segment  tcp_in.o
    0x0800c5a0   0x0800c5a0   0x000002cc   Code   RO         6703    i.tcp_output        tcp_out.o
    0x0800c86c   0x0800c86c   0x0000010c   Code   RO         6704    i.tcp_output_alloc_header  tcp_out.o
    0x0800c978   0x0800c978   0x000000a8   Code   RO         6705    i.tcp_output_segment  tcp_out.o
    0x0800ca20   0x0800ca20   0x00000074   Code   RO         6621    i.tcp_parseopt      tcp_in.o
    0x0800ca94   0x0800ca94   0x00000042   Code   RO         6359    i.tcp_pcb_purge     tcp.o
    0x0800cad6   0x0800cad6   0x00000002   PAD
    0x0800cad8   0x0800cad8   0x00000130   Code   RO         6360    i.tcp_pcb_remove    tcp.o
    0x0800cc08   0x0800cc08   0x00000484   Code   RO         6622    i.tcp_process       tcp_in.o
    0x0800d08c   0x0800d08c   0x0000006c   Code   RO         6362    i.tcp_process_refused_data  tcp.o
    0x0800d0f8   0x0800d0f8   0x00000a1e   Code   RO         6623    i.tcp_receive       tcp_in.o
    0x0800db16   0x0800db16   0x00000024   Code   RO         6364    i.tcp_recv_null     tcp.o
    0x0800db3a   0x0800db3a   0x00000002   PAD
    0x0800db3c   0x0800db3c   0x00000110   Code   RO         6365    i.tcp_recved        tcp.o
    0x0800dc4c   0x0800dc4c   0x00000056   Code   RO         6707    i.tcp_rexmit        tcp_out.o
    0x0800dca2   0x0800dca2   0x00000058   Code   RO         6708    i.tcp_rexmit_fast   tcp_out.o
    0x0800dcfa   0x0800dcfa   0x00000032   Code   RO         6709    i.tcp_rexmit_rto    tcp_out.o
    0x0800dd2c   0x0800dd2c   0x00000120   Code   RO         6710    i.tcp_rst           tcp_out.o
    0x0800de4c   0x0800de4c   0x00000028   Code   RO         6366    i.tcp_seg_copy      tcp.o
    0x0800de74   0x0800de74   0x0000001c   Code   RO         6367    i.tcp_seg_free      tcp.o
    0x0800de90   0x0800de90   0x00000012   Code   RO         6368    i.tcp_segs_free     tcp.o
    0x0800dea2   0x0800dea2   0x00000072   Code   RO         6711    i.tcp_send_empty_ack  tcp_out.o
    0x0800df14   0x0800df14   0x00000044   Code   RO         6712    i.tcp_send_fin      tcp_out.o
    0x0800df58   0x0800df58   0x000004d8   Code   RO         6372    i.tcp_slowtmr       tcp.o
    0x0800e430   0x0800e430   0x00000034   Code   RO         6824    i.tcp_timer_needed  timeouts.o
    0x0800e464   0x0800e464   0x00000068   Code   RO         6624    i.tcp_timewait_input  tcp_in.o
    0x0800e4cc   0x0800e4cc   0x00000020   Code   RO         6373    i.tcp_tmr           tcp.o
    0x0800e4ec   0x0800e4ec   0x00000010   Code   RO         6625    i.tcp_trigger_input_pcb_close  tcp_in.o
    0x0800e4fc   0x0800e4fc   0x000000c0   Code   RO         6375    i.tcp_update_rcv_ann_wnd  tcp.o
    0x0800e5bc   0x0800e5bc   0x000000b4   Code   RO         6715    i.tcp_zero_window_probe  tcp_out.o
    0x0800e670   0x0800e670   0x00000038   Code   RO         6825    i.tcpip_tcp_timer   timeouts.o
    0x0800e6a8   0x0800e6a8   0x000000dc   Code   RO         1538    i.transparent_data_processing  sim800c.o
    0x0800e784   0x0800e784   0x000002bc   Code   RO         1621    i.uart1_deal        master_manage.o
    0x0800ea40   0x0800ea40   0x000000ac   Code   RO         6897    i.udp_bind          udp.o
    0x0800eaec   0x0800eaec   0x00000050   Code   RO         6898    i.udp_connect       udp.o
    0x0800eb3c   0x0800eb3c   0x00000012   Code   RO          486    i.udp_connection_close  udp_client.o
    0x0800eb4e   0x0800eb4e   0x00000010   Code   RO         6899    i.udp_disconnect    udp.o
    0x0800eb5e   0x0800eb5e   0x00000002   Code   RO         6900    i.udp_init          udp.o
    0x0800eb60   0x0800eb60   0x0000019c   Code   RO         6901    i.udp_input         udp.o
    0x0800ecfc   0x0800ecfc   0x0000006c   Code   RO          487    i.udp_monitor_conf  udp_client.o
    0x0800ed68   0x0800ed68   0x00000070   Code   RO          488    i.udp_monitor_reconf  udp_client.o
    0x0800edd8   0x0800edd8   0x00000034   Code   RO         6902    i.udp_netif_ip_addr_changed  udp.o
    0x0800ee0c   0x0800ee0c   0x0000001a   Code   RO         6903    i.udp_new           udp.o
    0x0800ee26   0x0800ee26   0x00000002   PAD
    0x0800ee28   0x0800ee28   0x00000064   Code   RO          489    i.udp_recevice_callback  udp_client.o
    0x0800ee8c   0x0800ee8c   0x00000006   Code   RO         6905    i.udp_recv          udp.o
    0x0800ee92   0x0800ee92   0x00000002   PAD
    0x0800ee94   0x0800ee94   0x00000030   Code   RO         6906    i.udp_remove        udp.o
    0x0800eec4   0x0800eec4   0x000000ec   Code   RO          490    i.udp_return_master_msg  udp_client.o
    0x0800efb0   0x0800efb0   0x000002d0   Code   RO          491    i.udp_rx_processing  udp_client.o
    0x0800f280   0x0800f280   0x00000044   Code   RO          492    i.udp_send_data     udp_client.o
    0x0800f2c4   0x0800f2c4   0x00000032   Code   RO         6908    i.udp_sendto        udp.o
    0x0800f2f6   0x0800f2f6   0x00000036   Code   RO         6909    i.udp_sendto_if     udp.o
    0x0800f32c   0x0800f32c   0x00000144   Code   RO         6910    i.udp_sendto_if_src  udp.o
    0x0800f470   0x0800f470   0x0000002c   Code   RO           16    i.write_flash_process  flash.o
    0x0800f49c   0x0800f49c   0x0000007c   Code   RO         1350    i.zone1_alarm_sta_detect  alarm.o
    0x0800f518   0x0800f518   0x0000007c   Code   RO         1351    i.zone2_alarm_sta_detect  alarm.o
    0x0800f594   0x0800f594   0x00000010   Data   RO         1692    .constdata          system_stm32f4xx.o
    0x0800f5a4   0x0800f5a4   0x00000008   Data   RO         1693    .constdata          system_stm32f4xx.o
    0x0800f5ac   0x0800f5ac   0x00000006   Data   RO         5202    .constdata          ethernet.o
    0x0800f5b2   0x0800f5b2   0x00000006   Data   RO         5203    .constdata          ethernet.o
    0x0800f5b8   0x0800f5b8   0x0000000c   Data   RO         5846    .constdata          memp.o
    0x0800f5c4   0x0800f5c4   0x0000000c   Data   RO         5847    .constdata          memp.o
    0x0800f5d0   0x0800f5d0   0x0000000c   Data   RO         5848    .constdata          memp.o
    0x0800f5dc   0x0800f5dc   0x0000000c   Data   RO         5849    .constdata          memp.o
    0x0800f5e8   0x0800f5e8   0x0000000c   Data   RO         5850    .constdata          memp.o
    0x0800f5f4   0x0800f5f4   0x0000000c   Data   RO         5851    .constdata          memp.o
    0x0800f600   0x0800f600   0x0000000c   Data   RO         5852    .constdata          memp.o
    0x0800f60c   0x0800f60c   0x0000000c   Data   RO         5853    .constdata          memp.o
    0x0800f618   0x0800f618   0x0000000c   Data   RO         5854    .constdata          memp.o
    0x0800f624   0x0800f624   0x00000024   Data   RO         5855    .constdata          memp.o
    0x0800f648   0x0800f648   0x00000054   Data   RO         6376    .constdata          tcp.o
    0x0800f69c   0x0800f69c   0x00000018   Data   RO         6826    .constdata          timeouts.o
    0x0800f6b4   0x0800f6b4   0x00000004   Data   RO         7272    .constdata          ip4_addr.o
    0x0800f6b8   0x0800f6b8   0x00000075   Data   RO         6377    .conststring        tcp.o
    0x0800f72d   0x0800f72d   0x00000003   PAD
    0x0800f730   0x0800f730   0x00000055   Data   RO         6716    .conststring        tcp_out.o
    0x0800f785   0x0800f785   0x00000003   PAD
    0x0800f788   0x0800f788   0x00000041   Data   RO         7061    .conststring        etharp.o
    0x0800f7c9   0x0800f7c9   0x00000003   PAD
    0x0800f7cc   0x0800f7cc   0x00000020   Data   RO         8096    Region$$Table       anon$$obj.o


    Execution Region RW_IRAM1 (Exec base: 0x20000000, Load base: 0x0800f7ec, Size: 0x00009ce0, Max: 0x00020000, ABSOLUTE, COMPRESSED[0x00000dd4])

    Exec Addr    Load Addr    Size         Type   Attr      Idx    E Section Name        Object

    0x20000000   COMPRESSED   0x00000002   Data   RW           18    .data               flash.o
    0x20000002   COMPRESSED   0x00000002   Data   RW           19    .data               flash.o
    0x20000004   COMPRESSED   0x00000018   Data   RW          394    .data               tcp_client.o
    0x2000001c   COMPRESSED   0x00000014   Data   RW          494    .data               udp_client.o
    0x20000030   COMPRESSED   0x00000020   Data   RW          566    .data               main.o
    0x20000050   COMPRESSED   0x0000001c   Data   RW          641    .data               lwip.o
    0x2000006c   COMPRESSED   0x0000154a   Data   RW         1045    .data               display.o
    0x200015b6   COMPRESSED   0x00000001   Data   RW         1046    .data               display.o
    0x200015b7   COMPRESSED   0x00000001   Data   RW         1047    .data               display.o
    0x200015b8   COMPRESSED   0x00000002   Data   RW         1048    .data               display.o
    0x200015ba   COMPRESSED   0x00001400   Data   RW         1049    .data               display.o
    0x200029ba   COMPRESSED   0x00000180   Data   RW         1052    .data               display.o
    0x20002b3a   COMPRESSED   0x00000004   Data   RW         1054    .data               display.o
    0x20002b3e   COMPRESSED   0x00000003   Data   RW         1055    .data               display.o
    0x20002b41   COMPRESSED   0x00000003   Data   RW         1056    .data               display.o
    0x20002b44   COMPRESSED   0x0000001e   Data   RW         1289    .data               keyboard.o
    0x20002b62   COMPRESSED   0x00000002   PAD
    0x20002b64   COMPRESSED   0x00000014   Data   RW         1352    .data               alarm.o
    0x20002b78   COMPRESSED   0x00000004   Data   RW         1353    .data               alarm.o
    0x20002b7c   COMPRESSED   0x00000004   Data   RW         1354    .data               alarm.o
    0x20002b80   COMPRESSED   0x00000004   Data   RW         1355    .data               alarm.o
    0x20002b84   COMPRESSED   0x00000004   Data   RW         1356    .data               alarm.o
    0x20002b88   COMPRESSED   0x00000004   Data   RW         1357    .data               alarm.o
    0x20002b8c   COMPRESSED   0x00000004   Data   RW         1358    .data               alarm.o
    0x20002b90   COMPRESSED   0x00000004   Data   RW         1359    .data               alarm.o
    0x20002b94   COMPRESSED   0x0000000c   Data   RW         1428    .data               battery.o
    0x20002ba0   COMPRESSED   0x00000001   Data   RW         1483    .data               max485.o
    0x20002ba1   COMPRESSED   0x00000001   Data   RW         1484    .data               max485.o
    0x20002ba2   COMPRESSED   0x00000001   Data   RW         1485    .data               max485.o
    0x20002ba3   COMPRESSED   0x00000001   Data   RW         1540    .data               sim800c.o
    0x20002ba4   COMPRESSED   0x00000005   Data   RW         1541    .data               sim800c.o
    0x20002ba9   COMPRESSED   0x00000001   Data   RW         1542    .data               sim800c.o
    0x20002baa   COMPRESSED   0x00000001   Data   RW         1543    .data               sim800c.o
    0x20002bab   COMPRESSED   0x00000001   PAD
    0x20002bac   COMPRESSED   0x00000002   Data   RW         1544    .data               sim800c.o
    0x20002bae   COMPRESSED   0x00000001   Data   RW         1545    .data               sim800c.o
    0x20002baf   COMPRESSED   0x00000012   Data   RW         1624    .data               master_manage.o
    0x20002bc1   COMPRESSED   0x00000004   Data   RW         1625    .data               master_manage.o
    0x20002bc5   COMPRESSED   0x00000004   Data   RW         1626    .data               master_manage.o
    0x20002bc9   COMPRESSED   0x00000004   Data   RW         1627    .data               master_manage.o
    0x20002bcd   COMPRESSED   0x00000004   Data   RW         1628    .data               master_manage.o
    0x20002bd1   COMPRESSED   0x00000001   PAD
    0x20002bd2   COMPRESSED   0x00000002   Data   RW         1629    .data               master_manage.o
    0x20002bd4   COMPRESSED   0x00000001   Data   RW         1630    .data               master_manage.o
    0x20002bd5   COMPRESSED   0x00000001   Data   RW         1631    .data               master_manage.o
    0x20002bd6   COMPRESSED   0x00000001   Data   RW         1632    .data               master_manage.o
    0x20002bd7   COMPRESSED   0x00000001   PAD
    0x20002bd8   COMPRESSED   0x00000004   Data   RW         1694    .data               system_stm32f4xx.o
    0x20002bdc   COMPRESSED   0x0000000c   Data   RW         4616    .data               stm32f4xx_hal.o
    0x20002be8   COMPRESSED   0x0000000c   Data   RW         5769    .data               mem.o
    0x20002bf4   COMPRESSED   0x00000004   Data   RW         5856    .data               memp.o
    0x20002bf8   COMPRESSED   0x00000004   Data   RW         5857    .data               memp.o
    0x20002bfc   COMPRESSED   0x00000004   Data   RW         5858    .data               memp.o
    0x20002c00   COMPRESSED   0x00000004   Data   RW         5859    .data               memp.o
    0x20002c04   COMPRESSED   0x00000004   Data   RW         5860    .data               memp.o
    0x20002c08   COMPRESSED   0x00000004   Data   RW         5861    .data               memp.o
    0x20002c0c   COMPRESSED   0x00000004   Data   RW         5862    .data               memp.o
    0x20002c10   COMPRESSED   0x00000004   Data   RW         5863    .data               memp.o
    0x20002c14   COMPRESSED   0x00000004   Data   RW         5864    .data               memp.o
    0x20002c18   COMPRESSED   0x0000000c   Data   RW         5975    .data               netif.o
    0x20002c24   COMPRESSED   0x00000001   Data   RW         6114    .data               pbuf.o
    0x20002c25   COMPRESSED   0x00000003   PAD
    0x20002c28   COMPRESSED   0x00000020   Data   RW         6378    .data               tcp.o
    0x20002c48   COMPRESSED   0x00000024   Data   RW         6627    .data               tcp_in.o
    0x20002c6c   COMPRESSED   0x0000000c   Data   RW         6827    .data               timeouts.o
    0x20002c78   COMPRESSED   0x00000008   Data   RW         6911    .data               udp.o
    0x20002c80   COMPRESSED   0x00000001   Data   RW         7062    .data               etharp.o
    0x20002c81   COMPRESSED   0x00000001   PAD
    0x20002c82   COMPRESSED   0x00000002   Data   RW         7217    .data               ip4.o
    0x20002c84   COMPRESSED   0x00000008   Data   RW         7340    .data               ip4_frag.o
    0x20002c8c   COMPRESSED   0x00000004   Data   RW         8070    .data               mc_w.l(stdout.o)
    0x20002c90        -       0x00000034   Zero   RW           17    .bss                flash.o
    0x20002cc4        -       0x000000c8   Zero   RW          392    .bss                tcp_client.o
    0x20002d8c        -       0x000000c8   Zero   RW          493    .bss                udp_client.o
    0x20002e54        -       0x000001e0   Zero   RW          565    .bss                main.o
    0x20003034        -       0x00000030   Zero   RW          640    .bss                lwip.o
    0x20003064        -       0x000030e8   Zero   RW          728    .bss                ethernetif.o
    0x2000614c        -       0x0000000a   Zero   RW         1288    .bss                keyboard.o
    0x20006156        -       0x00000032   Zero   RW         1481    .bss                max485.o
    0x20006188        -       0x00000032   Zero   RW         1482    .bss                max485.o
    0x200061ba        -       0x000000a4   Zero   RW         1539    .bss                sim800c.o
    0x2000625e        -       0x00000032   Zero   RW         1622    .bss                master_manage.o
    0x20006290        -       0x00000032   Zero   RW         1623    .bss                master_manage.o
    0x200062c2   COMPRESSED   0x00000002   PAD
    0x200062c4        -       0x00000018   Zero   RW         5731    .bss                ip.o
    0x200062dc        -       0x00000653   Zero   RW         5768    .bss                mem.o
    0x2000692f        -       0x00000083   Zero   RW         5837    .bss                memp.o
    0x200069b2        -       0x000002fb   Zero   RW         5838    .bss                memp.o
    0x20006cad        -       0x000000e3   Zero   RW         5839    .bss                memp.o
    0x20006d90        -       0x00000103   Zero   RW         5840    .bss                memp.o
    0x20006e93        -       0x000000a3   Zero   RW         5841    .bss                memp.o
    0x20006f36        -       0x0000016b   Zero   RW         5842    .bss                memp.o
    0x200070a1        -       0x00000033   Zero   RW         5843    .bss                memp.o
    0x200070d4        -       0x00000103   Zero   RW         5844    .bss                memp.o
    0x200071d7        -       0x00002603   Zero   RW         5845    .bss                memp.o
    0x200097da   COMPRESSED   0x00000002   PAD
    0x200097dc        -       0x00000010   Zero   RW         6626    .bss                tcp_in.o
    0x200097ec        -       0x000000f0   Zero   RW         7060    .bss                etharp.o
    0x200098dc   COMPRESSED   0x00000004   PAD
    0x200098e0        -       0x00000400   Zero   RW         1680    STACK               startup_stm32f407xx.o


==============================================================================

Image component sizes


      Code (inc. data)   RO Data    RW Data    ZI Data      Debug   Object Name

       562         56          0         48          0       6959   alarm.o
         0          0          0          0          0       1668   auth.o
       752         84          0         12          0       5036   battery.o
         8          0          0          0          0       1218   def.o
      5316        404          0      10968          0      34144   display.o
      2908       1172         65          1        240      13483   etharp.o
       408        156         12          0          0       2922   ethernet.o
      1074        160          0          0      12520       7378   ethernetif.o
      1032        172          0          4         52     777921   flash.o
       768        350          0          0          0       4722   icmp.o
        30          0          0          0          0       2108   init.o
         0          0          0          0         24       6181   ip.o
       906        180          0          2          0       5404   ip4.o
        46          0          4          0          0       7254   ip4_addr.o
      2696       1024          0          8          0      12186   ip4_frag.o
      4386        316          0         30         10       9211   keyboard.o
       720         70          0         28         48       4366   lwip.o
      2712        338          0         32        480       9323   main.o
       944        134          0         39        100       6825   master_manage.o
       990        102          0          3        100       5417   max485.o
      1612        802          0         12       1619       6121   mem.o
       714        498        144         36      11947      10750   memp.o
       558        136          0         12          0      11204   netif.o
      3864       2048          0          1          0      25362   pbuf.o
      1478        372          0         11        164       9973   sim800c.o
         0          0          0          0          0       1414   slipif.o
        36          8        392          0       1024        852   startup_stm32f407xx.o
       180         28          0         12          0       4981   stm32f4xx_hal.o
      1064         46          0          0          0       5598   stm32f4xx_hal_adc.o
       250         14          0          0          0      33383   stm32f4xx_hal_cortex.o
        36          0          0          0          0       1331   stm32f4xx_hal_dma.o
      2154         72          0          0          0      16078   stm32f4xx_hal_eth.o
       780         84          0          0          0       4301   stm32f4xx_hal_gpio.o
       596         96          0          0          0       5268   stm32f4xx_hal_msp.o
      1272         82          0          0          0       6024   stm32f4xx_hal_rcc.o
       316         20          0          0          0       1504   stm32f4xx_hal_rcc_ex.o
       284          6          0          0          0       3088   stm32f4xx_hal_rtc.o
      1610         80          0          0          0      15578   stm32f4xx_hal_tim.o
        84          0          0          0          0       2638   stm32f4xx_hal_tim_ex.o
      1698         14          0          0          0      10507   stm32f4xx_hal_uart.o
       162         48          0          0          0       7889   stm32f4xx_it.o
        84         18         24          4          0       1327   system_stm32f4xx.o
      4236       1544        201         32          0      33730   tcp.o
         0          0          0         24        200       1807   tcp_client.o
      5946       1226          0         36         16      21303   tcp_in.o
      2920        828         85          0          0      22414   tcp_out.o
       596        222         24         12          0       6387   timeouts.o
      1242        278          0          8          0      12905   udp.o
      1362        144          0         20        200       6831   udp_client.o

    ----------------------------------------------------------------------
     61466      13432        992      11404      28752    1214274   Object Totals
         0          0         32          0          0          0   (incl. Generated)
        74          0          9          9          8          0   (incl. Padding)

    ----------------------------------------------------------------------

      Code (inc. data)   RO Data    RW Data    ZI Data      Debug   Library Member Name

        86          0          0          0          0          0   __dczerorl2.o
         0          0          0          0          0          0   entry.o
         0          0          0          0          0          0   entry10a.o
         0          0          0          0          0          0   entry11a.o
         8          4          0          0          0          0   entry2.o
         4          0          0          0          0          0   entry5.o
         0          0          0          0          0          0   entry7b.o
         0          0          0          0          0          0   entry8b.o
         8          4          0          0          0          0   entry9a.o
        18          0          0          0          0         80   fputc.o
        30          0          0          0          0          0   handlers.o
        36          8          0          0          0         68   init.o
         0          0          0          0          0          0   iusesemip.o
        30          0          0          0          0         68   llshl.o
        32          0          0          0          0         68   llushr.o
        26          0          0          0          0         80   memcmp.o
        36          0          0          0          0         68   memcpya.o
        36          0          0          0          0        108   memseta.o
       472         14          0          0          0        184   printf3.o
         0          0          0          0          0          0   semi.o
         0          0          0          4          0          0   stdout.o
        28          0          0          0          0         76   strcmp.o
        14          0          0          0          0         68   strlen.o
        44          0          0          0          0         80   uidiv.o
        98          0          0          0          0         92   uldiv.o

    ----------------------------------------------------------------------
      1010         30          0          4          0       1040   Library Totals
         4          0          0          0          0          0   (incl. Padding)

    ----------------------------------------------------------------------

      Code (inc. data)   RO Data    RW Data    ZI Data      Debug   Library Name

      1006         30          0          4          0       1040   mc_w.l

    ----------------------------------------------------------------------
      1010         30          0          4          0       1040   Library Totals

    ----------------------------------------------------------------------

==============================================================================


      Code (inc. data)   RO Data    RW Data    ZI Data      Debug   

     62476      13462        992      11408      28752    1179230   Grand Totals
     62476      13462        992       3540      28752    1179230   ELF Image Totals (compressed)
     62476      13462        992       3540          0          0   ROM Totals

==============================================================================

    Total RO  Size (Code + RO Data)                63468 (  61.98kB)
    Total RW  Size (RW Data + ZI Data)             40160 (  39.22kB)
    Total ROM Size (Code + RO Data + RW Data)      67008 (  65.44kB)

==============================================================================

