Component: ARM Compiler 5.06 update 6 (build 750) Tool: armlink [4d35ed]

==============================================================================

Section Cross References

    main.o(i.HAL_TIM_PeriodElapsedCallback) refers to stm32f4xx_hal_uart.o(i.HAL_UART_Receive_IT) for HAL_UART_Receive_IT
    main.o(i.HAL_TIM_PeriodElapsedCallback) refers to keyboard.o(i.key_scan) for key_scan
    main.o(i.HAL_TIM_PeriodElapsedCallback) refers to alarm.o(i.alarm_output) for alarm_output
    main.o(i.HAL_TIM_PeriodElapsedCallback) refers to alarm.o(i.relay_alarm) for relay_alarm
    main.o(i.HAL_TIM_PeriodElapsedCallback) refers to display.o(i.led_dismantle) for led_dismantle
    main.o(i.HAL_TIM_PeriodElapsedCallback) refers to sim800c.o(i.transparent_data_processing) for transparent_data_processing
    main.o(i.HAL_TIM_PeriodElapsedCallback) refers to main.o(.bss) for htim1
    main.o(i.HAL_TIM_PeriodElapsedCallback) refers to master_manage.o(.data) for uart1_rx_buff
    main.o(i.HAL_TIM_PeriodElapsedCallback) refers to max485.o(.data) for max485_1_receivebuf
    main.o(i.HAL_TIM_PeriodElapsedCallback) refers to sim800c.o(.data) for uart6_rx_buff
    main.o(i.HAL_TIM_PeriodElapsedCallback) refers to main.o(.data) for connect_to_server_cnt
    main.o(i.HAL_TIM_PeriodElapsedCallback) refers to lwip.o(.data) for detect_net_sta_mask
    main.o(i.HAL_TIM_PeriodElapsedCallback) refers to display.o(.data) for dynamic_lcd_mask
    main.o(i.HAL_TIM_PeriodElapsedCallback) refers to alarm.o(.data) for demolition_detect_mask
    main.o(i.HAL_TIM_PeriodElapsedCallback) refers to battery.o(.data) for bettery_manage_mask
    main.o(i.HAL_TIM_PeriodElapsedCallback) refers to flash.o(.data) for write_flash_time_cnt
    main.o(i.HAL_TIM_PeriodElapsedCallback) refers to sim800c.o(.bss) for uart6_rx_struct
    main.o(i.HAL_UART_RxCpltCallback) refers to master_manage.o(i.uart1_deal) for uart1_deal
    main.o(i.HAL_UART_RxCpltCallback) refers to max485.o(i.max_485_1_deal) for max_485_1_deal
    main.o(i.HAL_UART_RxCpltCallback) refers to main.o(.bss) for huart1
    main.o(i.HAL_UART_RxCpltCallback) refers to main.o(.data) for uart1_rx_cnt
    main.o(i.HAL_UART_RxCpltCallback) refers to master_manage.o(.data) for uart1_rx_buff
    main.o(i.HAL_UART_RxCpltCallback) refers to master_manage.o(.bss) for uart1_rx_data
    main.o(i.HAL_UART_RxCpltCallback) refers to max485.o(.data) for max485_wait_usart1_flag
    main.o(i.HAL_UART_RxCpltCallback) refers to sim800c.o(.bss) for uart6_rx_struct
    main.o(i.HAL_UART_RxCpltCallback) refers to sim800c.o(.data) for sim800c_link_flag
    main.o(i.HAL_UART_RxCpltCallback) refers to max485.o(.bss) for max485_1_receive_data
    main.o(i.MX_ADC1_Init) refers to stm32f4xx_hal_adc.o(i.HAL_ADC_Init) for HAL_ADC_Init
    main.o(i.MX_ADC1_Init) refers to main.o(i._Error_Handler) for _Error_Handler
    main.o(i.MX_ADC1_Init) refers to stm32f4xx_hal_adc.o(i.HAL_ADC_ConfigChannel) for HAL_ADC_ConfigChannel
    main.o(i.MX_ADC1_Init) refers to main.o(.bss) for hadc1
    main.o(i.MX_GPIO_Init) refers to stm32f4xx_hal_gpio.o(i.HAL_GPIO_WritePin) for HAL_GPIO_WritePin
    main.o(i.MX_GPIO_Init) refers to stm32f4xx_hal_gpio.o(i.HAL_GPIO_Init) for HAL_GPIO_Init
    main.o(i.MX_NVIC_Init) refers to stm32f4xx_hal_cortex.o(i.HAL_NVIC_SetPriority) for HAL_NVIC_SetPriority
    main.o(i.MX_NVIC_Init) refers to stm32f4xx_hal_cortex.o(i.HAL_NVIC_EnableIRQ) for HAL_NVIC_EnableIRQ
    main.o(i.MX_RTC_Init) refers to stm32f4xx_hal_rtc.o(i.HAL_RTC_Init) for HAL_RTC_Init
    main.o(i.MX_RTC_Init) refers to main.o(i._Error_Handler) for _Error_Handler
    main.o(i.MX_RTC_Init) refers to main.o(.bss) for hrtc
    main.o(i.MX_TIM1_Init) refers to stm32f4xx_hal_tim.o(i.HAL_TIM_Base_Init) for HAL_TIM_Base_Init
    main.o(i.MX_TIM1_Init) refers to main.o(i._Error_Handler) for _Error_Handler
    main.o(i.MX_TIM1_Init) refers to stm32f4xx_hal_tim.o(i.HAL_TIM_ConfigClockSource) for HAL_TIM_ConfigClockSource
    main.o(i.MX_TIM1_Init) refers to stm32f4xx_hal_tim_ex.o(i.HAL_TIMEx_MasterConfigSynchronization) for HAL_TIMEx_MasterConfigSynchronization
    main.o(i.MX_TIM1_Init) refers to main.o(.bss) for htim1
    main.o(i.MX_UART4_Init) refers to stm32f4xx_hal_uart.o(i.HAL_UART_Init) for HAL_UART_Init
    main.o(i.MX_UART4_Init) refers to main.o(i._Error_Handler) for _Error_Handler
    main.o(i.MX_UART4_Init) refers to main.o(.bss) for huart4
    main.o(i.MX_USART1_UART_Init) refers to stm32f4xx_hal_uart.o(i.HAL_UART_Init) for HAL_UART_Init
    main.o(i.MX_USART1_UART_Init) refers to main.o(i._Error_Handler) for _Error_Handler
    main.o(i.MX_USART1_UART_Init) refers to main.o(.bss) for huart1
    main.o(i.MX_USART2_UART_Init) refers to stm32f4xx_hal_uart.o(i.HAL_UART_Init) for HAL_UART_Init
    main.o(i.MX_USART2_UART_Init) refers to main.o(i._Error_Handler) for _Error_Handler
    main.o(i.MX_USART2_UART_Init) refers to main.o(.bss) for huart2
[...]
    __scatterload_null                       0x080048a7   Thumb Code     2  handlers.o(i.__scatterload_null)
    __scatterload_zeroinit                   0x080048a9   Thumb Code    14  handlers.o(i.__scatterload_zeroinit)
    ac_detect                                0x08004a71   Thumb Code   152  battery.o(i.ac_detect)
    alarm_output                             0x08004b11   Thumb Code    40  alarm.o(i.alarm_output)
    bettery_manage_process                   0x08004b51   Thumb Code   150  battery.o(i.bettery_manage_process)
    clear_digit                              0x08004f15   Thumb Code    24  display.o(i.clear_digit)
    clear_digit_word                         0x08004f2d   Thumb Code    24  display.o(i.clear_digit_word)
    clear_screen                             0x08004f45   Thumb Code    58  display.o(i.clear_screen)
    delay_display                            0x08004f9d   Thumb Code    14  display.o(i.delay_display)
    demolition_detect_process                0x08004fc1   Thumb Code   102  alarm.o(i.demolition_detect_process)
    dynamic_lcd_process                      0x0800519d   Thumb Code  2424  display.o(i.dynamic_lcd_process)
    etharp_cleanup_netif                     0x08005b29   Thumb Code    52  etharp.o(i.etharp_cleanup_netif)
    etharp_input                             0x08005e81   Thumb Code   202  etharp.o(i.etharp_input)
    etharp_output                            0x08005fbd   Thumb Code   364  etharp.o(i.etharp_output)
    etharp_query                             0x08006329   Thumb Code   460  etharp.o(i.etharp_query)
    etharp_request                           0x08006735   Thumb Code    18  etharp.o(i.etharp_request)
    etharp_tmr                               0x08006779   Thumb Code   216  etharp.o(i.etharp_tmr)
    ethernet_input                           0x080069b1   Thumb Code   196  ethernet.o(i.ethernet_input)
    ethernet_output                          0x08006a79   Thumb Code   112  ethernet.o(i.ethernet_output)
    ethernetif_init                          0x08006b7d   Thumb Code    58  ethernetif.o(i.ethernetif_init)
    ethernetif_input                         0x08006c0d   Thumb Code    40  ethernetif.o(i.ethernetif_input)
    flash_read_byte                          0x08006c35   Thumb Code     6  flash.o(i.flash_read_byte)
    fputc                                    0x08006c3b   Thumb Code    18  fputc.o(i.fputc)
    get_battery_capacity                     0x08006c4d   Thumb Code   328  battery.o(i.get_battery_capacity)
    get_battery_voltage                      0x08006db1   Thumb Code   148  battery.o(i.get_battery_voltage)
    get_charge_sta                           0x08006e51   Thumb Code    24  battery.o(i.get_charge_sta)
    icmp_dest_unreach                        0x08006e6d   Thumb Code    18  icmp.o(i.icmp_dest_unreach)
    icmp_input                               0x08006e81   Thumb Code   406  icmp.o(i.icmp_input)
    icmp_time_exceeded                       0x08007201   Thumb Code    18  icmp.o(i.icmp_time_exceeded)
    init_control_uint                        0x08007215   Thumb Code   354  master_manage.o(i.init_control_uint)
    ip4_addr_isbroadcast_u32                 0x0800738d   Thumb Code    78  ip4_addr.o(i.ip4_addr_isbroadcast_u32)
    ip4_frag                                 0x080073dd   Thumb Code   506  ip4_frag.o(i.ip4_frag)
    ip4_input                                0x080076a5   Thumb Code   450  ip4.o(i.ip4_input)
    ip4_output_if                            0x08007871   Thumb Code    54  ip4.o(i.ip4_output_if)
    ip4_output_if_src                        0x080078a9   Thumb Code   238  ip4.o(i.ip4_output_if_src)
    ip4_reass                                0x08007a39   Thumb Code   464  ip4_frag.o(i.ip4_reass)
    ip4_route                                0x08007c11   Thumb Code   134  ip4.o(i.ip4_route)
    ip_reass_tmr                             0x080083b9   Thumb Code    48  ip4_frag.o(i.ip_reass_tmr)
    key_drive                                0x080084ed   Thumb Code    98  keyboard.o(i.key_drive)
    key_scan                                 0x08008569   Thumb Code   152  keyboard.o(i.key_scan)
    lcd_address                              0x0800861d   Thumb Code    88  display.o(i.lcd_address)
    lcd_init                                 0x08008675   Thumb Code   392  display.o(i.lcd_init)
    lcd_show_16x16                           0x08008805   Thumb Code    46  display.o(i.lcd_show_16x16)
    lcd_show_256x160                         0x08008833   Thumb Code    54  display.o(i.lcd_show_256x160)
    lcd_show_32x16                           0x08008869   Thumb Code    46  display.o(i.lcd_show_32x16)
    lcd_show_8x16                            0x08008897   Thumb Code    46  display.o(i.lcd_show_8x16)
    lcd_show_auto_detect_comfirm_page        0x080088c5   Thumb Code   144  display.o(i.lcd_show_auto_detect_comfirm_page)
    lcd_show_chs_16x16                       0x08008971   Thumb Code    48  display.o(i.lcd_show_chs_16x16)
    lcd_show_hollow_circle                   0x080089a5   Thumb Code    18  display.o(i.lcd_show_hollow_circle)
    lcd_show_local_ip_set_page               0x080089bd   Thumb Code   478  display.o(i.lcd_show_local_ip_set_page)
    lcd_show_main_page                       0x08008bc9   Thumb Code   768  display.o(i.lcd_show_main_page)
    lcd_show_master_type_set_page            0x08008f31   Thumb Code   192  display.o(i.lcd_show_master_type_set_page)
    lcd_show_menu_page                       0x08009015   Thumb Code   120  display.o(i.lcd_show_menu_page)
    lcd_show_remote_ip_set_page              0x080090a5   Thumb Code   256  display.o(i.lcd_show_remote_ip_set_page)
    lcd_show_sensitivity_icon                0x080091c9   Thumb Code    56  display.o(i.lcd_show_sensitivity_icon)
    lcd_show_solid_circle                    0x08009205   Thumb Code    18  display.o(i.lcd_show_solid_circle)
    lcd_show_str_8x16                        0x0800921d   Thumb Code    50  display.o(i.lcd_show_str_8x16)
    lcd_transfer_command                     0x08009255   Thumb Code   114  display.o(i.lcd_transfer_command)
    lcd_transfer_data                        0x080092d9   Thumb Code   112  display.o(i.lcd_transfer_data)
    lcd_update_main_page_process             0x08009359   Thumb Code  2120  display.o(i.lcd_update_main_page_process)
    led_alarm                                0x08009c0d   Thumb Code    30  display.o(i.led_alarm)
    led_arming                               0x08009c2d   Thumb Code    34  display.o(i.led_arming)
    led_dismantle                            0x08009c55   Thumb Code    34  display.o(i.led_dismantle)
    led_zone1_alarm                          0x08009c7d   Thumb Code    34  display.o(i.led_zone1_alarm)
    led_zone2_alarm                          0x08009ca5   Thumb Code    34  display.o(i.led_zone2_alarm)
    local_network_set                        0x08009ccd   Thumb Code   482  lwip.o(i.local_network_set)
    lwip_htonl                               0x0800a255   Thumb Code    26  def.o(i.lwip_htonl)
    lwip_htons                               0x0800a26f   Thumb Code    12  def.o(i.lwip_htons)
    lwip_init                                0x0800a27d   Thumb Code    64  init.o(i.lwip_init)
    main                                     0x0800a319   Thumb Code   220  main.o(i.main)
    max485_send_str                          0x0800a419   Thumb Code    50  max485.o(i.max485_send_str)
    max_485_1_deal                           0x0800a455   Thumb Code   476  max485.o(i.max_485_1_deal)
    mem_free                                 0x0800a891   Thumb Code   150  mem.o(i.mem_free)
    mem_init                                 0x0800a9dd   Thumb Code    74  mem.o(i.mem_init)
    mem_malloc                               0x0800aa39   Thumb Code   366  mem.o(i.mem_malloc)
    mem_trim                                 0x0800acad   Thumb Code   308  mem.o(i.mem_trim)
    memp_free                                0x0800ae7d   Thumb Code    54  memp.o(i.memp_free)
    memp_init                                0x0800af2d   Thumb Code    26  memp.o(i.memp_init)
    memp_init_pool                           0x0800af4d   Thumb Code    44  memp.o(i.memp_init_pool)
    memp_malloc                              0x0800af79   Thumb Code    50  memp.o(i.memp_malloc)
    netif_add                                0x0800b029   Thumb Code   126  netif.o(i.netif_add)
    netif_init                               0x0800b125   Thumb Code     2  netif.o(i.netif_init)
    netif_remove                             0x0800b14d   Thumb Code   110  netif.o(i.netif_remove)
    netif_set_addr                           0x0800b1c5   Thumb Code    72  netif.o(i.netif_set_addr)
    netif_set_default                        0x0800b20d   Thumb Code     6  netif.o(i.netif_set_default)
    netif_set_down                           0x0800b219   Thumb Code    42  netif.o(i.netif_set_down)
    netif_set_gw                             0x0800b243   Thumb Code    12  netif.o(i.netif_set_gw)
    netif_set_ipaddr                         0x0800b251   Thumb Code    72  netif.o(i.netif_set_ipaddr)
    netif_set_netmask                        0x0800b29d   Thumb Code    12  netif.o(i.netif_set_netmask)
    netif_set_up                             0x0800b2a9   Thumb Code    44  netif.o(i.netif_set_up)
    network_cable_disconnect_handle          0x0800b2d5   Thumb Code    22  lwip.o(i.network_cable_disconnect_handle)
    network_cable_reconnect_handle           0x0800b2f5   Thumb Code   460  lwip.o(i.network_cable_reconnect_handle)
    num_to_string                            0x0800b4e9   Thumb Code    52  display.o(i.num_to_string)
    pbuf_alloc                               0x0800b51d   Thumb Code   664  pbuf.o(i.pbuf_alloc)
    pbuf_alloced_custom                      0x0800b94d   Thumb Code   142  pbuf.o(i.pbuf_alloced_custom)
    pbuf_cat                                 0x0800ba59   Thumb Code   126  pbuf.o(i.pbuf_cat)
    pbuf_chain                               0x0800bba9   Thumb Code    22  pbuf.o(i.pbuf_chain)
    pbuf_clen                                0x0800bbbf   Thumb Code    18  pbuf.o(i.pbuf_clen)
    pbuf_copy                                0x0800bbd1   Thumb Code   318  pbuf.o(i.pbuf_copy)
    pbuf_copy_partial                        0x0800be09   Thumb Code   182  pbuf.o(i.pbuf_copy_partial)
    pbuf_free                                0x0800bf5d   Thumb Code   248  pbuf.o(i.pbuf_free)
    pbuf_free_ooseq                          0x0800c10d   Thumb Code    44  pbuf.o(i.pbuf_free_ooseq)
    pbuf_header                              0x0800c141   Thumb Code    18  pbuf.o(i.pbuf_header)
    pbuf_header_force                        0x0800c153   Thumb Code    18  pbuf.o(i.pbuf_header_force)
    pbuf_realloc                             0x0800c2dd   Thumb Code   262  pbuf.o(i.pbuf_realloc)
    pbuf_ref                                 0x0800c4b9   Thumb Code    48  pbuf.o(i.pbuf_ref)
    pbuf_take                                0x0800c555   Thumb Code   242  pbuf.o(i.pbuf_take)
    port_to_string                           0x0800c8e9   Thumb Code   122  display.o(i.port_to_string)
    read_data_from_flash                     0x0800c965   Thumb Code   336  flash.o(i.read_data_from_flash)
    relay_alarm                              0x0800caf1   Thumb Code    76  alarm.o(i.relay_alarm)
    relay_siren                              0x0800cb41   Thumb Code    76  alarm.o(i.relay_siren)
    set_ctrl_unit                            0x0800cb91   Thumb Code    46  master_manage.o(i.set_ctrl_unit)
    sim800c_init                             0x0800e1d9   Thumb Code    42  sim800c.o(i.sim800c_init)
    sim800c_process                          0x0800e205   Thumb Code   198  sim800c.o(i.sim800c_process)
    sys_check_timeouts                       0x0800e3ad   Thumb Code   114  timeouts.o(i.sys_check_timeouts)
    sys_now                                  0x0800e42d   Thumb Code     8  ethernetif.o(i.sys_now)
    sys_timeout                              0x0800e435   Thumb Code   226  timeouts.o(i.sys_timeout)
    sys_timeouts_init                        0x0800e5bd   Thumb Code    38  timeouts.o(i.sys_timeouts_init)
    tcp_abandon                              0x0800e5f1   Thumb Code   254  tcp.o(i.tcp_abandon)
    tcp_abort                                0x0800e78d   Thumb Code    14  tcp.o(i.tcp_abort)
    tcp_alloc                                0x0800e79d   Thumb Code   168  tcp.o(i.tcp_alloc)
    tcp_close                                0x0800e855   Thumb Code    28  tcp.o(i.tcp_close)
    tcp_eff_send_mss_impl                    0x0800ec99   Thumb Code    58  tcp.o(i.tcp_eff_send_mss_impl)
    tcp_enqueue_flags                        0x0800ecd5   Thumb Code   394  tcp_out.o(i.tcp_enqueue_flags)
    tcp_fasttmr                              0x0800ef69   Thumb Code   130  tcp.o(i.tcp_fasttmr)
    tcp_init                                 0x0800f051   Thumb Code     2  tcp.o(i.tcp_init)
    tcp_input                                0x0800f055   Thumb Code  1862  tcp_in.o(i.tcp_input)
    tcp_keepalive                            0x0800f82d   Thumb Code    90  tcp_out.o(i.tcp_keepalive)
    tcp_netif_ip_addr_changed                0x0800fc05   Thumb Code    70  tcp.o(i.tcp_netif_ip_addr_changed)
    tcp_next_iss                             0x0800fc85   Thumb Code    22  tcp.o(i.tcp_next_iss)
    tcp_output                               0x0800fd35   Thumb Code   638  tcp_out.o(i.tcp_output)
    tcp_pcb_purge                            0x080102d9   Thumb Code    72  tcp.o(i.tcp_pcb_purge)
    tcp_pcb_remove                           0x08010321   Thumb Code   190  tcp.o(i.tcp_pcb_remove)
    tcp_process_refused_data                 0x08010b5d   Thumb Code   148  tcp.o(i.tcp_process_refused_data)
    tcp_recv_null                            0x08011941   Thumb Code    46  tcp.o(i.tcp_recv_null)
    tcp_recved                               0x08011971   Thumb Code   138  tcp.o(i.tcp_recved)
    tcp_rexmit                               0x08011ab9   Thumb Code    98  tcp_out.o(i.tcp_rexmit)
    tcp_rexmit_fast                          0x08011b1b   Thumb Code   110  tcp_out.o(i.tcp_rexmit_fast)
    tcp_rexmit_rto                           0x08011b89   Thumb Code    66  tcp_out.o(i.tcp_rexmit_rto)
    tcp_rst                                  0x08011bcd   Thumb Code   160  tcp_out.o(i.tcp_rst)
    tcp_seg_copy                             0x08011cf9   Thumb Code    36  tcp.o(i.tcp_seg_copy)
    tcp_seg_free                             0x08011d1d   Thumb Code    26  tcp.o(i.tcp_seg_free)
    tcp_segs_free                            0x08011d37   Thumb Code    24  tcp.o(i.tcp_segs_free)
    tcp_send_empty_ack                       0x08011d4f   Thumb Code   118  tcp_out.o(i.tcp_send_empty_ack)
    tcp_send_fin                             0x08011dc5   Thumb Code    74  tcp_out.o(i.tcp_send_fin)
    tcp_slowtmr                              0x08011e11   Thumb Code  1428  tcp.o(i.tcp_slowtmr)
    tcp_timer_needed                         0x0801242d   Thumb Code    38  timeouts.o(i.tcp_timer_needed)
    tcp_tmr                                  0x08012509   Thumb Code    30  tcp.o(i.tcp_tmr)
    tcp_trigger_input_pcb_close              0x0801252d   Thumb Code    14  tcp_in.o(i.tcp_trigger_input_pcb_close)
    tcp_update_rcv_ann_wnd                   0x08012541   Thumb Code   102  tcp.o(i.tcp_update_rcv_ann_wnd)
    tcp_zero_window_probe                    0x0801261d   Thumb Code   222  tcp_out.o(i.tcp_zero_window_probe)
    transparent_data_processing              0x08012735   Thumb Code   106  sim800c.o(i.transparent_data_processing)
    uart1_deal                               0x080127f1   Thumb Code   492  master_manage.o(i.uart1_deal)
    udp_bind                                 0x08012a15   Thumb Code   138  udp.o(i.udp_bind)
    udp_connect                              0x08012aa9   Thumb Code   104  udp.o(i.udp_connect)
    udp_connection_close                     0x08012b15   Thumb Code    18  udp_client.o(i.udp_connection_close)
    udp_disconnect                           0x08012b27   Thumb Code    16  udp.o(i.udp_disconnect)
    udp_init                                 0x08012b37   Thumb Code     2  udp.o(i.udp_init)
    udp_input                                0x08012b39   Thumb Code   326  udp.o(i.udp_input)
    udp_monitor_conf                         0x08012d3d   Thumb Code   200  udp_client.o(i.udp_monitor_conf)
    udp_monitor_reconf                       0x08012e19   Thumb Code   208  udp_client.o(i.udp_monitor_reconf)
    udp_netif_ip_addr_changed                0x08012efd   Thumb Code    42  udp.o(i.udp_netif_ip_addr_changed)
    udp_new                                  0x08012f2d   Thumb Code    28  udp.o(i.udp_new)
    udp_recevice_callback                    0x08012fa1   Thumb Code   124  udp_client.o(i.udp_recevice_callback)
    udp_recv                                 0x08013029   Thumb Code     6  udp.o(i.udp_recv)
    udp_remove                               0x08013031   Thumb Code    64  udp.o(i.udp_remove)
    udp_rx_processing                        0x080131e5   Thumb Code   684  udp_client.o(i.udp_rx_processing)
    udp_send_data                            0x080134dd   Thumb Code    58  udp_client.o(i.udp_send_data)
    udp_sendto                               0x08013521   Thumb Code    60  udp.o(i.udp_sendto)
    udp_sendto_if                            0x0801355d   Thumb Code    82  udp.o(i.udp_sendto_if)
    udp_sendto_if_src                        0x080135b1   Thumb Code   214  udp.o(i.udp_sendto_if_src)
    write_flash_process                      0x08013711   Thumb Code    38  flash.o(i.write_flash_process)
    AHBPrescTable                            0x08013748   Data          16  system_stm32f4xx.o(.constdata)
    APBPrescTable                            0x08013758   Data           8  system_stm32f4xx.o(.constdata)
    ethbroadcast                             0x08013760   Data           6  ethernet.o(.constdata)
    ethzero                                  0x08013766   Data           6  ethernet.o(.constdata)
    memp_UDP_PCB                             0x0801376c   Data          12  memp.o(.constdata)
    memp_TCP_PCB                             0x08013778   Data          12  memp.o(.constdata)
    memp_TCP_PCB_LISTEN                      0x08013784   Data          12  memp.o(.constdata)
    memp_TCP_SEG                             0x08013790   Data          12  memp.o(.constdata)
    memp_REASSDATA                           0x0801379c   Data          12  memp.o(.constdata)
    memp_FRAG_PBUF                           0x080137a8   Data          12  memp.o(.constdata)
    memp_SYS_TIMEOUT                         0x080137b4   Data          12  memp.o(.constdata)
    memp_PBUF                                0x080137c0   Data          12  memp.o(.constdata)
    memp_PBUF_POOL                           0x080137cc   Data          12  memp.o(.constdata)
    memp_pools                               0x080137d8   Data          36  memp.o(.constdata)
    tcp_pcb_lists                            0x0801383c   Data          16  tcp.o(.constdata)
    lwip_cyclic_timers                       0x0801384c   Data          24  timeouts.o(.constdata)
    ip_addr_any                              0x08013864   Data           4  ip4_addr.o(.constdata)
    ip_addr_broadcast                        0x08013868   Data           4  ip4_addr.o(.constdata)
    Region$$Table$$Base                      0x080139c4   Number         0  anon$$obj.o(Region$$Table)
    Region$$Table$$Limit                     0x080139e4   Number         0  anon$$obj.o(Region$$Table)
    write_flash_flag                         0x2000001a   Data           1  flash.o(.data)
    write_flash_time_cnt                     0x2000001c   Data           2  flash.o(.data)
    write_flash_time_mask                    0x2000001e   Data           1  flash.o(.data)
    IP_ADDRESS                               0x20000020   Data           4  lwip.o(.data)
    NETMASK_ADDRESS                          0x20000024   Data           4  lwip.o(.data)
    GATEWAY_ADDRESS                          0x20000028   Data           4  lwip.o(.data)
    detect_net_sta_mask                      0x2000002c   Data           1  lwip.o(.data)
    first_cnonect_flag                       0x2000002d   Data           1  lwip.o(.data)
    tcp_connflag                             0x2000002e   Data           1  lwip.o(.data)
    ipaddr                                   0x20000030   Data           4  lwip.o(.data)
    netmask                                  0x20000034   Data           4  lwip.o(.data)
    gw                                       0x20000038   Data           4  lwip.o(.data)
    tcp_remoteip                             0x20000040   Data           4  tcp_client.o(.data)
    tcp_port_num                             0x20000044   Data           2  tcp_client.o(.data)
    tcppcb_temp                              0x20000048   Data           4  tcp_client.o(.data)
    TcpRX_Len                                0x2000004c   Data           4  tcp_client.o(.data)
    TcpTX_Len                                0x20000050   Data           2  tcp_client.o(.data)
    tcp_client_sendbuf                       0x20000054   Data           4  tcp_client.o(.data)
    tcp_client_flag                          0x20000058   Data           1  tcp_client.o(.data)
    udp_remote_ip                            0x2000005c   Data           4  udp_client.o(.data)
    udp_port_num                             0x20000060   Data           2  udp_client.o(.data)
    udp_demo_flag                            0x20000062   Data           1  udp_client.o(.data)
    udp_rx_lenth                             0x20000064   Data           2  udp_client.o(.data)
    udp_remote_addr                          0x20000068   Data           4  udp_client.o(.data)
    udppcb                                   0x2000006c   Data           4  udp_client.o(.data)
    dynamic_lcd_mask                         0x20000070   Data           1  display.o(.data)
    page_sta                                 0x20000071   Data           1  display.o(.data)
    menu_page_coursor_sta                    0x20000072   Data           1  display.o(.data)
    master_type_set_page_cursor_sta          0x20000073   Data           1  display.o(.data)
    local_ip_set_page_cursor_sta             0x20000074   Data           1  display.o(.data)
    remote_ip_set_page_cursor_sta            0x20000075   Data           1  display.o(.data)
    auto_detect_page_cursor_sta              0x20000076   Data           1  display.o(.data)
    value_continuous_add_flag                0x20000077   Data           1  display.o(.data)
    value_continuous_sub_flag                0x20000078   Data           1  display.o(.data)
    logo_256x160                             0x20000079   Data        5120  display.o(.data)
    logo_64x16                               0x20001479   Data         128  display.o(.data)
    logo_100x24                              0x200014f9   Data         300  display.o(.data)
    chs_font_lib_16x16                       0x20001625   Data        3200  display.o(.data)
    ascii_font_lib_8x16                      0x200022a5   Data        2048  display.o(.data)
    battery_icon_32x16                       0x20002aa5   Data         384  display.o(.data)
    communication_icon_16x16                 0x20002c25   Data          32  display.o(.data)
    sensitivity_icon_16x16                   0x20002c45   Data          32  display.o(.data)
    hollow_circle_16x16                      0x20002c65   Data          32  display.o(.data)
    solid_circle_16x16                       0x20002c85   Data          32  display.o(.data)
    zone_gbk_code                            0x20002ca5   Data           2  display.o(.data)
    positive_line_voltage_gbk_code           0x20002ca7   Data           4  display.o(.data)
    negative_line_voltage_gbk_code           0x20002cab   Data           4  display.o(.data)
    status_gbk_code                          0x20002caf   Data           2  display.o(.data)
    mode_gbk_code                            0x20002cb1   Data           2  display.o(.data)
    broken_line_gbk_code                     0x20002cb3   Data           2  display.o(.data)
    pulse_gbk_code                           0x20002cb5   Data           2  display.o(.data)
    sensitivity_gbk_code                     0x20002cb7   Data           3  display.o(.data)
    touch_net_gbk_code                       0x20002cba   Data           2  display.o(.data)
    master_type_gbk_code                     0x20002cbc   Data           4  display.o(.data)
    set_gbk_code                             0x20002cc0   Data           2  display.o(.data)
    back_gbk_code                            0x20002cc2   Data           2  display.o(.data)
    determine_gbk_code                       0x20002cc4   Data           2  display.o(.data)
    double_single_gbk_code                   0x20002cc6   Data           2  display.o(.data)
    local_gbk_code                           0x20002cc8   Data           2  display.o(.data)
    address_gbk_code                         0x20002cca   Data           2  display.o(.data)
    subnet_mask_gbk_code                     0x20002ccc   Data           4  display.o(.data)
    gateway_gbk_code                         0x20002cd0   Data           2  display.o(.data)
    remote_gbk_code                          0x20002cd2   Data           2  display.o(.data)
    port_gbk_code                            0x20002cd4   Data           2  display.o(.data)
    short_circuit                            0x20002cd6   Data           2  display.o(.data)
    disarm_gbk_code                          0x20002cd8   Data           2  display.o(.data)
    arming_gbk_code                          0x20002cda   Data           2  display.o(.data)
    bypass_gbk_code                          0x20002cdc   Data           2  display.o(.data)
    self_test_calibration_gbk_code           0x20002cde   Data           4  display.o(.data)
    make_sure_gbk_code                       0x20002ce2   Data           2  display.o(.data)
    fence_gbk_code                           0x20002ce4   Data           2  display.o(.data)
    continue_gbk_code                        0x20002ce6   Data           2  display.o(.data)
    in_progress_gnk_code                     0x20002ce8   Data           4  display.o(.data)
    please_wait_gbk_code                     0x20002cec   Data           3  display.o(.data)
    completed_gbk_code                       0x20002cef   Data           3  display.o(.data)
    key_sta                                  0x20002cf4   Data           5  keyboard.o(.data)
    long_press_sta                           0x20002cf9   Data           5  keyboard.o(.data)
    pre_long_press_sta                       0x20002cfe   Data           5  keyboard.o(.data)
    demolition_detect_mask                   0x20002d14   Data           1  alarm.o(.data)
    demolition_sta                           0x20002d15   Data           1  alarm.o(.data)
    zone1_alarm_reset_flag                   0x20002d16   Data           1  alarm.o(.data)
    zone2_alarm_reset_flag                   0x20002d17   Data           1  alarm.o(.data)
    demolition_alarm_reset_flag              0x20002d18   Data           1  alarm.o(.data)
    zone1_alarm_delay_cnt                    0x20002d1a   Data           2  alarm.o(.data)
    zone2_alarm_delay_cnt                    0x20002d1c   Data           2  alarm.o(.data)
    zone1_alarm_reset_time                   0x20002d20   Data           4  alarm.o(.data)
    zone2_alarm_reset_time                   0x20002d24   Data           4  alarm.o(.data)
    demolition_alarm_reset_time              0x20002d28   Data           4  alarm.o(.data)
    bettery_manage_mask                      0x20002d30   Data           1  battery.o(.data)
    charged_flag                             0x20002d31   Data           1  battery.o(.data)
    max485_1_receivebuf                      0x20002d39   Data           1  max485.o(.data)
    max485_wait_usart1_flag                  0x20002d3a   Data           1  max485.o(.data)
    max485_wait_usart1_finish                0x20002d3b   Data           1  max485.o(.data)
    sim800c_init_flag                        0x20002d3c   Data           1  sim800c.o(.data)
    sim800c_link_flag                        0x20002d3d   Data           1  sim800c.o(.data)
    uart6_rx_buff                            0x20002d3e   Data           1  sim800c.o(.data)
    process_step                             0x20002d3f   Data           1  sim800c.o(.data)
    sim800c_try_connect_mask                 0x20002d40   Data           1  sim800c.o(.data)
    uart6_rx_start                           0x20002d41   Data           1  sim800c.o(.data)
    uart6_rx_time_cnt                        0x20002d42   Data           1  sim800c.o(.data)
    wait_tcp_contect_flag                    0x20002d43   Data           1  sim800c.o(.data)
    wait_tcp_contect_cnt                     0x20002d44   Data           2  sim800c.o(.data)
    sim800c_heart_mask                       0x20002d46   Data           1  sim800c.o(.data)
    uart1_rx_buff                            0x20002d48   Data           1  master_manage.o(.data)
    zone_struct                              0x20002d49   Data          10  master_manage.o(.data)
    zone_struct_set_buff                     0x20002d53   Data          10  master_manage.o(.data)
    local_address_set_buff                   0x20002d5d   Data           4  master_manage.o(.data)
    subnet_mask_set_buff                     0x20002d61   Data           4  master_manage.o(.data)
    gateway_address_set_buff                 0x20002d65   Data           4  master_manage.o(.data)
    remote_address_set_buff                  0x20002d69   Data           4  master_manage.o(.data)
    remote_port_set_buff                     0x20002d6e   Data           2  master_manage.o(.data)
    init_ctrl_unit_flag                      0x20002d70   Data           1  master_manage.o(.data)
    pre_communication_sta                    0x20002d71   Data           1  master_manage.o(.data)
    communication_sta                        0x20002d72   Data           1  master_manage.o(.data)
    communication_cnt                        0x20002d74   Data           2  master_manage.o(.data)
    SystemCoreClock                          0x20002d78   Data           4  system_stm32f4xx.o(.data)
    uwTick                                   0x20002d7c   Data           4  stm32f4xx_hal.o(.data)
    uwTickPrio                               0x20002d80   Data           4  stm32f4xx_hal.o(.data)
    uwTickFreq                               0x20002d84   Data           1  stm32f4xx_hal.o(.data)
    netif_list                               0x20002db8   Data           4  netif.o(.data)
    netif_default                            0x20002dbc   Data           4  netif.o(.data)
    pbuf_free_ooseq_pending                  0x20002dc1   Data           1  pbuf.o(.data)
    tcp_ticks                                0x20002dc8   Data           4  tcp.o(.data)
    tcp_bound_pcbs                           0x20002dcc   Data           4  tcp.o(.data)
    tcp_listen_pcbs                          0x20002dd0   Data           4  tcp.o(.data)
    tcp_active_pcbs                          0x20002dd4   Data           4  tcp.o(.data)
    tcp_tw_pcbs                              0x20002dd8   Data           4  tcp.o(.data)
    tcp_active_pcbs_changed                  0x20002ddc   Data           1  tcp.o(.data)
    tcp_input_pcb                            0x20002e08   Data           4  tcp_in.o(.data)
    udp_pcbs                                 0x20002e1c   Data           4  udp.o(.data)
    __stdout                                 0x20002e2c   Data           4  stdout.o(.data)
    hadc1                                    0x20002e30   Data          72  main.o(.bss)
    hrtc                                     0x20002e78   Data          32  main.o(.bss)
    htim1                                    0x20002e98   Data          60  main.o(.bss)
    huart4                                   0x20002ed4   Data          64  main.o(.bss)
    huart1                                   0x20002f14   Data          64  main.o(.bss)
    huart2                                   0x20002f54   Data          64  main.o(.bss)
    huart6                                   0x20002f94   Data          64  main.o(.bss)
    flash_data_struct                        0x20002fd4   Data          26  flash.o(.bss)
    gnetif                                   0x20002ff0   Data          48  lwip.o(.bss)
    DMARxDscrTab                             0x20003020   Data         128  ethernetif.o(.bss)
    DMATxDscrTab                             0x200030a0   Data         128  ethernetif.o(.bss)
    Rx_Buff                                  0x20003120   Data        6096  ethernetif.o(.bss)
    Tx_Buff                                  0x200048f0   Data        6096  ethernetif.o(.bss)
    heth                                     0x200060c0   Data          72  ethernetif.o(.bss)
    tcp_client_recvbuf                       0x20006108   Data         200  tcp_client.o(.bss)
    tcp_txd_buff                             0x200061d0   Data         200  tcp_client.o(.bss)
    udp_recvbuf                              0x20006298   Data         100  udp_client.o(.bss)
    udp_sendbuf                              0x200062fc   Data         100  udp_client.o(.bss)
    max485_1_sendbuf                         0x2000636a   Data          50  max485.o(.bss)
    max485_1_receive_data                    0x2000639c   Data          50  max485.o(.bss)
    uart6_rx_struct                          0x200063ce   Data         164  sim800c.o(.bss)
    uart1_tx_data                            0x20006472   Data          50  master_manage.o(.bss)
    uart1_rx_data                            0x200064a4   Data          50  master_manage.o(.bss)
    ip_data                                  0x200064d8   Data          24  ip.o(.bss)
    ram_heap                                 0x200064f0   Data        1619  mem.o(.bss)
    memp_memory_UDP_PCB_base                 0x20006b43   Data         131  memp.o(.bss)
    memp_memory_TCP_PCB_base                 0x20006bc6   Data         763  memp.o(.bss)
    memp_memory_TCP_PCB_LISTEN_base          0x20006ec1   Data         227  memp.o(.bss)
    memp_memory_TCP_SEG_base                 0x20006fa4   Data         259  memp.o(.bss)
    memp_memory_REASSDATA_base               0x200070a7   Data         163  memp.o(.bss)
    memp_memory_FRAG_PBUF_base               0x2000714a   Data         363  memp.o(.bss)
    memp_memory_SYS_TIMEOUT_base             0x200072b5   Data          51  memp.o(.bss)
    memp_memory_PBUF_base                    0x200072e8   Data         259  memp.o(.bss)
    memp_memory_PBUF_POOL_base               0x200073eb   Data        9731  memp.o(.bss)
    __initial_sp                             0x20009ef0   Data           0  startup_stm32f407xx.o(STACK)



==============================================================================

Memory Map of the image

  Image Entry point : 0x08000189

  Load Region LR_IROM1 (Base: 0x08000000, Size: 0x00016814, Max: 0x00080000, ABSOLUTE, COMPRESSED[0x000148b4])

    Execution Region ER_IROM1 (Exec base: 0x08000000, Load base: 0x08000000, Size: 0x000139e4, Max: 0x00080000, ABSOLUTE)

    Exec Addr    Load Addr    Size         Type   Attr      Idx    E Section Name        Object

    0x08000000   0x08000000   0x00000188   Data   RO         1867    RESET               startup_stm32f407xx.o
    0x08000188   0x08000188   0x00000000   Code   RO         8125  * .ARM.Collect$$$$00000000  mc_w.l(entry.o)
    0x08000188   0x08000188   0x00000004   Code   RO         8405    .ARM.Collect$$$$00000001  mc_w.l(entry2.o)
    0x0800018c   0x0800018c   0x00000004   Code   RO         8408    .ARM.Collect$$$$00000004  mc_w.l(entry5.o)
    0x08000190   0x08000190   0x00000000   Code   RO         8410    .ARM.Collect$$$$00000008  mc_w.l(entry7b.o)
    0x08000190   0x08000190   0x00000000   Code   RO         8412    .ARM.Collect$$$$0000000A  mc_w.l(entry8b.o)
    0x08000190   0x08000190   0x00000008   Code   RO         8413    .ARM.Collect$$$$0000000B  mc_w.l(entry9a.o)
    0x08000198   0x08000198   0x00000000   Code   RO         8415    .ARM.Collect$$$$0000000D  mc_w.l(entry10a.o)
    0x08000198   0x08000198   0x00000000   Code   RO         8417    .ARM.Collect$$$$0000000F  mc_w.l(entry11a.o)
    0x08000198   0x08000198   0x00000004   Code   RO         8406    .ARM.Collect$$$$00002712  mc_w.l(entry2.o)
    0x0800019c   0x0800019c   0x00000024   Code   RO         1868    .text               startup_stm32f407xx.o
    0x080001c0   0x080001c0   0x00000062   Code   RO         8128    .text               mc_w.l(uldiv.o)
    0x08000222   0x08000222   0x00000024   Code   RO         8130    .text               mc_w.l(memcpya.o)
    0x08000246   0x08000246   0x00000024   Code   RO         8132    .text               mc_w.l(memseta.o)
    0x0800026a   0x0800026a   0x0000000e   Code   RO         8134    .text               mc_w.l(strlen.o)
    0x08000278   0x08000278   0x0000001c   Code   RO         8136    .text               mc_w.l(strcmp.o)
    0x08000294   0x08000294   0x0000001a   Code   RO         8138    .text               mc_w.l(memcmp.o)
    0x080002ae   0x080002ae   0x0000002c   Code   RO         8422    .text               mc_w.l(uidiv.o)
    0x080002da   0x080002da   0x0000001e   Code   RO         8424    .text               mc_w.l(llshl.o)
    0x080002f8   0x080002f8   0x00000020   Code   RO         8426    .text               mc_w.l(llushr.o)
    0x08000318   0x08000318   0x00000024   Code   RO         8439    .text               mc_w.l(init.o)
    0x0800033c   0x0800033c   0x00000000   Code   RO         8441    .text               mc_w.l(semi.o)
    0x0800033c   0x0800033c   0x00000000   Code   RO         8444    .text               mc_w.l(iusesemip.o)
    0x0800033c   0x0800033c   0x00000056   Code   RO         8455    .text               mc_w.l(__dczerorl2.o)
    0x08000392   0x08000392   0x00000002   PAD
    0x08000394   0x08000394   0x0000015c   Code   RO         2113    i.ADC_Init          stm32f4xx_hal_adc.o
    0x080004f0   0x080004f0   0x00000004   Code   RO         1048    i.BusFault_Handler  stm32f4xx_it.o
    0x080004f4   0x080004f4   0x0000003c   Code   RO         1665    i.CRC16             max485.o
    0x08000530   0x08000530   0x00000002   Code   RO         1049    i.DebugMon_Handler  stm32f4xx_it.o
    0x08000532   0x08000532   0x00000016   Code   RO         1912    i.ETH_DMAReceptionDisable  stm32f4xx_hal_eth.o
    0x08000548   0x08000548   0x00000016   Code   RO         1913    i.ETH_DMAReceptionEnable  stm32f4xx_hal_eth.o
    0x0800055e   0x0800055e   0x00000016   Code   RO         1914    i.ETH_DMATransmissionDisable  stm32f4xx_hal_eth.o
    0x08000574   0x08000574   0x00000016   Code   RO         1915    i.ETH_DMATransmissionEnable  stm32f4xx_hal_eth.o
    0x0800058a   0x0800058a   0x00000002   PAD
    0x0800058c   0x0800058c   0x00000028   Code   RO         1916    i.ETH_Delay         stm32f4xx_hal_eth.o
    0x080005b4   0x080005b4   0x00000038   Code   RO         1917    i.ETH_FlushTransmitFIFO  stm32f4xx_hal_eth.o
    0x080005ec   0x080005ec   0x00000010   Code   RO         1050    i.ETH_IRQHandler    stm32f4xx_it.o
    0x080005fc   0x080005fc   0x00000034   Code   RO         1918    i.ETH_MACAddressConfig  stm32f4xx_hal_eth.o
    0x08000630   0x08000630   0x00000244   Code   RO         1919    i.ETH_MACDMAConfig  stm32f4xx_hal_eth.o
    0x08000874   0x08000874   0x00000028   Code   RO         1920    i.ETH_MACReceptionDisable  stm32f4xx_hal_eth.o
    0x0800089c   0x0800089c   0x00000028   Code   RO         1921    i.ETH_MACReceptionEnable  stm32f4xx_hal_eth.o
    0x080008c4   0x080008c4   0x00000028   Code   RO         1922    i.ETH_MACTransmissionDisable  stm32f4xx_hal_eth.o
    0x080008ec   0x080008ec   0x00000028   Code   RO         1923    i.ETH_MACTransmissionEnable  stm32f4xx_hal_eth.o
    0x08000914   0x08000914   0x0000018c   Code   RO         2115    i.HAL_ADC_ConfigChannel  stm32f4xx_hal_adc.o
    0x08000aa0   0x08000aa0   0x00000008   Code   RO         2122    i.HAL_ADC_GetValue  stm32f4xx_hal_adc.o
    0x08000aa8   0x08000aa8   0x00000068   Code   RO         2124    i.HAL_ADC_Init      stm32f4xx_hal_adc.o
    0x08000b10   0x08000b10   0x0000006c   Code   RO         1161    i.HAL_ADC_MspInit   stm32f4xx_hal_msp.o
    0x08000b7c   0x08000b7c   0x000000ba   Code   RO         2128    i.HAL_ADC_PollForConversion  stm32f4xx_hal_adc.o
    0x08000c36   0x08000c36   0x00000002   PAD
    0x08000c38   0x08000c38   0x00000100   Code   RO         2130    i.HAL_ADC_Start     stm32f4xx_hal_adc.o
    0x08000d38   0x08000d38   0x00000028   Code   RO         4470    i.HAL_DMA_Abort_IT  stm32f4xx_hal_dma.o
    0x08000d60   0x08000d60   0x00000028   Code   RO         4893    i.HAL_Delay         stm32f4xx_hal.o
    0x08000d88   0x08000d88   0x0000008c   Code   RO         1926    i.HAL_ETH_DMARxDescListInit  stm32f4xx_hal_eth.o
    0x08000e14   0x08000e14   0x00000084   Code   RO         1927    i.HAL_ETH_DMATxDescListInit  stm32f4xx_hal_eth.o
    0x08000e98   0x08000e98   0x00000020   Code   RO         1928    i.HAL_ETH_DeInit    stm32f4xx_hal_eth.o
    0x08000eb8   0x08000eb8   0x00000002   Code   RO         1929    i.HAL_ETH_ErrorCallback  stm32f4xx_hal_eth.o
    0x08000eba   0x08000eba   0x000000b2   Code   RO         1930    i.HAL_ETH_GetReceivedFrame  stm32f4xx_hal_eth.o
    0x08000f6c   0x08000f6c   0x000000a4   Code   RO         1933    i.HAL_ETH_IRQHandler  stm32f4xx_hal_eth.o
    0x08001010   0x08001010   0x000002a0   Code   RO         1934    i.HAL_ETH_Init      stm32f4xx_hal_eth.o
    0x080012b0   0x080012b0   0x00000068   Code   RO          576    i.HAL_ETH_MspDeInit  ethernetif.o
    0x08001318   0x08001318   0x0000010c   Code   RO          577    i.HAL_ETH_MspInit   ethernetif.o
    0x08001424   0x08001424   0x00000092   Code   RO         1937    i.HAL_ETH_ReadPHYRegister  stm32f4xx_hal_eth.o
    0x080014b6   0x080014b6   0x00000002   Code   RO         1938    i.HAL_ETH_RxCpltCallback  stm32f4xx_hal_eth.o
    0x080014b8   0x080014b8   0x00000052   Code   RO         1939    i.HAL_ETH_Start     stm32f4xx_hal_eth.o
    0x0800150a   0x0800150a   0x00000052   Code   RO         1940    i.HAL_ETH_Stop      stm32f4xx_hal_eth.o
    0x0800155c   0x0800155c   0x0000013e   Code   RO         1941    i.HAL_ETH_TransmitFrame  stm32f4xx_hal_eth.o
    0x0800169a   0x0800169a   0x00000002   Code   RO         1942    i.HAL_ETH_TxCpltCallback  stm32f4xx_hal_eth.o
    0x0800169c   0x0800169c   0x00000090   Code   RO         1943    i.HAL_ETH_WritePHYRegister  stm32f4xx_hal_eth.o
    0x0800172c   0x0800172c   0x00000164   Code   RO         4359    i.HAL_GPIO_DeInit   stm32f4xx_hal_gpio.o
    0x08001890   0x08001890   0x00000200   Code   RO         4362    i.HAL_GPIO_Init     stm32f4xx_hal_gpio.o
    0x08001a90   0x08001a90   0x00000010   Code   RO         4364    i.HAL_GPIO_ReadPin  stm32f4xx_hal_gpio.o
    0x08001aa0   0x08001aa0   0x0000000c   Code   RO         4366    i.HAL_GPIO_WritePin  stm32f4xx_hal_gpio.o
    0x08001aac   0x08001aac   0x0000000c   Code   RO         4899    i.HAL_GetTick       stm32f4xx_hal.o
    0x08001ab8   0x08001ab8   0x00000018   Code   RO         4903    i.HAL_IncTick       stm32f4xx_hal.o
    0x08001ad0   0x08001ad0   0x0000003c   Code   RO         4904    i.HAL_Init          stm32f4xx_hal.o
    0x08001b0c   0x08001b0c   0x0000004c   Code   RO         4905    i.HAL_InitTick      stm32f4xx_hal.o
    0x08001b58   0x08001b58   0x0000009c   Code   RO         1162    i.HAL_MspInit       stm32f4xx_hal_msp.o
    0x08001bf4   0x08001bf4   0x0000001c   Code   RO         4750    i.HAL_NVIC_DisableIRQ  stm32f4xx_hal_cortex.o
    0x08001c10   0x08001c10   0x0000001a   Code   RO         4751    i.HAL_NVIC_EnableIRQ  stm32f4xx_hal_cortex.o
    0x08001c2a   0x08001c2a   0x0000007c   Code   RO         4757    i.HAL_NVIC_SetPriority  stm32f4xx_hal_cortex.o
    0x08001ca6   0x08001ca6   0x00000002   PAD
    0x08001ca8   0x08001ca8   0x00000028   Code   RO         4758    i.HAL_NVIC_SetPriorityGrouping  stm32f4xx_hal_cortex.o
    0x08001cd0   0x08001cd0   0x000001a0   Code   RO         4068    i.HAL_RCCEx_PeriphCLKConfig  stm32f4xx_hal_rcc_ex.o
    0x08001e70   0x08001e70   0x00000180   Code   RO         3963    i.HAL_RCC_ClockConfig  stm32f4xx_hal_rcc.o
    0x08001ff0   0x08001ff0   0x0000000c   Code   RO         3968    i.HAL_RCC_GetHCLKFreq  stm32f4xx_hal_rcc.o
    0x08001ffc   0x08001ffc   0x00000020   Code   RO         3970    i.HAL_RCC_GetPCLK1Freq  stm32f4xx_hal_rcc.o
    0x0800201c   0x0800201c   0x00000020   Code   RO         3971    i.HAL_RCC_GetPCLK2Freq  stm32f4xx_hal_rcc.o
    0x0800203c   0x0800203c   0x000000b0   Code   RO         3972    i.HAL_RCC_GetSysClockFreq  stm32f4xx_hal_rcc.o
    0x080020ec   0x080020ec   0x00000448   Code   RO         3975    i.HAL_RCC_OscConfig  stm32f4xx_hal_rcc.o
    0x08002534   0x08002534   0x000000d8   Code   RO         2393    i.HAL_RTC_Init      stm32f4xx_hal_rtc.o
    0x0800260c   0x0800260c   0x00000018   Code   RO         1164    i.HAL_RTC_MspInit   stm32f4xx_hal_msp.o
    0x08002624   0x08002624   0x0000003a   Code   RO         2401    i.HAL_RTC_WaitForSynchro  stm32f4xx_hal_rtc.o
    0x0800265e   0x0800265e   0x00000028   Code   RO         4760    i.HAL_SYSTICK_CLKSourceConfig  stm32f4xx_hal_cortex.o
    0x08002686   0x08002686   0x00000002   Code   RO         4761    i.HAL_SYSTICK_Callback  stm32f4xx_hal_cortex.o
    0x08002688   0x08002688   0x00000034   Code   RO         4762    i.HAL_SYSTICK_Config  stm32f4xx_hal_cortex.o
    0x080026bc   0x080026bc   0x00000008   Code   RO         4763    i.HAL_SYSTICK_IRQHandler  stm32f4xx_hal_cortex.o
    0x080026c4   0x080026c4   0x00000002   Code   RO         3392    i.HAL_TIMEx_BreakCallback  stm32f4xx_hal_tim_ex.o
    0x080026c6   0x080026c6   0x00000002   Code   RO         3393    i.HAL_TIMEx_CommutationCallback  stm32f4xx_hal_tim_ex.o
    0x080026c8   0x080026c8   0x00000062   Code   RO         3409    i.HAL_TIMEx_MasterConfigSynchronization  stm32f4xx_hal_tim_ex.o
    0x0800272a   0x0800272a   0x00000034   Code   RO         2753    i.HAL_TIM_Base_Init  stm32f4xx_hal_tim.o
    0x0800275e   0x0800275e   0x00000002   PAD
    0x08002760   0x08002760   0x00000034   Code   RO         1166    i.HAL_TIM_Base_MspInit  stm32f4xx_hal_msp.o
    0x08002794   0x08002794   0x0000001e   Code   RO         2758    i.HAL_TIM_Base_Start_IT  stm32f4xx_hal_tim.o
    0x080027b2   0x080027b2   0x00000132   Code   RO         2762    i.HAL_TIM_ConfigClockSource  stm32f4xx_hal_tim.o
    0x080028e4   0x080028e4   0x00000002   Code   RO         2782    i.HAL_TIM_IC_CaptureCallback  stm32f4xx_hal_tim.o
    0x080028e6   0x080028e6   0x00000196   Code   RO         2795    i.HAL_TIM_IRQHandler  stm32f4xx_hal_tim.o
    0x08002a7c   0x08002a7c   0x00000002   Code   RO         2798    i.HAL_TIM_OC_DelayElapsedCallback  stm32f4xx_hal_tim.o
    0x08002a7e   0x08002a7e   0x00000002   Code   RO         2825    i.HAL_TIM_PWM_PulseFinishedCallback  stm32f4xx_hal_tim.o
    0x08002a80   0x08002a80   0x000002d8   Code   RO            4    i.HAL_TIM_PeriodElapsedCallback  main.o
    0x08002d58   0x08002d58   0x00000002   Code   RO         2836    i.HAL_TIM_TriggerCallback  stm32f4xx_hal_tim.o
    0x08002d5a   0x08002d5a   0x00000002   Code   RO         3652    i.HAL_UART_ErrorCallback  stm32f4xx_hal_uart.o
    0x08002d5c   0x08002d5c   0x0000014c   Code   RO         3655    i.HAL_UART_IRQHandler  stm32f4xx_hal_uart.o
    0x08002ea8   0x08002ea8   0x00000072   Code   RO         3656    i.HAL_UART_Init     stm32f4xx_hal_uart.o
    0x08002f1a   0x08002f1a   0x00000002   PAD
    0x08002f1c   0x08002f1c   0x0000015c   Code   RO         1168    i.HAL_UART_MspInit  stm32f4xx_hal_msp.o
    0x08003078   0x08003078   0x00000064   Code   RO         3661    i.HAL_UART_Receive_IT  stm32f4xx_hal_uart.o
    0x080030dc   0x080030dc   0x00000388   Code   RO            5    i.HAL_UART_RxCpltCallback  main.o
    0x08003464   0x08003464   0x000000d6   Code   RO         3664    i.HAL_UART_Transmit  stm32f4xx_hal_uart.o
    0x0800353a   0x0800353a   0x00000002   Code   RO         3667    i.HAL_UART_TxCpltCallback  stm32f4xx_hal_uart.o
    0x0800353c   0x0800353c   0x00000004   Code   RO         1051    i.HardFault_Handler  stm32f4xx_it.o
    0x08003540   0x08003540   0x00000080   Code   RO            6    i.MX_ADC1_Init      main.o
    0x080035c0   0x080035c0   0x00000240   Code   RO            7    i.MX_GPIO_Init      main.o
    0x08003800   0x08003800   0x00000204   Code   RO          490    i.MX_LWIP_Init      lwip.o
    0x08003a04   0x08003a04   0x00000070   Code   RO          491    i.MX_LWIP_Process   lwip.o
    0x08003a74   0x08003a74   0x00000044   Code   RO            8    i.MX_NVIC_Init      main.o
    0x08003ab8   0x08003ab8   0x00000048   Code   RO            9    i.MX_RTC_Init       main.o
    0x08003b00   0x08003b00   0x00000080   Code   RO           10    i.MX_TIM1_Init      main.o
    0x08003b80   0x08003b80   0x0000004c   Code   RO           11    i.MX_UART4_Init     main.o
    0x08003bcc   0x08003bcc   0x0000004c   Code   RO           12    i.MX_USART1_UART_Init  main.o
    0x08003c18   0x08003c18   0x0000004c   Code   RO           13    i.MX_USART2_UART_Init  main.o
    0x08003c64   0x08003c64   0x0000004c   Code   RO           14    i.MX_USART6_UART_Init  main.o
    0x08003cb0   0x08003cb0   0x00000004   Code   RO         1052    i.MemManage_Handler  stm32f4xx_it.o
    0x08003cb4   0x08003cb4   0x00000002   Code   RO         1053    i.NMI_Handler       stm32f4xx_it.o
    0x08003cb6   0x08003cb6   0x00000002   PAD
    0x08003cb8   0x08003cb8   0x00000010   Code   RO         4764    i.NVIC_GetPriorityGrouping  stm32f4xx_hal_cortex.o
    0x08003cc8   0x08003cc8   0x00000028   Code   RO         4765    i.NVIC_SetPriority  stm32f4xx_hal_cortex.o
    0x08003cf0   0x08003cf0   0x00000002   Code   RO         1054    i.PendSV_Handler    stm32f4xx_it.o
    0x08003cf2   0x08003cf2   0x0000003e   Code   RO         2404    i.RTC_EnterInitMode  stm32f4xx_hal_rtc.o
    0x08003d30   0x08003d30   0x00000074   Code   RO          387    i.STMFLASH_EraseSector  flash.o
    0x08003da4   0x08003da4   0x000000a0   Code   RO          388    i.STMFLASH_GetFlashSector  flash.o
    0x08003e44   0x08003e44   0x00000040   Code   RO          389    i.STMFLASH_GetStatus  flash.o
    0x08003e84   0x08003e84   0x00000014   Code   RO          390    i.STMFLASH_Lock     flash.o
    0x08003e98   0x08003e98   0x00000020   Code   RO          391    i.STMFLASH_Read     flash.o
    0x08003eb8   0x08003eb8   0x00000006   Code   RO          392    i.STMFLASH_ReadWord  flash.o
    0x08003ebe   0x08003ebe   0x00000002   PAD
    0x08003ec0   0x08003ec0   0x00000018   Code   RO          393    i.STMFLASH_Unlock   flash.o
    0x08003ed8   0x08003ed8   0x0000002c   Code   RO          394    i.STMFLASH_WaitDone  flash.o
    0x08003f04   0x08003f04   0x000000a4   Code   RO          395    i.STMFLASH_Write    flash.o
    0x08003fa8   0x08003fa8   0x00000054   Code   RO          396    i.STMFLASH_WriteWord  flash.o
    0x08003ffc   0x08003ffc   0x00000002   Code   RO         1055    i.SVC_Handler       stm32f4xx_it.o
    0x08003ffe   0x08003ffe   0x0000000c   Code   RO         1056    i.SysTick_Handler   stm32f4xx_it.o
    0x0800400a   0x0800400a   0x00000002   PAD
    0x0800400c   0x0800400c   0x000000f8   Code   RO           15    i.SystemClock_Config  main.o
    0x08004104   0x08004104   0x00000064   Code   RO         1876    i.SystemInit        system_stm32f4xx.o
    0x08004168   0x08004168   0x00000010   Code   RO         1057    i.TIM1_UP_TIM10_IRQHandler  stm32f4xx_it.o
    0x08004178   0x08004178   0x000000e4   Code   RO         2837    i.TIM_Base_SetConfig  stm32f4xx_hal_tim.o
    0x0800425c   0x0800425c   0x00000018   Code   RO         2844    i.TIM_ETR_SetConfig  stm32f4xx_hal_tim.o
    0x08004274   0x08004274   0x00000014   Code   RO         2845    i.TIM_ITRx_SetConfig  stm32f4xx_hal_tim.o
    0x08004288   0x08004288   0x0000002a   Code   RO         2851    i.TIM_TI1_ConfigInputStage  stm32f4xx_hal_tim.o
    0x080042b2   0x080042b2   0x0000002c   Code   RO         2853    i.TIM_TI2_ConfigInputStage  stm32f4xx_hal_tim.o
    0x080042de   0x080042de   0x00000002   PAD
    0x080042e0   0x080042e0   0x00000010   Code   RO         1058    i.UART4_IRQHandler  stm32f4xx_it.o
    0x080042f0   0x080042f0   0x00000014   Code   RO         3669    i.UART_DMAAbortOnError  stm32f4xx_hal_uart.o
    0x08004304   0x08004304   0x00000020   Code   RO         3679    i.UART_EndRxTransfer  stm32f4xx_hal_uart.o
    0x08004324   0x08004324   0x00000020   Code   RO         3680    i.UART_EndTransmit_IT  stm32f4xx_hal_uart.o
    0x08004344   0x08004344   0x0000009a   Code   RO         3682    i.UART_Receive_IT   stm32f4xx_hal_uart.o
    0x080043de   0x080043de   0x00000002   PAD
    0x080043e0   0x080043e0   0x00000368   Code   RO         3683    i.UART_SetConfig    stm32f4xx_hal_uart.o
    0x08004748   0x08004748   0x00000068   Code   RO         3684    i.UART_Transmit_IT  stm32f4xx_hal_uart.o
    0x080047b0   0x080047b0   0x0000006c   Code   RO         3685    i.UART_WaitOnFlagUntilTimeout  stm32f4xx_hal_uart.o
    0x0800481c   0x0800481c   0x0000001c   Code   RO         1059    i.USART1_IRQHandler  stm32f4xx_it.o
    0x08004838   0x08004838   0x0000001c   Code   RO         1060    i.USART2_IRQHandler  stm32f4xx_it.o
    0x08004854   0x08004854   0x0000001c   Code   RO         1061    i.USART6_IRQHandler  stm32f4xx_it.o
    0x08004870   0x08004870   0x00000004   Code   RO         1062    i.UsageFault_Handler  stm32f4xx_it.o
    0x08004874   0x08004874   0x00000004   Code   RO           16    i._Error_Handler    main.o
    0x08004878   0x08004878   0x00000020   Code   RO         8233    i.__0printf$3       mc_w.l(printf3.o)
    0x08004898   0x08004898   0x0000000e   Code   RO         8449    i.__scatterload_copy  mc_w.l(handlers.o)
    0x080048a6   0x080048a6   0x00000002   Code   RO         8450    i.__scatterload_null  mc_w.l(handlers.o)
    0x080048a8   0x080048a8   0x0000000e   Code   RO         8451    i.__scatterload_zeroinit  mc_w.l(handlers.o)
    0x080048b6   0x080048b6   0x00000002   PAD
    0x080048b8   0x080048b8   0x000001b8   Code   RO         8240    i._printf_core      mc_w.l(printf3.o)
    0x08004a70   0x08004a70   0x000000a0   Code   RO         1605    i.ac_detect         battery.o
    0x08004b10   0x08004b10   0x0000002c   Code   RO         1546    i.alarm_output      alarm.o
    0x08004b3c   0x08004b3c   0x00000014   Code   RO         1606    i.battery_disconnect  battery.o
    0x08004b50   0x08004b50   0x000000ac   Code   RO         1607    i.bettery_manage_process  battery.o
    0x08004bfc   0x08004bfc   0x0000009c   Code   RO         1724    i.built_tcp_link    sim800c.o
    0x08004c98   0x08004c98   0x00000038   Code   RO         1725    i.check_sim800c_cmd  sim800c.o
    0x08004cd0   0x08004cd0   0x0000008c   Code   RO         1726    i.check_sim_attach_gprs  sim800c.o
    0x08004d5c   0x08004d5c   0x0000007c   Code   RO         1727    i.check_sim_exist   sim800c.o
    0x08004dd8   0x08004dd8   0x00000098   Code   RO         1728    i.check_sim_network_registration  sim800c.o
    0x08004e70   0x08004e70   0x000000a4   Code   RO         1729    i.check_sim_signal_level  sim800c.o
    0x08004f14   0x08004f14   0x00000018   Code   RO         1232    i.clear_digit       display.o
    0x08004f2c   0x08004f2c   0x00000018   Code   RO         1233    i.clear_digit_word  display.o
    0x08004f44   0x08004f44   0x0000003a   Code   RO         1234    i.clear_screen      display.o
    0x08004f7e   0x08004f7e   0x00000002   PAD
    0x08004f80   0x08004f80   0x0000001c   Code   RO         7133    i.cyclic_timer      timeouts.o
    0x08004f9c   0x08004f9c   0x0000000e   Code   RO         1235    i.delay_display     display.o
    0x08004faa   0x08004faa   0x00000002   PAD
    0x08004fac   0x08004fac   0x00000014   Code   RO         1548    i.demolition_detect  alarm.o
    0x08004fc0   0x08004fc0   0x0000007c   Code   RO         1549    i.demolition_detect_process  alarm.o
    0x0800503c   0x0800503c   0x000000ac   Code   RO         6139    i.do_memp_free_pool  memp.o
    0x080050e8   0x080050e8   0x000000b4   Code   RO         6140    i.do_memp_malloc_pool  memp.o
    0x0800519c   0x0800519c   0x0000098c   Code   RO         1236    i.dynamic_lcd_process  display.o
    0x08005b28   0x08005b28   0x00000038   Code   RO         7373    i.etharp_cleanup_netif  etharp.o
    0x08005b60   0x08005b60   0x000002e0   Code   RO         7375    i.etharp_find_entry  etharp.o
    0x08005e40   0x08005e40   0x00000040   Code   RO         7376    i.etharp_free_entry  etharp.o
    0x08005e80   0x08005e80   0x0000013c   Code   RO         7378    i.etharp_input      etharp.o
    0x08005fbc   0x08005fbc   0x00000204   Code   RO         7379    i.etharp_output     etharp.o
    0x080061c0   0x080061c0   0x00000168   Code   RO         7380    i.etharp_output_to_arp_index  etharp.o
    0x08006328   0x08006328   0x00000284   Code   RO         7381    i.etharp_query      etharp.o
    0x080065ac   0x080065ac   0x00000188   Code   RO         7382    i.etharp_raw        etharp.o
    0x08006734   0x08006734   0x00000018   Code   RO         7383    i.etharp_request    etharp.o
    0x0800674c   0x0800674c   0x0000002c   Code   RO         7384    i.etharp_request_dst  etharp.o
    0x08006778   0x08006778   0x000000dc   Code   RO         7385    i.etharp_tmr        etharp.o
    0x08006854   0x08006854   0x0000015c   Code   RO         7386    i.etharp_update_arp_entry  etharp.o
    0x080069b0   0x080069b0   0x000000c8   Code   RO         5495    i.ethernet_input    ethernet.o
    0x08006a78   0x08006a78   0x00000104   Code   RO         5496    i.ethernet_output   ethernet.o
    0x08006b7c   0x08006b7c   0x00000090   Code   RO          578    i.ethernetif_init   ethernetif.o
    0x08006c0c   0x08006c0c   0x00000028   Code   RO          579    i.ethernetif_input  ethernetif.o
    0x08006c34   0x08006c34   0x00000006   Code   RO          397    i.flash_read_byte   flash.o
    0x08006c3a   0x08006c3a   0x00000012   Code   RO         8419    i.fputc             mc_w.l(fputc.o)
    0x08006c4c   0x08006c4c   0x00000164   Code   RO         1608    i.get_battery_capacity  battery.o
    0x08006db0   0x08006db0   0x000000a0   Code   RO         1609    i.get_battery_voltage  battery.o
    0x08006e50   0x08006e50   0x0000001c   Code   RO         1610    i.get_charge_sta    battery.o
    0x08006e6c   0x08006e6c   0x00000012   Code   RO         7473    i.icmp_dest_unreach  icmp.o
    0x08006e7e   0x08006e7e   0x00000002   PAD
    0x08006e80   0x08006e80   0x00000268   Code   RO         7474    i.icmp_input        icmp.o
    0x080070e8   0x080070e8   0x00000118   Code   RO         7475    i.icmp_send_response  icmp.o
    0x08007200   0x08007200   0x00000012   Code   RO         7476    i.icmp_time_exceeded  icmp.o
    0x08007212   0x08007212   0x00000002   PAD
    0x08007214   0x08007214   0x00000178   Code   RO         1823    i.init_control_uint  master_manage.o
    0x0800738c   0x0800738c   0x0000004e   Code   RO         7592    i.ip4_addr_isbroadcast_u32  ip4_addr.o
    0x080073da   0x080073da   0x00000002   PAD
    0x080073dc   0x080073dc   0x000002c8   Code   RO         7657    i.ip4_frag          ip4_frag.o
    0x080076a4   0x080076a4   0x000001cc   Code   RO         7539    i.ip4_input         ip4.o
    0x08007870   0x08007870   0x00000036   Code   RO         7541    i.ip4_output_if     ip4.o
    0x080078a6   0x080078a6   0x00000002   PAD
    0x080078a8   0x080078a8   0x00000190   Code   RO         7542    i.ip4_output_if_src  ip4.o
    0x08007a38   0x08007a38   0x000001d8   Code   RO         7658    i.ip4_reass         ip4_frag.o
    0x08007c10   0x08007c10   0x00000090   Code   RO         7543    i.ip4_route         ip4.o
    0x08007ca0   0x08007ca0   0x0000000a   Code   RO         7659    i.ip_frag_alloc_pbuf_custom_ref  ip4_frag.o
    0x08007caa   0x08007caa   0x00000002   PAD
    0x08007cac   0x08007cac   0x00000098   Code   RO         7660    i.ip_frag_free_pbuf_custom_ref  ip4_frag.o
    0x08007d44   0x08007d44   0x000002fc   Code   RO         7661    i.ip_reass_chain_frag_into_datagram_and_validate  ip4_frag.o
    0x08008040   0x08008040   0x000000c4   Code   RO         7662    i.ip_reass_dequeue_datagram  ip4_frag.o
    0x08008104   0x08008104   0x00000054   Code   RO         7663    i.ip_reass_enqueue_new_datagram  ip4_frag.o
    0x08008158   0x08008158   0x000001d8   Code   RO         7664    i.ip_reass_free_complete_datagram  ip4_frag.o
    0x08008330   0x08008330   0x00000088   Code   RO         7665    i.ip_reass_remove_oldest_datagram  ip4_frag.o
    0x080083b8   0x080083b8   0x00000034   Code   RO         7666    i.ip_reass_tmr      ip4_frag.o
    0x080083ec   0x080083ec   0x000000c8   Code   RO         7667    i.ipfrag_free_pbuf_custom  ip4_frag.o
    0x080084b4   0x080084b4   0x00000036   Code   RO         1462    i.key_action        keyboard.o
    0x080084ea   0x080084ea   0x00000002   PAD
    0x080084ec   0x080084ec   0x0000007c   Code   RO         1463    i.key_drive         keyboard.o
    0x08008568   0x08008568   0x000000b4   Code   RO         1464    i.key_scan          keyboard.o
    0x0800861c   0x0800861c   0x00000058   Code   RO         1237    i.lcd_address       display.o
    0x08008674   0x08008674   0x00000190   Code   RO         1238    i.lcd_init          display.o
    0x08008804   0x08008804   0x0000002e   Code   RO         1240    i.lcd_show_16x16    display.o
    0x08008832   0x08008832   0x00000036   Code   RO         1241    i.lcd_show_256x160  display.o
    0x08008868   0x08008868   0x0000002e   Code   RO         1242    i.lcd_show_32x16    display.o
    0x08008896   0x08008896   0x0000002e   Code   RO         1244    i.lcd_show_8x16     display.o
    0x080088c4   0x080088c4   0x000000ac   Code   RO         1245    i.lcd_show_auto_detect_comfirm_page  display.o
    0x08008970   0x08008970   0x00000034   Code   RO         1246    i.lcd_show_chs_16x16  display.o
    0x080089a4   0x080089a4   0x00000018   Code   RO         1247    i.lcd_show_hollow_circle  display.o
    0x080089bc   0x080089bc   0x0000020c   Code   RO         1248    i.lcd_show_local_ip_set_page  display.o
    0x08008bc8   0x08008bc8   0x00000368   Code   RO         1249    i.lcd_show_main_page  display.o
    0x08008f30   0x08008f30   0x000000e4   Code   RO         1250    i.lcd_show_master_type_set_page  display.o
    0x08009014   0x08009014   0x00000090   Code   RO         1251    i.lcd_show_menu_page  display.o
    0x080090a4   0x080090a4   0x00000124   Code   RO         1252    i.lcd_show_remote_ip_set_page  display.o
    0x080091c8   0x080091c8   0x0000003c   Code   RO         1253    i.lcd_show_sensitivity_icon  display.o
    0x08009204   0x08009204   0x00000018   Code   RO         1254    i.lcd_show_solid_circle  display.o
    0x0800921c   0x0800921c   0x00000038   Code   RO         1255    i.lcd_show_str_8x16  display.o
    0x08009254   0x08009254   0x00000084   Code   RO         1256    i.lcd_transfer_command  display.o
    0x080092d8   0x080092d8   0x00000080   Code   RO         1257    i.lcd_transfer_data  display.o
    0x08009358   0x08009358   0x000008b4   Code   RO         1258    i.lcd_update_main_page_process  display.o
    0x08009c0c   0x08009c0c   0x0000001e   Code   RO         1259    i.led_alarm         display.o
    0x08009c2a   0x08009c2a   0x00000002   PAD
    0x08009c2c   0x08009c2c   0x00000028   Code   RO         1260    i.led_arming        display.o
    0x08009c54   0x08009c54   0x00000028   Code   RO         1261    i.led_dismantle     display.o
    0x08009c7c   0x08009c7c   0x00000028   Code   RO         1262    i.led_zone1_alarm   display.o
    0x08009ca4   0x08009ca4   0x00000028   Code   RO         1263    i.led_zone2_alarm   display.o
    0x08009ccc   0x08009ccc   0x00000200   Code   RO          492    i.local_network_set  lwip.o
    0x08009ecc   0x08009ecc   0x0000002e   Code   RO         1465    i.long_press_action  keyboard.o
    0x08009efa   0x08009efa   0x00000002   PAD
    0x08009efc   0x08009efc   0x0000000c   Code   RO         1466    i.long_press_key2_action  keyboard.o
    0x08009f08   0x08009f08   0x0000000c   Code   RO         1467    i.long_press_key4_action  keyboard.o
    0x08009f14   0x08009f14   0x00000038   Code   RO         1468    i.long_press_key5_action  keyboard.o
    0x08009f4c   0x08009f4c   0x0000011c   Code   RO          580    i.low_level_init    ethernetif.o
    0x0800a068   0x0800a068   0x00000104   Code   RO          581    i.low_level_input   ethernetif.o
    0x0800a16c   0x0800a16c   0x000000e8   Code   RO          582    i.low_level_output  ethernetif.o
    0x0800a254   0x0800a254   0x0000001a   Code   RO         5816    i.lwip_htonl        def.o
    0x0800a26e   0x0800a26e   0x0000000c   Code   RO         5817    i.lwip_htons        def.o
    0x0800a27a   0x0800a27a   0x00000002   PAD
    0x0800a27c   0x0800a27c   0x0000009c   Code   RO         5969    i.lwip_init         init.o
    0x0800a318   0x0800a318   0x00000100   Code   RO           17    i.main              main.o
    0x0800a418   0x0800a418   0x0000003c   Code   RO         1666    i.max485_send_str   max485.o
    0x0800a454   0x0800a454   0x00000228   Code   RO         1667    i.max_485_1_deal    max485.o
    0x0800a67c   0x0800a67c   0x00000060   Code   RO         1668    i.max_485_1_return_ip_set_ok  max485.o
    0x0800a6dc   0x0800a6dc   0x000000fc   Code   RO         1669    i.max_485_1_return_master_msg  max485.o
    0x0800a7d8   0x0800a7d8   0x000000b8   Code   RO         1670    i.max_485_1_return_set_ok  max485.o
    0x0800a890   0x0800a890   0x0000014c   Code   RO         6073    i.mem_free          mem.o
    0x0800a9dc   0x0800a9dc   0x0000005c   Code   RO         6074    i.mem_init          mem.o
    0x0800aa38   0x0800aa38   0x00000274   Code   RO         6075    i.mem_malloc        mem.o
    0x0800acac   0x0800acac   0x000001d0   Code   RO         6076    i.mem_trim          mem.o
    0x0800ae7c   0x0800ae7c   0x000000b0   Code   RO         6141    i.memp_free         memp.o
    0x0800af2c   0x0800af2c   0x00000020   Code   RO         6143    i.memp_init         memp.o
    0x0800af4c   0x0800af4c   0x0000002c   Code   RO         6144    i.memp_init_pool    memp.o
    0x0800af78   0x0800af78   0x000000b0   Code   RO         6145    i.memp_malloc       memp.o
    0x0800b028   0x0800b028   0x000000fc   Code   RO         6245    i.netif_add         netif.o
    0x0800b124   0x0800b124   0x00000002   Code   RO         6247    i.netif_init        netif.o
    0x0800b126   0x0800b126   0x00000024   Code   RO         6249    i.netif_issue_reports  netif.o
    0x0800b14a   0x0800b14a   0x00000002   PAD
    0x0800b14c   0x0800b14c   0x00000078   Code   RO         6250    i.netif_remove      netif.o
    0x0800b1c4   0x0800b1c4   0x00000048   Code   RO         6251    i.netif_set_addr    netif.o
    0x0800b20c   0x0800b20c   0x0000000c   Code   RO         6252    i.netif_set_default  netif.o
    0x0800b218   0x0800b218   0x0000002a   Code   RO         6253    i.netif_set_down    netif.o
    0x0800b242   0x0800b242   0x0000000c   Code   RO         6254    i.netif_set_gw      netif.o
    0x0800b24e   0x0800b24e   0x00000002   PAD
    0x0800b250   0x0800b250   0x0000004c   Code   RO         6255    i.netif_set_ipaddr  netif.o
    0x0800b29c   0x0800b29c   0x0000000c   Code   RO         6258    i.netif_set_netmask  netif.o
    0x0800b2a8   0x0800b2a8   0x0000002c   Code   RO         6259    i.netif_set_up      netif.o
    0x0800b2d4   0x0800b2d4   0x00000020   Code   RO          493    i.network_cable_disconnect_handle  lwip.o
    0x0800b2f4   0x0800b2f4   0x000001f4   Code   RO          494    i.network_cable_reconnect_handle  lwip.o
    0x0800b4e8   0x0800b4e8   0x00000034   Code   RO         1264    i.num_to_string     display.o
    0x0800b51c   0x0800b51c   0x00000430   Code   RO         6376    i.pbuf_alloc        pbuf.o
    0x0800b94c   0x0800b94c   0x0000010c   Code   RO         6377    i.pbuf_alloced_custom  pbuf.o
    0x0800ba58   0x0800ba58   0x00000150   Code   RO         6378    i.pbuf_cat          pbuf.o
    0x0800bba8   0x0800bba8   0x00000016   Code   RO         6379    i.pbuf_chain        pbuf.o
    0x0800bbbe   0x0800bbbe   0x00000012   Code   RO         6380    i.pbuf_clen         pbuf.o
    0x0800bbd0   0x0800bbd0   0x00000238   Code   RO         6382    i.pbuf_copy         pbuf.o
    0x0800be08   0x0800be08   0x00000154   Code   RO         6383    i.pbuf_copy_partial  pbuf.o
    0x0800bf5c   0x0800bf5c   0x000001b0   Code   RO         6385    i.pbuf_free         pbuf.o
    0x0800c10c   0x0800c10c   0x00000034   Code   RO         6386    i.pbuf_free_ooseq   pbuf.o
    0x0800c140   0x0800c140   0x00000012   Code   RO         6388    i.pbuf_header       pbuf.o
    0x0800c152   0x0800c152   0x00000012   Code   RO         6389    i.pbuf_header_force  pbuf.o
    0x0800c164   0x0800c164   0x00000168   Code   RO         6390    i.pbuf_header_impl  pbuf.o
    0x0800c2cc   0x0800c2cc   0x00000010   Code   RO         6393    i.pbuf_pool_is_empty  pbuf.o
    0x0800c2dc   0x0800c2dc   0x000001dc   Code   RO         6395    i.pbuf_realloc      pbuf.o
    0x0800c4b8   0x0800c4b8   0x0000009c   Code   RO         6396    i.pbuf_ref          pbuf.o
    0x0800c554   0x0800c554   0x000001d0   Code   RO         6400    i.pbuf_take         pbuf.o
    0x0800c724   0x0800c724   0x000001c4   Code   RO         6077    i.plug_holes        mem.o
    0x0800c8e8   0x0800c8e8   0x0000007a   Code   RO         1265    i.port_to_string    display.o
    0x0800c962   0x0800c962   0x00000002   PAD
    0x0800c964   0x0800c964   0x0000018c   Code   RO          398    i.read_data_from_flash  flash.o
    0x0800caf0   0x0800caf0   0x00000050   Code   RO         1550    i.relay_alarm       alarm.o
    0x0800cb40   0x0800cb40   0x00000050   Code   RO         1551    i.relay_siren       alarm.o
    0x0800cb90   0x0800cb90   0x00000038   Code   RO         1824    i.set_ctrl_unit     master_manage.o
    0x0800cbc8   0x0800cbc8   0x0000007c   Code   RO         1730    i.set_transparent_mode  sim800c.o
    0x0800cc44   0x0800cc44   0x00000070   Code   RO         1469    i.short_press_key1_action  keyboard.o
    0x0800ccb4   0x0800ccb4   0x00000704   Code   RO         1470    i.short_press_key2_action  keyboard.o
    0x0800d3b8   0x0800d3b8   0x00000050   Code   RO         1471    i.short_press_key3_action  keyboard.o
    0x0800d408   0x0800d408   0x000006e4   Code   RO         1472    i.short_press_key4_action  keyboard.o
    0x0800daec   0x0800daec   0x0000068c   Code   RO         1473    i.short_press_key5_action  keyboard.o
    0x0800e178   0x0800e178   0x00000050   Code   RO         1731    i.sim800c_close_tcp  sim800c.o
    0x0800e1c8   0x0800e1c8   0x00000010   Code   RO         1732    i.sim800c_connect_tcp  sim800c.o
    0x0800e1d8   0x0800e1d8   0x0000002a   Code   RO         1733    i.sim800c_init      sim800c.o
    0x0800e202   0x0800e202   0x00000002   PAD
    0x0800e204   0x0800e204   0x000000e0   Code   RO         1734    i.sim800c_process   sim800c.o
    0x0800e2e4   0x0800e2e4   0x00000050   Code   RO         1735    i.sim800c_pwr       sim800c.o
    0x0800e334   0x0800e334   0x00000078   Code   RO         1736    i.sim800c_sync_uart_baud  sim800c.o
    0x0800e3ac   0x0800e3ac   0x00000080   Code   RO         7134    i.sys_check_timeouts  timeouts.o
    0x0800e42c   0x0800e42c   0x00000008   Code   RO          584    i.sys_now           ethernetif.o
    0x0800e434   0x0800e434   0x00000188   Code   RO         7136    i.sys_timeout       timeouts.o
    0x0800e5bc   0x0800e5bc   0x00000034   Code   RO         7137    i.sys_timeouts_init  timeouts.o
    0x0800e5f0   0x0800e5f0   0x0000019c   Code   RO         6628    i.tcp_abandon       tcp.o
    0x0800e78c   0x0800e78c   0x0000000e   Code   RO         6629    i.tcp_abort         tcp.o
    0x0800e79a   0x0800e79a   0x00000002   PAD
    0x0800e79c   0x0800e79c   0x000000b8   Code   RO         6632    i.tcp_alloc         tcp.o
    0x0800e854   0x0800e854   0x0000001c   Code   RO         6635    i.tcp_close         tcp.o
    0x0800e870   0x0800e870   0x000001f4   Code   RO         6636    i.tcp_close_shutdown  tcp.o
    0x0800ea64   0x0800ea64   0x000000e4   Code   RO         6637    i.tcp_close_shutdown_fin  tcp.o
    0x0800eb48   0x0800eb48   0x00000150   Code   RO         7016    i.tcp_create_segment  tcp_out.o
    0x0800ec98   0x0800ec98   0x0000003a   Code   RO         6640    i.tcp_eff_send_mss_impl  tcp.o
    0x0800ecd2   0x0800ecd2   0x00000002   PAD
    0x0800ecd4   0x0800ecd4   0x00000294   Code   RO         7017    i.tcp_enqueue_flags  tcp_out.o
    0x0800ef68   0x0800ef68   0x00000090   Code   RO         6642    i.tcp_fasttmr       tcp.o
    0x0800eff8   0x0800eff8   0x00000058   Code   RO         6932    i.tcp_getoptbyte    tcp_in.o
    0x0800f050   0x0800f050   0x00000002   Code   RO         6643    i.tcp_init          tcp.o
    0x0800f052   0x0800f052   0x00000002   PAD
    0x0800f054   0x0800f054   0x0000078c   Code   RO         6933    i.tcp_input         tcp_in.o
    0x0800f7e0   0x0800f7e0   0x0000004c   Code   RO         6934    i.tcp_input_delayed_close  tcp_in.o
    0x0800f82c   0x0800f82c   0x0000005a   Code   RO         7018    i.tcp_keepalive     tcp_out.o
    0x0800f886   0x0800f886   0x00000002   PAD
    0x0800f888   0x0800f888   0x00000058   Code   RO         6644    i.tcp_kill_prio     tcp.o
    0x0800f8e0   0x0800f8e0   0x000000d0   Code   RO         6645    i.tcp_kill_state    tcp.o
    0x0800f9b0   0x0800f9b0   0x0000003c   Code   RO         6646    i.tcp_kill_timewait  tcp.o
    0x0800f9ec   0x0800f9ec   0x000000d0   Code   RO         6647    i.tcp_listen_closed  tcp.o
    0x0800fabc   0x0800fabc   0x00000148   Code   RO         6935    i.tcp_listen_input  tcp_in.o
    0x0800fc04   0x0800fc04   0x00000054   Code   RO         6650    i.tcp_netif_ip_addr_changed  tcp.o
    0x0800fc58   0x0800fc58   0x0000002a   Code   RO         6651    i.tcp_netif_ip_addr_changed_pcblist  tcp.o
    0x0800fc82   0x0800fc82   0x00000002   PAD
    0x0800fc84   0x0800fc84   0x00000020   Code   RO         6655    i.tcp_next_iss      tcp.o
    0x0800fca4   0x0800fca4   0x00000090   Code   RO         6936    i.tcp_oos_insert_segment  tcp_in.o
    0x0800fd34   0x0800fd34   0x00000320   Code   RO         7019    i.tcp_output        tcp_out.o
    0x08010054   0x08010054   0x00000124   Code   RO         7020    i.tcp_output_alloc_header  tcp_out.o
    0x08010178   0x08010178   0x000000c4   Code   RO         7021    i.tcp_output_segment  tcp_out.o
    0x0801023c   0x0801023c   0x0000009c   Code   RO         6937    i.tcp_parseopt      tcp_in.o
    0x080102d8   0x080102d8   0x00000048   Code   RO         6656    i.tcp_pcb_purge     tcp.o
    0x08010320   0x08010320   0x00000164   Code   RO         6657    i.tcp_pcb_remove    tcp.o
    0x08010484   0x08010484   0x000006d8   Code   RO         6938    i.tcp_process       tcp_in.o
    0x08010b5c   0x08010b5c   0x00000094   Code   RO         6659    i.tcp_process_refused_data  tcp.o
    0x08010bf0   0x08010bf0   0x00000d50   Code   RO         6939    i.tcp_receive       tcp_in.o
    0x08011940   0x08011940   0x0000002e   Code   RO         6661    i.tcp_recv_null     tcp.o
    0x0801196e   0x0801196e   0x00000002   PAD
    0x08011970   0x08011970   0x00000130   Code   RO         6662    i.tcp_recved        tcp.o
    0x08011aa0   0x08011aa0   0x00000018   Code   RO         6663    i.tcp_remove_listener  tcp.o
    0x08011ab8   0x08011ab8   0x00000062   Code   RO         7023    i.tcp_rexmit        tcp_out.o
    0x08011b1a   0x08011b1a   0x0000006e   Code   RO         7024    i.tcp_rexmit_fast   tcp_out.o
    0x08011b88   0x08011b88   0x00000042   Code   RO         7025    i.tcp_rexmit_rto    tcp_out.o
    0x08011bca   0x08011bca   0x00000002   PAD
    0x08011bcc   0x08011bcc   0x0000012c   Code   RO         7026    i.tcp_rst           tcp_out.o
    0x08011cf8   0x08011cf8   0x00000024   Code   RO         6664    i.tcp_seg_copy      tcp.o
    0x08011d1c   0x08011d1c   0x0000001a   Code   RO         6665    i.tcp_seg_free      tcp.o
    0x08011d36   0x08011d36   0x00000018   Code   RO         6666    i.tcp_segs_free     tcp.o
    0x08011d4e   0x08011d4e   0x00000076   Code   RO         7027    i.tcp_send_empty_ack  tcp_out.o
    0x08011dc4   0x08011dc4   0x0000004a   Code   RO         7028    i.tcp_send_fin      tcp_out.o
    0x08011e0e   0x08011e0e   0x00000002   PAD
    0x08011e10   0x08011e10   0x0000061c   Code   RO         6670    i.tcp_slowtmr       tcp.o
    0x0801242c   0x0801242c   0x00000038   Code   RO         7140    i.tcp_timer_needed  timeouts.o
    0x08012464   0x08012464   0x000000a4   Code   RO         6940    i.tcp_timewait_input  tcp_in.o
    0x08012508   0x08012508   0x00000024   Code   RO         6671    i.tcp_tmr           tcp.o
    0x0801252c   0x0801252c   0x00000014   Code   RO         6941    i.tcp_trigger_input_pcb_close  tcp_in.o
    0x08012540   0x08012540   0x000000dc   Code   RO         6673    i.tcp_update_rcv_ann_wnd  tcp.o
    0x0801261c   0x0801261c   0x000000de   Code   RO         7031    i.tcp_zero_window_probe  tcp_out.o
    0x080126fa   0x080126fa   0x00000002   PAD
    0x080126fc   0x080126fc   0x00000038   Code   RO         7141    i.tcpip_tcp_timer   timeouts.o
    0x08012734   0x08012734   0x000000bc   Code   RO         1737    i.transparent_data_processing  sim800c.o
    0x080127f0   0x080127f0   0x00000224   Code   RO         1825    i.uart1_deal        master_manage.o
    0x08012a14   0x08012a14   0x00000094   Code   RO         7213    i.udp_bind          udp.o
    0x08012aa8   0x08012aa8   0x0000006c   Code   RO         7214    i.udp_connect       udp.o
    0x08012b14   0x08012b14   0x00000012   Code   RO          976    i.udp_connection_close  udp_client.o
    0x08012b26   0x08012b26   0x00000010   Code   RO         7215    i.udp_disconnect    udp.o
    0x08012b36   0x08012b36   0x00000002   Code   RO         7216    i.udp_init          udp.o
    0x08012b38   0x08012b38   0x000001bc   Code   RO         7217    i.udp_input         udp.o
    0x08012cf4   0x08012cf4   0x00000048   Code   RO         7218    i.udp_input_local_match  udp.o
    0x08012d3c   0x08012d3c   0x000000dc   Code   RO          977    i.udp_monitor_conf  udp_client.o
    0x08012e18   0x08012e18   0x000000e4   Code   RO          978    i.udp_monitor_reconf  udp_client.o
    0x08012efc   0x08012efc   0x00000030   Code   RO         7219    i.udp_netif_ip_addr_changed  udp.o
    0x08012f2c   0x08012f2c   0x0000001c   Code   RO         7220    i.udp_new           udp.o
    0x08012f48   0x08012f48   0x00000058   Code   RO         7222    i.udp_new_port      udp.o
    0x08012fa0   0x08012fa0   0x00000088   Code   RO          979    i.udp_recevice_callback  udp_client.o
    0x08013028   0x08013028   0x00000006   Code   RO         7223    i.udp_recv          udp.o
    0x0801302e   0x0801302e   0x00000002   PAD
    0x08013030   0x08013030   0x00000044   Code   RO         7224    i.udp_remove        udp.o
    0x08013074   0x08013074   0x00000104   Code   RO          980    i.udp_return_master_msg  udp_client.o
    0x08013178   0x08013178   0x0000006c   Code   RO          981    i.udp_return_set_ok  udp_client.o
    0x080131e4   0x080131e4   0x000002f8   Code   RO          982    i.udp_rx_processing  udp_client.o
    0x080134dc   0x080134dc   0x00000044   Code   RO          983    i.udp_send_data     udp_client.o
    0x08013520   0x08013520   0x0000003c   Code   RO         7226    i.udp_sendto        udp.o
    0x0801355c   0x0801355c   0x00000052   Code   RO         7227    i.udp_sendto_if     udp.o
    0x080135ae   0x080135ae   0x00000002   PAD
    0x080135b0   0x080135b0   0x00000160   Code   RO         7228    i.udp_sendto_if_src  udp.o
    0x08013710   0x08013710   0x00000038   Code   RO          399    i.write_flash_process  flash.o
    0x08013748   0x08013748   0x00000018   Data   RO         1877    .constdata          system_stm32f4xx.o
    0x08013760   0x08013760   0x0000000c   Data   RO         5497    .constdata          ethernet.o
    0x0801376c   0x0801376c   0x00000090   Data   RO         6148    .constdata          memp.o
    0x080137fc   0x080137fc   0x00000050   Data   RO         6674    .constdata          tcp.o
    0x0801384c   0x0801384c   0x00000018   Data   RO         7142    .constdata          timeouts.o
    0x08013864   0x08013864   0x00000008   Data   RO         7599    .constdata          ip4_addr.o
    0x0801386c   0x0801386c   0x00000041   Data   RO         5970    .conststring        init.o
    0x080138ad   0x080138ad   0x00000003   PAD
    0x080138b0   0x080138b0   0x00000075   Data   RO         6675    .conststring        tcp.o
    0x08013925   0x08013925   0x00000003   PAD
    0x08013928   0x08013928   0x00000055   Data   RO         7032    .conststring        tcp_out.o
    0x0801397d   0x0801397d   0x00000003   PAD
    0x08013980   0x08013980   0x00000041   Data   RO         7388    .conststring        etharp.o
    0x080139c1   0x080139c1   0x00000003   PAD
    0x080139c4   0x080139c4   0x00000020   Data   RO         8447    Region$$Table       anon$$obj.o


    Execution Region RW_IRAM1 (Exec base: 0x20000000, Load base: 0x080139e4, Size: 0x00009ef0, Max: 0x00020000, ABSOLUTE, COMPRESSED[0x00000ed0])

    Exec Addr    Load Addr    Size         Type   Attr      Idx    E Section Name        Object

    0x20000000   COMPRESSED   0x0000001a   Data   RW           19    .data               main.o
    0x2000001a   COMPRESSED   0x00000005   Data   RW          401    .data               flash.o
    0x2000001f   COMPRESSED   0x00000001   PAD
    0x20000020   COMPRESSED   0x0000001d   Data   RW          500    .data               lwip.o
    0x2000003d   COMPRESSED   0x00000003   PAD
    0x20000040   COMPRESSED   0x00000019   Data   RW          851    .data               tcp_client.o
    0x20000059   COMPRESSED   0x00000003   PAD
    0x2000005c   COMPRESSED   0x00000014   Data   RW          985    .data               udp_client.o
    0x20000070   COMPRESSED   0x00002c83   Data   RW         1266    .data               display.o
    0x20002cf3   COMPRESSED   0x00000001   PAD
    0x20002cf4   COMPRESSED   0x0000001e   Data   RW         1475    .data               keyboard.o
    0x20002d12   COMPRESSED   0x00000002   PAD
    0x20002d14   COMPRESSED   0x00000019   Data   RW         1552    .data               alarm.o
    0x20002d2d   COMPRESSED   0x00000003   PAD
    0x20002d30   COMPRESSED   0x00000009   Data   RW         1611    .data               battery.o
    0x20002d39   COMPRESSED   0x00000003   Data   RW         1672    .data               max485.o
    0x20002d3c   COMPRESSED   0x0000000b   Data   RW         1739    .data               sim800c.o
    0x20002d47   COMPRESSED   0x00000001   PAD
    0x20002d48   COMPRESSED   0x0000002e   Data   RW         1827    .data               master_manage.o
    0x20002d76   COMPRESSED   0x00000002   PAD
    0x20002d78   COMPRESSED   0x00000004   Data   RW         1878    .data               system_stm32f4xx.o
    0x20002d7c   COMPRESSED   0x00000009   Data   RW         4911    .data               stm32f4xx_hal.o
    0x20002d85   COMPRESSED   0x00000003   PAD
    0x20002d88   COMPRESSED   0x0000000c   Data   RW         6079    .data               mem.o
    0x20002d94   COMPRESSED   0x00000024   Data   RW         6149    .data               memp.o
    0x20002db8   COMPRESSED   0x00000009   Data   RW         6260    .data               netif.o
    0x20002dc1   COMPRESSED   0x00000001   Data   RW         6403    .data               pbuf.o
    0x20002dc2   COMPRESSED   0x00000002   PAD
    0x20002dc4   COMPRESSED   0x00000020   Data   RW         6676    .data               tcp.o
    0x20002de4   COMPRESSED   0x00000028   Data   RW         6943    .data               tcp_in.o
    0x20002e0c   COMPRESSED   0x0000000c   Data   RW         7143    .data               timeouts.o
    0x20002e18   COMPRESSED   0x00000008   Data   RW         7229    .data               udp.o
    0x20002e20   COMPRESSED   0x00000001   Data   RW         7389    .data               etharp.o
    0x20002e21   COMPRESSED   0x00000001   PAD
    0x20002e22   COMPRESSED   0x00000002   Data   RW         7544    .data               ip4.o
    0x20002e24   COMPRESSED   0x00000006   Data   RW         7668    .data               ip4_frag.o
    0x20002e2a   COMPRESSED   0x00000002   PAD
    0x20002e2c   COMPRESSED   0x00000004   Data   RW         8421    .data               mc_w.l(stdout.o)
    0x20002e30        -       0x000001a4   Zero   RW           18    .bss                main.o
    0x20002fd4        -       0x0000001a   Zero   RW          400    .bss                flash.o
    0x20002fee   COMPRESSED   0x00000002   PAD
    0x20002ff0        -       0x00000030   Zero   RW          499    .bss                lwip.o
    0x20003020        -       0x000030e8   Zero   RW          585    .bss                ethernetif.o
    0x20006108        -       0x00000190   Zero   RW          850    .bss                tcp_client.o
    0x20006298        -       0x000000c8   Zero   RW          984    .bss                udp_client.o
    0x20006360        -       0x0000000a   Zero   RW         1474    .bss                keyboard.o
    0x2000636a        -       0x00000064   Zero   RW         1671    .bss                max485.o
    0x200063ce        -       0x000000a4   Zero   RW         1738    .bss                sim800c.o
    0x20006472        -       0x00000064   Zero   RW         1826    .bss                master_manage.o
    0x200064d6   COMPRESSED   0x00000002   PAD
    0x200064d8        -       0x00000018   Zero   RW         6041    .bss                ip.o
    0x200064f0        -       0x00000653   Zero   RW         6078    .bss                mem.o
    0x20006b43        -       0x00002eab   Zero   RW         6147    .bss                memp.o
    0x200099ee   COMPRESSED   0x00000002   PAD
    0x200099f0        -       0x00000010   Zero   RW         6942    .bss                tcp_in.o
    0x20009a00        -       0x000000f0   Zero   RW         7387    .bss                etharp.o
    0x20009af0        -       0x00000400   Zero   RW         1865    STACK               startup_stm32f407xx.o


==============================================================================

Image component sizes


      Code (inc. data)   RO Data    RW Data    ZI Data      Debug   Object Name

       348         38          0         25          0       3999   alarm.o
         0          0          0          0          0       1632   auth.o
       896         80          0          9          0       4974   battery.o
        38          0          0          0          0       1178   def.o
      8544        760          0      11395          0      30808   display.o
      3720       1180         65          1        240      12443   etharp.o
       460        152         12          0          0       2826   ethernet.o
      1340        170          0          0      12520     754767   ethernetif.o
      1172        166          0          5         26      10949   flash.o
       932        350          0          0          0       4762   icmp.o
       156         92         65          0          0       2536   init.o
         0          0          0          0         24       6037   ip.o
      1058        182          0          2          0       5176   ip4.o
        78          0          8          0          0       7114   ip4_addr.o
      3250       1040          0          6          0      12522   ip4_frag.o
      5912        382          0         30         10      10403   keyboard.o
      1672        134          0         29         48       4270   lwip.o
      3416        504          0         26        420     731253   main.o
       980         88          0         46        100       5255   master_manage.o
      1204        150          0          3        100       6035   max485.o
      1968        842          0         12       1619       5941   mem.o
       780        500        144         36      11947      10442   memp.o
       680        146          0          9          0      10750   netif.o
      4616       2052          0          1          0      24610   pbuf.o
      1666        416          0         11        164      11077   sim800c.o
         0          0          0          0          0       1374   slipif.o
        36          8        392          0       1024        816   startup_stm32f407xx.o
       212         36          0          9          0       4965   stm32f4xx_hal.o
      1298         46          0          0          0       5218   stm32f4xx_hal_adc.o
       376         28          0          0          0      33503   stm32f4xx_hal_cortex.o
        40          0          0          0          0       1171   stm32f4xx_hal_dma.o
      3072         52          0          0          0      19774   stm32f4xx_hal_eth.o
       896         86          0          0          0       3969   stm32f4xx_hal_gpio.o
       688         72          0          0          0       3744   stm32f4xx_hal_msp.o
      1732         84          0          0          0       5668   stm32f4xx_hal_rcc.o
       416         20          0          0          0       1448   stm32f4xx_hal_rcc_ex.o
       336          4          0          0          0       2692   stm32f4xx_hal_rtc.o
      1160         44          0          0          0       9731   stm32f4xx_hal_tim.o
       102          0          0          0          0       2418   stm32f4xx_hal_tim_ex.o
      2086         14          0          0          0      10199   stm32f4xx_hal_uart.o
       168         42          0          0          0       7353   stm32f4xx_it.o
       100         18         24          4          0       1215   system_stm32f4xx.o
      5148       1656        197         32          0      33854   tcp.o
         0          0          0         25        400       5707   tcp_client.o
      8068       1440          0         40         16      20911   tcp_in.o
      3362        830         85          0          0      21726   tcp_out.o
       712        234         24         12          0       6155   timeouts.o
      1522        294          0          8          0      13467   udp.o
      1798        186          0         20        200       7049   udp_client.o

    ----------------------------------------------------------------------
     78286      14618       1060      11820      28864    1905886   Object Totals
         0          0         32          0          0          0   (incl. Generated)
        72          0         12         24          6          0   (incl. Padding)

    ----------------------------------------------------------------------

      Code (inc. data)   RO Data    RW Data    ZI Data      Debug   Library Member Name

        86          0          0          0          0          0   __dczerorl2.o
         0          0          0          0          0          0   entry.o
         0          0          0          0          0          0   entry10a.o
         0          0          0          0          0          0   entry11a.o
         8          4          0          0          0          0   entry2.o
         4          0          0          0          0          0   entry5.o
         0          0          0          0          0          0   entry7b.o
         0          0          0          0          0          0   entry8b.o
         8          4          0          0          0          0   entry9a.o
        18          0          0          0          0         80   fputc.o
        30          0          0          0          0          0   handlers.o
        36          8          0          0          0         68   init.o
         0          0          0          0          0          0   iusesemip.o
        30          0          0          0          0         68   llshl.o
        32          0          0          0          0         68   llushr.o
        26          0          0          0          0         80   memcmp.o
        36          0          0          0          0         68   memcpya.o
        36          0          0          0          0        108   memseta.o
       472         14          0          0          0        184   printf3.o
         0          0          0          0          0          0   semi.o
         0          0          0          4          0          0   stdout.o
        28          0          0          0          0         76   strcmp.o
        14          0          0          0          0         68   strlen.o
        44          0          0          0          0         80   uidiv.o
        98          0          0          0          0         92   uldiv.o

    ----------------------------------------------------------------------
      1010         30          0          4          0       1040   Library Totals
         4          0          0          0          0          0   (incl. Padding)

    ----------------------------------------------------------------------

      Code (inc. data)   RO Data    RW Data    ZI Data      Debug   Library Name

      1006         30          0          4          0       1040   mc_w.l

    ----------------------------------------------------------------------
      1010         30          0          4          0       1040   Library Totals

    ----------------------------------------------------------------------

==============================================================================


      Code (inc. data)   RO Data    RW Data    ZI Data      Debug   

     79296      14648       1060      11824      28864    1868942   Grand Totals
     79296      14648       1060       3792      28864    1868942   ELF Image Totals (compressed)
     79296      14648       1060       3792          0          0   ROM Totals

==============================================================================

    Total RO  Size (Code + RO Data)                80356 (  78.47kB)
    Total RW  Size (RW Data + ZI Data)             40688 (  39.73kB)
    Total ROM Size (Code + RO Data + RW Data)      84148 (  82.18kB)

==============================================================================

